../Core/Src/main.c:122:23:med3_local	3
../Core/Src/main.c:168:23:ema_step	2
../Core/Src/main.c:173:23:ema_step_i32	2
../Core/Src/main.c:178:23:clamp_dynamic	4
../Core/Src/main.c:188:23:three_axis_jump	4
../Core/Src/main.c:209:23:median5_push_get	7
../Core/Src/main.c:226:23:post_med3_push	2
../Core/Src/main.c:238:23:slew_limit	3
../Core/Src/main.c:246:23:iabs32	1
../Core/Src/main.c:249:20:spike_filter_apply_v	27
../Core/Src/main.c:361:6:HAL_UART_TxCpltCallback	2
../Core/Src/main.c:406:6:imu_config_setting	1
../Core/Src/main.c:621:6:Read_imu1	2
../Core/Src/main.c:678:6:vTaskLogger	2
../Core/Src/main.c:740:6:Read_imu2	2
../Core/Src/main.c:795:6:Read_imu3	2
../Core/Src/main.c:853:5:main	11
../Core/Src/main.c:976:6:SystemClock_Config	4
../Core/Src/main.c:1043:6:HAL_TIM_PeriodElapsedCallback	3
../Core/Src/main.c:1067:6:Error_Handler	1
