Archive member included to satisfy reference by file (symbol)

C:/ST/STM32CubeIDE_1.19.0/STM32CubeIDE/plugins/com.st.stm32cube.ide.mcu.externaltools.gnu-tools-for-stm32.13.3.rel1.win32_1.0.0.202411081344/tools/bin/../lib/gcc/arm-none-eabi/13.3.1/../../../../arm-none-eabi/lib/thumb/v7e-m+dp/hard\libc_nano.a(libc_a-exit.o)
                              C:/ST/STM32CubeIDE_1.19.0/STM32CubeIDE/plugins/com.st.stm32cube.ide.mcu.externaltools.gnu-tools-for-stm32.13.3.rel1.win32_1.0.0.202411081344/tools/bin/../lib/gcc/arm-none-eabi/13.3.1/../../../../arm-none-eabi/lib/thumb/v7e-m+dp/hard/crt0.o (exit)
C:/ST/STM32CubeIDE_1.19.0/STM32CubeIDE/plugins/com.st.stm32cube.ide.mcu.externaltools.gnu-tools-for-stm32.13.3.rel1.win32_1.0.0.202411081344/tools/bin/../lib/gcc/arm-none-eabi/13.3.1/../../../../arm-none-eabi/lib/thumb/v7e-m+dp/hard\libc_nano.a(libc_a-findfp.o)
                              ./Middlewares/Third_Party/FreeRTOS/tasks.o (__sf)
C:/ST/STM32CubeIDE_1.19.0/STM32CubeIDE/plugins/com.st.stm32cube.ide.mcu.externaltools.gnu-tools-for-stm32.13.3.rel1.win32_1.0.0.202411081344/tools/bin/../lib/gcc/arm-none-eabi/13.3.1/../../../../arm-none-eabi/lib/thumb/v7e-m+dp/hard\libc_nano.a(libc_a-fwalk.o)
                              C:/ST/STM32CubeIDE_1.19.0/STM32CubeIDE/plugins/com.st.stm32cube.ide.mcu.externaltools.gnu-tools-for-stm32.13.3.rel1.win32_1.0.0.202411081344/tools/bin/../lib/gcc/arm-none-eabi/13.3.1/../../../../arm-none-eabi/lib/thumb/v7e-m+dp/hard\libc_nano.a(libc_a-findfp.o) (_fwalk_sglue)
C:/ST/STM32CubeIDE_1.19.0/STM32CubeIDE/plugins/com.st.stm32cube.ide.mcu.externaltools.gnu-tools-for-stm32.13.3.rel1.win32_1.0.0.202411081344/tools/bin/../lib/gcc/arm-none-eabi/13.3.1/../../../../arm-none-eabi/lib/thumb/v7e-m+dp/hard\libc_nano.a(libc_a-snprintf.o)
                              ./Core/Src/main.o (snprintf)
C:/ST/STM32CubeIDE_1.19.0/STM32CubeIDE/plugins/com.st.stm32cube.ide.mcu.externaltools.gnu-tools-for-stm32.13.3.rel1.win32_1.0.0.202411081344/tools/bin/../lib/gcc/arm-none-eabi/13.3.1/../../../../arm-none-eabi/lib/thumb/v7e-m+dp/hard\libc_nano.a(libc_a-stdio.o)
                              C:/ST/STM32CubeIDE_1.19.0/STM32CubeIDE/plugins/com.st.stm32cube.ide.mcu.externaltools.gnu-tools-for-stm32.13.3.rel1.win32_1.0.0.202411081344/tools/bin/../lib/gcc/arm-none-eabi/13.3.1/../../../../arm-none-eabi/lib/thumb/v7e-m+dp/hard\libc_nano.a(libc_a-findfp.o) (__sread)
C:/ST/STM32CubeIDE_1.19.0/STM32CubeIDE/plugins/com.st.stm32cube.ide.mcu.externaltools.gnu-tools-for-stm32.13.3.rel1.win32_1.0.0.202411081344/tools/bin/../lib/gcc/arm-none-eabi/13.3.1/../../../../arm-none-eabi/lib/thumb/v7e-m+dp/hard\libc_nano.a(libc_a-memset.o)
                              C:/ST/STM32CubeIDE_1.19.0/STM32CubeIDE/plugins/com.st.stm32cube.ide.mcu.externaltools.gnu-tools-for-stm32.13.3.rel1.win32_1.0.0.202411081344/tools/bin/../lib/gcc/arm-none-eabi/13.3.1/../../../../arm-none-eabi/lib/thumb/v7e-m+dp/hard/crt0.o (memset)
C:/ST/STM32CubeIDE_1.19.0/STM32CubeIDE/plugins/com.st.stm32cube.ide.mcu.externaltools.gnu-tools-for-stm32.13.3.rel1.win32_1.0.0.202411081344/tools/bin/../lib/gcc/arm-none-eabi/13.3.1/../../../../arm-none-eabi/lib/thumb/v7e-m+dp/hard\libc_nano.a(libc_a-closer.o)
                              C:/ST/STM32CubeIDE_1.19.0/STM32CubeIDE/plugins/com.st.stm32cube.ide.mcu.externaltools.gnu-tools-for-stm32.13.3.rel1.win32_1.0.0.202411081344/tools/bin/../lib/gcc/arm-none-eabi/13.3.1/../../../../arm-none-eabi/lib/thumb/v7e-m+dp/hard\libc_nano.a(libc_a-stdio.o) (_close_r)
C:/ST/STM32CubeIDE_1.19.0/STM32CubeIDE/plugins/com.st.stm32cube.ide.mcu.externaltools.gnu-tools-for-stm32.13.3.rel1.win32_1.0.0.202411081344/tools/bin/../lib/gcc/arm-none-eabi/13.3.1/../../../../arm-none-eabi/lib/thumb/v7e-m+dp/hard\libc_nano.a(libc_a-reent.o)
                              ./Middlewares/Third_Party/FreeRTOS/tasks.o (_reclaim_reent)
C:/ST/STM32CubeIDE_1.19.0/STM32CubeIDE/plugins/com.st.stm32cube.ide.mcu.externaltools.gnu-tools-for-stm32.13.3.rel1.win32_1.0.0.202411081344/tools/bin/../lib/gcc/arm-none-eabi/13.3.1/../../../../arm-none-eabi/lib/thumb/v7e-m+dp/hard\libc_nano.a(libc_a-impure.o)
                              ./Middlewares/Third_Party/FreeRTOS/tasks.o (_impure_ptr)
C:/ST/STM32CubeIDE_1.19.0/STM32CubeIDE/plugins/com.st.stm32cube.ide.mcu.externaltools.gnu-tools-for-stm32.13.3.rel1.win32_1.0.0.202411081344/tools/bin/../lib/gcc/arm-none-eabi/13.3.1/../../../../arm-none-eabi/lib/thumb/v7e-m+dp/hard\libc_nano.a(libc_a-lseekr.o)
                              C:/ST/STM32CubeIDE_1.19.0/STM32CubeIDE/plugins/com.st.stm32cube.ide.mcu.externaltools.gnu-tools-for-stm32.13.3.rel1.win32_1.0.0.202411081344/tools/bin/../lib/gcc/arm-none-eabi/13.3.1/../../../../arm-none-eabi/lib/thumb/v7e-m+dp/hard\libc_nano.a(libc_a-stdio.o) (_lseek_r)
[...]
Memory Configuration

Name             Origin             Length             Attributes
RAM_D1           0x24000000         0x00080000         xrw
FLASH            0x08000000         0x00100000         xr
DTCMRAM          0x20000000         0x00020000         xrw
RAM_D2           0x30000000         0x00048000         xrw
RAM_D3           0x38000000         0x00010000         xrw
ITCMRAM          0x00000000         0x00010000         xrw
*default*        0x00000000         0xffffffff

Linker script and memory map

LOAD C:/ST/STM32CubeIDE_1.19.0/STM32CubeIDE/plugins/com.st.stm32cube.ide.mcu.externaltools.gnu-tools-for-stm32.13.3.rel1.win32_1.0.0.202411081344/tools/bin/../lib/gcc/arm-none-eabi/13.3.1/thumb/v7e-m+dp/hard/crti.o
LOAD C:/ST/STM32CubeIDE_1.19.0/STM32CubeIDE/plugins/com.st.stm32cube.ide.mcu.externaltools.gnu-tools-for-stm32.13.3.rel1.win32_1.0.0.202411081344/tools/bin/../lib/gcc/arm-none-eabi/13.3.1/thumb/v7e-m+dp/hard/crtbegin.o
LOAD C:/ST/STM32CubeIDE_1.19.0/STM32CubeIDE/plugins/com.st.stm32cube.ide.mcu.externaltools.gnu-tools-for-stm32.13.3.rel1.win32_1.0.0.202411081344/tools/bin/../lib/gcc/arm-none-eabi/13.3.1/../../../../arm-none-eabi/lib/thumb/v7e-m+dp/hard/crt0.o
LOAD ./Common/Src/system_stm32h7xx_dualcore_boot_cm4_cm7.o
LOAD ./Core/Src/dma.o
LOAD ./Core/Src/freertos.o
LOAD ./Core/Src/gpio.o
LOAD ./Core/Src/main.o
LOAD ./Core/Src/spi.o
LOAD ./Core/Src/stm32h7xx_hal_msp.o
LOAD ./Core/Src/stm32h7xx_hal_timebase_tim.o
LOAD ./Core/Src/stm32h7xx_it.o
LOAD ./Core/Src/syscalls.o
LOAD ./Core/Src/sysmem.o
LOAD ./Core/Src/tim.o
LOAD ./Core/Src/usart.o
LOAD ./Core/Startup/startup_stm32h755zitx.o
LOAD ./Drivers/BSP/STM32H7xx_Nucleo/stm32h7xx_nucleo.o
LOAD ./Drivers/STM32H7xx_HAL_Driver/stm32h7xx_hal.o
LOAD ./Drivers/STM32H7xx_HAL_Driver/stm32h7xx_hal_cortex.o
LOAD ./Drivers/STM32H7xx_HAL_Driver/stm32h7xx_hal_dma.o
LOAD ./Drivers/STM32H7xx_HAL_Driver/stm32h7xx_hal_dma_ex.o
LOAD ./Drivers/STM32H7xx_HAL_Driver/stm32h7xx_hal_exti.o
LOAD ./Drivers/STM32H7xx_HAL_Driver/stm32h7xx_hal_flash.o
LOAD ./Drivers/STM32H7xx_HAL_Driver/stm32h7xx_hal_flash_ex.o
LOAD ./Drivers/STM32H7xx_HAL_Driver/stm32h7xx_hal_gpio.o
LOAD ./Drivers/STM32H7xx_HAL_Driver/stm32h7xx_hal_hsem.o
LOAD ./Drivers/STM32H7xx_HAL_Driver/stm32h7xx_hal_i2c.o
LOAD ./Drivers/STM32H7xx_HAL_Driver/stm32h7xx_hal_i2c_ex.o
LOAD ./Drivers/STM32H7xx_HAL_Driver/stm32h7xx_hal_mdma.o
LOAD ./Drivers/STM32H7xx_HAL_Driver/stm32h7xx_hal_pwr.o
LOAD ./Drivers/STM32H7xx_HAL_Driver/stm32h7xx_hal_pwr_ex.o
LOAD ./Drivers/STM32H7xx_HAL_Driver/stm32h7xx_hal_rcc.o
LOAD ./Drivers/STM32H7xx_HAL_Driver/stm32h7xx_hal_rcc_ex.o
LOAD ./Drivers/STM32H7xx_HAL_Driver/stm32h7xx_hal_spi.o
LOAD ./Drivers/STM32H7xx_HAL_Driver/stm32h7xx_hal_spi_ex.o
LOAD ./Drivers/STM32H7xx_HAL_Driver/stm32h7xx_hal_tim.o
LOAD ./Drivers/STM32H7xx_HAL_Driver/stm32h7xx_hal_tim_ex.o
LOAD ./Drivers/STM32H7xx_HAL_Driver/stm32h7xx_hal_uart.o
LOAD ./Drivers/STM32H7xx_HAL_Driver/stm32h7xx_hal_uart_ex.o
LOAD ./Drivers/STM32H7xx_HAL_Driver/stm32h7xx_hal_usart.o
LOAD ./Drivers/STM32H7xx_HAL_Driver/stm32h7xx_hal_usart_ex.o
LOAD ./Middlewares/Third_Party/FreeRTOS/cmsis_os.o
LOAD ./Middlewares/Third_Party/FreeRTOS/croutine.o
LOAD ./Middlewares/Third_Party/FreeRTOS/event_groups.o
LOAD ./Middlewares/Third_Party/FreeRTOS/heap_4.o
LOAD ./Middlewares/Third_Party/FreeRTOS/list.o
LOAD ./Middlewares/Third_Party/FreeRTOS/port.o
LOAD ./Middlewares/Third_Party/FreeRTOS/queue.o
LOAD ./Middlewares/Third_Party/FreeRTOS/stream_buffer.o
LOAD ./Middlewares/Third_Party/FreeRTOS/tasks.o
LOAD ./Middlewares/Third_Party/FreeRTOS/timers.o
START GROUP
LOAD C:/ST/STM32CubeIDE_1.19.0/STM32CubeIDE/plugins/com.st.stm32cube.ide.mcu.externaltools.gnu-tools-for-stm32.13.3.rel1.win32_1.0.0.202411081344/tools/bin/../lib/gcc/arm-none-eabi/13.3.1/../../../../arm-none-eabi/lib/thumb/v7e-m+dp/hard\libc_nano.a
LOAD C:/ST/STM32CubeIDE_1.19.0/STM32CubeIDE/plugins/com.st.stm32cube.ide.mcu.externaltools.gnu-tools-for-stm32.13.3.rel1.win32_1.0.0.202411081344/tools/bin/../lib/gcc/arm-none-eabi/13.3.1/../../../../arm-none-eabi/lib/thumb/v7e-m+dp/hard\libm.a
END GROUP
START GROUP
LOAD C:/ST/STM32CubeIDE_1.19.0/STM32CubeIDE/plugins/com.st.stm32cube.ide.mcu.externaltools.gnu-tools-for-stm32.13.3.rel1.win32_1.0.0.202411081344/tools/bin/../lib/gcc/arm-none-eabi/13.3.1/thumb/v7e-m+dp/hard\libgcc.a
LOAD C:/ST/STM32CubeIDE_1.19.0/STM32CubeIDE/plugins/com.st.stm32cube.ide.mcu.externaltools.gnu-tools-for-stm32.13.3.rel1.win32_1.0.0.202411081344/tools/bin/../lib/gcc/arm-none-eabi/13.3.1/../../../../arm-none-eabi/lib/thumb/v7e-m+dp/hard\libc_nano.a
END GROUP
START GROUP
LOAD C:/ST/STM32CubeIDE_1.19.0/STM32CubeIDE/plugins/com.st.stm32cube.ide.mcu.externaltools.gnu-tools-for-stm32.13.3.rel1.win32_1.0.0.202411081344/tools/bin/../lib/gcc/arm-none-eabi/13.3.1/thumb/v7e-m+dp/hard\libgcc.a
LOAD C:/ST/STM32CubeIDE_1.19.0/STM32CubeIDE/plugins/com.st.stm32cube.ide.mcu.externaltools.gnu-tools-for-stm32.13.3.rel1.win32_1.0.0.202411081344/tools/bin/../lib/gcc/arm-none-eabi/13.3.1/../../../../arm-none-eabi/lib/thumb/v7e-m+dp/hard\libc_nano.a
LOAD C:/ST/STM32CubeIDE_1.19.0/STM32CubeIDE/plugins/com.st.stm32cube.ide.mcu.externaltools.gnu-tools-for-stm32.13.3.rel1.win32_1.0.0.202411081344/tools/bin/../lib/gcc/arm-none-eabi/13.3.1/../../../../arm-none-eabi/lib/thumb/v7e-m+dp/hard\libnosys.a
END GROUP
START GROUP
LOAD C:/ST/STM32CubeIDE_1.19.0/STM32CubeIDE/plugins/com.st.stm32cube.ide.mcu.externaltools.gnu-tools-for-stm32.13.3.rel1.win32_1.0.0.202411081344/tools/bin/../lib/gcc/arm-none-eabi/13.3.1/thumb/v7e-m+dp/hard\libgcc.a
LOAD C:/ST/STM32CubeIDE_1.19.0/STM32CubeIDE/plugins/com.st.stm32cube.ide.mcu.externaltools.gnu-tools-for-stm32.13.3.rel1.win32_1.0.0.202411081344/tools/bin/../lib/gcc/arm-none-eabi/13.3.1/../../../../arm-none-eabi/lib/thumb/v7e-m+dp/hard\libc_nano.a
LOAD C:/ST/STM32CubeIDE_1.19.0/STM32CubeIDE/plugins/com.st.stm32cube.ide.mcu.externaltools.gnu-tools-for-stm32.13.3.rel1.win32_1.0.0.202411081344/tools/bin/../lib/gcc/arm-none-eabi/13.3.1/../../../../arm-none-eabi/lib/thumb/v7e-m+dp/hard\libnosys.a
END GROUP
LOAD C:/ST/STM32CubeIDE_1.19.0/STM32CubeIDE/plugins/com.st.stm32cube.ide.mcu.externaltools.gnu-tools-for-stm32.13.3.rel1.win32_1.0.0.202411081344/tools/bin/../lib/gcc/arm-none-eabi/13.3.1/thumb/v7e-m+dp/hard/crtend.o
LOAD C:/ST/STM32CubeIDE_1.19.0/STM32CubeIDE/plugins/com.st.stm32cube.ide.mcu.externaltools.gnu-tools-for-stm32.13.3.rel1.win32_1.0.0.202411081344/tools/bin/../lib/gcc/arm-none-eabi/13.3.1/thumb/v7e-m+dp/hard/crtn.o
                0x24080000                        _estack = (ORIGIN (RAM_D1) + LENGTH (RAM_D1))
                0x00000800                        _Min_Heap_Size = 0x800
                0x00000800                        _Min_Stack_Size = 0x800

.isr_vector     0x08000000      0x298
                0x08000000                        . = ALIGN (0x4)
 *(.isr_vector)
 .isr_vector    0x08000000      0x298 ./Core/Startup/startup_stm32h755zitx.o
                0x08000000                g_pfnVectors
                0x08000298                        . = ALIGN (0x4)

.text           0x080002a0    0x10568
                0x080002a0                        . = ALIGN (0x4)
 *(.text)
 .text          0x080002a0       0x40 C:/ST/STM32CubeIDE_1.19.0/STM32CubeIDE/plugins/com.st.stm32cube.ide.mcu.externaltools.gnu-tools-for-stm32.13.3.rel1.win32_1.0.0.202411081344/tools/bin/../lib/gcc/arm-none-eabi/13.3.1/thumb/v7e-m+dp/hard/crtbegin.o
 .text          0x080002e0       0xa0 C:/ST/STM32CubeIDE_1.19.0/STM32CubeIDE/plugins/com.st.stm32cube.ide.mcu.externaltools.gnu-tools-for-stm32.13.3.rel1.win32_1.0.0.202411081344/tools/bin/../lib/gcc/arm-none-eabi/13.3.1/../../../../arm-none-eabi/lib/thumb/v7e-m+dp/hard\libc_nano.a(libc_a-memchr.o)
                0x080002e0                memchr
 .text          0x08000380       0x30 C:/ST/STM32CubeIDE_1.19.0/STM32CubeIDE/plugins/com.st.stm32cube.ide.mcu.externaltools.gnu-tools-for-stm32.13.3.rel1.win32_1.0.0.202411081344/tools/bin/../lib/gcc/arm-none-eabi/13.3.1/thumb/v7e-m+dp/hard\libgcc.a(_aeabi_uldivmod.o)
                0x08000380                __aeabi_uldivmod
 .text          0x080003b0      0x2f8 C:/ST/STM32CubeIDE_1.19.0/STM32CubeIDE/plugins/com.st.stm32cube.ide.mcu.externaltools.gnu-tools-for-stm32.13.3.rel1.win32_1.0.0.202411081344/tools/bin/../lib/gcc/arm-none-eabi/13.3.1/thumb/v7e-m+dp/hard\libgcc.a(_udivmoddi4.o)
                0x080003b0                __udivmoddi4
 .text          0x080006a8        0x4 C:/ST/STM32CubeIDE_1.19.0/STM32CubeIDE/plugins/com.st.stm32cube.ide.mcu.externaltools.gnu-tools-for-stm32.13.3.rel1.win32_1.0.0.202411081344/tools/bin/../lib/gcc/arm-none-eabi/13.3.1/thumb/v7e-m+dp/hard\libgcc.a(_dvmd_tls.o)
                0x080006a8                __aeabi_idiv0
                0x080006a8                __aeabi_ldiv0
 *(.text*)
 .text.SystemInit
                0x080006ac      0x15c ./Common/Src/system_stm32h7xx_dualcore_boot_cm4_cm7.o
                0x080006ac                SystemInit
 .text.ExitRun0Mode
                0x08000808       0x34 ./Common/Src/system_stm32h7xx_dualcore_boot_cm4_cm7.o
                0x08000808                ExitRun0Mode
 .text.MX_DMA_Init
                0x0800083c       0x50 ./Core/Src/dma.o
                0x0800083c                MX_DMA_Init
 .text.vApplicationGetIdleTaskMemory
                0x0800088c       0x34 ./Core/Src/freertos.o
                0x0800088c                vApplicationGetIdleTaskMemory
 .text.MX_FREERTOS_Init
                0x080008c0       0x38 ./Core/Src/freertos.o
                0x080008c0                MX_FREERTOS_Init
 .text.StartDefaultTask
                0x080008f8       0x10 ./Core/Src/freertos.o
                0x080008f8                StartDefaultTask
 .text.HAL_GPIO_EXTI_Callback
                0x08000908       0x9c ./Core/Src/gpio.o
                0x08000908                HAL_GPIO_EXTI_Callback
 .text.MX_GPIO_Init
                0x080009a4      0x158 ./Core/Src/gpio.o
                0x080009a4                MX_GPIO_Init
 .text.med3_local
                0x08000afc       0x5a ./Core/Src/main.o
 .text.ema_step
                0x08000b56       0x36 ./Core/Src/main.o
 .text.ema_step_i32
                0x08000b8c       0x80 ./Core/Src/main.o
 .text.clamp_dynamic
                0x08000c0c       0x5a ./Core/Src/main.o
 .text.three_axis_jump
                0x08000c66       0x78 ./Core/Src/main.o
 .text.median5_push_get
                0x08000cde      0x116 ./Core/Src/main.o
 .text.post_med3_push
                0x08000df4      0x184 ./Core/Src/main.o
 .text.slew_limit
                0x08000f78       0x5c ./Core/Src/main.o
 .text.iabs32   0x08000fd4       0x1c ./Core/Src/main.o
 .text.spike_filter_apply_v
                0x08000ff0      0xc78 ./Core/Src/main.o
 .text.HAL_UART_TxCpltCallback
                0x08001c68       0x2c ./Core/Src/main.o
                0x08001c68                HAL_UART_TxCpltCallback
 .text.imu_config_setting
                0x08001c94      0x6fc ./Core/Src/main.o
                0x08001c94                imu_config_setting
 .text.Read_imu1
                0x08002390      0x210 ./Core/Src/main.o
                0x08002390                Read_imu1
 .text.vTaskLogger
                0x080025a0      0x274 ./Core/Src/main.o
                0x080025a0                vTaskLogger
 .text.Read_imu2
                0x08002814      0x210 ./Core/Src/main.o
                0x08002814                Read_imu2
 .text.Read_imu3
                0x08002a24      0x12c ./Core/Src/main.o
                0x08002a24                Read_imu3
 .text.main     0x08002b50      0x204 ./Core/Src/main.o
                0x08002b50                main
 .text.SystemClock_Config
                0x08002d54       0xfc ./Core/Src/main.o
                0x08002d54                SystemClock_Config
 .text.HAL_TIM_PeriodElapsedCallback
                0x08002e50       0x48 ./Core/Src/main.o
                0x08002e50                HAL_TIM_PeriodElapsedCallback
 .text.Error_Handler
                0x08002e98        0xc ./Core/Src/main.o
                0x08002e98                Error_Handler
 .text.MX_SPI1_Init
                0x08002ea4       0xac ./Core/Src/spi.o
                0x08002ea4                MX_SPI1_Init
 .text.MX_SPI2_Init
                0x08002f50       0xac ./Core/Src/spi.o
                0x08002f50                MX_SPI2_Init
 .text.MX_SPI3_Init
                0x08002ffc       0xac ./Core/Src/spi.o
                0x08002ffc                MX_SPI3_Init
 .text.HAL_SPI_MspInit
                0x080030a8      0x398 ./Core/Src/spi.o
                0x080030a8                HAL_SPI_MspInit
 .text.HAL_MspInit
                0x08003440       0x3c ./Core/Src/stm32h7xx_hal_msp.o
                0x08003440                HAL_MspInit
 .text.HAL_InitTick
                0x0800347c       0xc4 ./Core/Src/stm32h7xx_hal_timebase_tim.o
                0x0800347c                HAL_InitTick
 .text.NMI_Handler
                0x08003540        0x8 ./Core/Src/stm32h7xx_it.o
                0x08003540                NMI_Handler
 .text.HardFault_Handler
                0x08003548        0x8 ./Core/Src/stm32h7xx_it.o
                0x08003548                HardFault_Handler
 .text.MemManage_Handler
                0x08003550        0x8 ./Core/Src/stm32h7xx_it.o
                0x08003550                MemManage_Handler
 .text.BusFault_Handler
                0x08003558        0x8 ./Core/Src/stm32h7xx_it.o
                0x08003558                BusFault_Handler
 .text.UsageFault_Handler
                0x08003560        0x8 ./Core/Src/stm32h7xx_it.o
                0x08003560                UsageFault_Handler
 .text.DebugMon_Handler
                0x08003568        0xe ./Core/Src/stm32h7xx_it.o
                0x08003568                DebugMon_Handler
 .text.EXTI0_IRQHandler
                0x08003576        0xe ./Core/Src/stm32h7xx_it.o
                0x08003576                EXTI0_IRQHandler
 .text.DMA1_Stream0_IRQHandler
                0x08003584       0x14 ./Core/Src/stm32h7xx_it.o
                0x08003584                DMA1_Stream0_IRQHandler
 .text.DMA1_Stream1_IRQHandler
                0x08003598       0x14 ./Core/Src/stm32h7xx_it.o
                0x08003598                DMA1_Stream1_IRQHandler
 .text.TIM1_UP_IRQHandler
                0x080035ac       0x14 ./Core/Src/stm32h7xx_it.o
                0x080035ac                TIM1_UP_IRQHandler
 .text.USART1_IRQHandler
                0x080035c0       0x14 ./Core/Src/stm32h7xx_it.o
                0x080035c0                USART1_IRQHandler
 .text.TIM6_DAC_IRQHandler
                0x080035d4       0x14 ./Core/Src/stm32h7xx_it.o
                0x080035d4                TIM6_DAC_IRQHandler
 .text._times   0x080035e8       0x18 ./Core/Src/syscalls.o
                0x080035e8                _times
 .text._sbrk    0x08003600       0x6c ./Core/Src/sysmem.o
                0x08003600                _sbrk
 .text.MX_TIM3_Init
                0x0800366c       0xf0 ./Core/Src/tim.o
                0x0800366c                MX_TIM3_Init
 .text.MX_TIM6_Init
                0x0800375c       0x6c ./Core/Src/tim.o
                0x0800375c                MX_TIM6_Init
 .text.HAL_TIM_Base_MspInit
                0x080037c8       0x80 ./Core/Src/tim.o
                0x080037c8                HAL_TIM_Base_MspInit
 .text.HAL_TIM_MspPostInit
                0x08003848       0x74 ./Core/Src/tim.o
                0x08003848                HAL_TIM_MspPostInit
 .text.MX_USART1_UART_Init
                0x080038bc       0x98 ./Core/Src/usart.o
                0x080038bc                MX_USART1_UART_Init
 .text.HAL_UART_MspInit
                0x08003954      0x1d4 ./Core/Src/usart.o
                0x08003954                HAL_UART_MspInit
 .text.Reset_Handler
                0x08003b28       0x54 ./Core/Startup/startup_stm32h755zitx.o
                0x08003b28                Reset_Handler
 .text.Default_Handler
                0x08003b7c        0x2 ./Core/Startup/startup_stm32h755zitx.o
                0x08003b7c                RTC_Alarm_IRQHandler
                0x08003b7c                HASH_RNG_IRQHandler
                0x08003b7c                EXTI2_IRQHandler
                0x08003b7c                TIM8_CC_IRQHandler
                0x08003b7c                HRTIM1_Master_IRQHandler
                0x08003b7c                UART8_IRQHandler
                0x08003b7c                SPI4_IRQHandler
                0x08003b7c                TIM1_CC_IRQHandler
                0x08003b7c                BDMA_Channel6_IRQHandler
                0x08003b7c                DMA2_Stream5_IRQHandler
                0x08003b7c                HRTIM1_FLT_IRQHandler
                0x08003b7c                JPEG_IRQHandler
                0x08003b7c                DMA1_Stream5_IRQHandler
                0x08003b7c                BDMA_Channel1_IRQHandler
                0x08003b7c                HRTIM1_TIMD_IRQHandler
                0x08003b7c                TAMP_STAMP_IRQHandler
                0x08003b7c                EXTI3_IRQHandler
                0x08003b7c                LPTIM4_IRQHandler
                0x08003b7c                TIM8_TRG_COM_TIM14_IRQHandler
                0x08003b7c                LPTIM2_IRQHandler
                0x08003b7c                DFSDM1_FLT1_IRQHandler
                0x08003b7c                DMAMUX2_OVR_IRQHandler
                0x08003b7c                TIM8_UP_TIM13_IRQHandler
                0x08003b7c                I2C3_ER_IRQHandler
                0x08003b7c                DFSDM1_FLT2_IRQHandler
                0x08003b7c                MDMA_IRQHandler
                0x08003b7c                LPTIM3_IRQHandler
                0x08003b7c                HSEM1_IRQHandler
                0x08003b7c                I2C2_EV_IRQHandler
                0x08003b7c                DMA1_Stream2_IRQHandler
                0x08003b7c                FPU_IRQHandler
                0x08003b7c                OTG_HS_WKUP_IRQHandler
                0x08003b7c                FDCAN1_IT1_IRQHandler
                0x08003b7c                LTDC_ER_IRQHandler
                0x08003b7c                DMA2_Stream2_IRQHandler
                0x08003b7c                HRTIM1_TIME_IRQHandler
                0x08003b7c                SPI1_IRQHandler
                0x08003b7c                DCMI_IRQHandler
                0x08003b7c                HRTIM1_TIMC_IRQHandler
                0x08003b7c                DMA2_Stream3_IRQHandler
                0x08003b7c                SAI2_IRQHandler
                0x08003b7c                DFSDM1_FLT3_IRQHandler
                0x08003b7c                USART6_IRQHandler
                0x08003b7c                TIM17_IRQHandler
                0x08003b7c                USART3_IRQHandler
                0x08003b7c                BDMA_Channel7_IRQHandler
                0x08003b7c                CRYP_IRQHandler
                0x08003b7c                LPTIM5_IRQHandler
                0x08003b7c                UART5_IRQHandler
                0x08003b7c                ADC3_IRQHandler
                0x08003b7c                DMA2_Stream0_IRQHandler
                0x08003b7c                TIM4_IRQHandler
                0x08003b7c                BDMA_Channel2_IRQHandler
                0x08003b7c                QUADSPI_IRQHandler
                0x08003b7c                I2C1_EV_IRQHandler
                0x08003b7c                DMA1_Stream6_IRQHandler
                0x08003b7c                DMAMUX1_OVR_IRQHandler
                0x08003b7c                TIM16_IRQHandler
                0x08003b7c                UART4_IRQHandler
                0x08003b7c                BDMA_Channel5_IRQHandler
                0x08003b7c                TIM3_IRQHandler
                0x08003b7c                RCC_IRQHandler
                0x08003b7c                TIM8_BRK_TIM12_IRQHandler
                0x08003b7c                TIM1_TRG_COM_IRQHandler
                0x08003b7c                Default_Handler
                0x08003b7c                ECC_IRQHandler
                0x08003b7c                CEC_IRQHandler
                0x08003b7c                EXTI15_10_IRQHandler
                0x08003b7c                BDMA_Channel0_IRQHandler
                0x08003b7c                ADC_IRQHandler
                0x08003b7c                DMA1_Stream7_IRQHandler
                0x08003b7c                HRTIM1_TIMA_IRQHandler
                0x08003b7c                SPI5_IRQHandler
                0x08003b7c                TIM7_IRQHandler
                0x08003b7c                SDMMC1_IRQHandler
                0x08003b7c                TIM5_IRQHandler
                0x08003b7c                DMA2_Stream7_IRQHandler
                0x08003b7c                TIM15_IRQHandler
                0x08003b7c                PVD_AVD_IRQHandler
                0x08003b7c                I2C3_EV_IRQHandler
                0x08003b7c                EXTI9_5_IRQHandler
                0x08003b7c                RTC_WKUP_IRQHandler
                0x08003b7c                LTDC_IRQHandler
                0x08003b7c                SAI3_IRQHandler
                0x08003b7c                ETH_WKUP_IRQHandler
                0x08003b7c                SPDIF_RX_IRQHandler
                0x08003b7c                SPI2_IRQHandler
                0x08003b7c                OTG_HS_EP1_IN_IRQHandler
                0x08003b7c                CRS_IRQHandler
                0x08003b7c                CM7_SEV_IRQHandler
                0x08003b7c                EXTI4_IRQHandler
                0x08003b7c                CM4_SEV_IRQHandler
                0x08003b7c                HRTIM1_TIMB_IRQHandler
                0x08003b7c                FDCAN2_IT1_IRQHandler
                0x08003b7c                ETH_IRQHandler
                0x08003b7c                WWDG_RST_IRQHandler
                0x08003b7c                BDMA_Channel4_IRQHandler
                0x08003b7c                OTG_HS_EP1_OUT_IRQHandler
                0x08003b7c                WWDG_IRQHandler
                0x08003b7c                SPI6_IRQHandler
                0x08003b7c                MDIOS_IRQHandler
                0x08003b7c                I2C4_EV_IRQHandler
                0x08003b7c                FDCAN2_IT0_IRQHandler
                0x08003b7c                LPUART1_IRQHandler
                0x08003b7c                FDCAN1_IT0_IRQHandler
                0x08003b7c                TIM2_IRQHandler
                0x08003b7c                OTG_FS_WKUP_IRQHandler
                0x08003b7c                OTG_HS_IRQHandler
                0x08003b7c                HSEM2_IRQHandler
                0x08003b7c                DMA2D_IRQHandler
                0x08003b7c                TIM1_BRK_IRQHandler
                0x08003b7c                EXTI1_IRQHandler
                0x08003b7c                SDMMC2_IRQHandler
                0x08003b7c                OTG_FS_EP1_OUT_IRQHandler
                0x08003b7c                BDMA_Channel3_IRQHandler
                0x08003b7c                HOLD_CORE_IRQHandler
                0x08003b7c                UART7_IRQHandler
                0x08003b7c                MDIOS_WKUP_IRQHandler
                0x08003b7c                USART2_IRQHandler
                0x08003b7c                DFSDM1_FLT0_IRQHandler
                0x08003b7c                SAI4_IRQHandler
                0x08003b7c                I2C2_ER_IRQHandler
                0x08003b7c                DMA2_Stream1_IRQHandler
                0x08003b7c                FLASH_IRQHandler
                0x08003b7c                DMA2_Stream4_IRQHandler
                0x08003b7c                OTG_FS_IRQHandler
                0x08003b7c                SPI3_IRQHandler
                0x08003b7c                WAKEUP_PIN_IRQHandler
                0x08003b7c                DMA1_Stream4_IRQHandler
                0x08003b7c                OTG_FS_EP1_IN_IRQHandler
                0x08003b7c                I2C1_ER_IRQHandler
                0x08003b7c                FMC_IRQHandler
                0x08003b7c                FDCAN_CAL_IRQHandler
                0x08003b7c                SWPMI1_IRQHandler
                0x08003b7c                COMP1_IRQHandler
                0x08003b7c                LPTIM1_IRQHandler
                0x08003b7c                I2C4_ER_IRQHandler
                0x08003b7c                DMA2_Stream6_IRQHandler
                0x08003b7c                SAI1_IRQHandler
                0x08003b7c                DMA1_Stream3_IRQHandler
 *fill*         0x08003b7e        0x2 
 .text.BSP_COM_Init
                0x08003b80       0x60 ./Drivers/BSP/STM32H7xx_Nucleo/stm32h7xx_nucleo.o
                0x08003b80                BSP_COM_Init
 .text.MX_USART3_Init
                0x08003be0       0x64 ./Drivers/BSP/STM32H7xx_Nucleo/stm32h7xx_nucleo.o
                0x08003be0                MX_USART3_Init
 .text.COM1_MspInit
                0x08003c44       0xb0 ./Drivers/BSP/STM32H7xx_Nucleo/stm32h7xx_nucleo.o
 .text.HAL_Init
                0x08003cf4       0x78 ./Drivers/STM32H7xx_HAL_Driver/stm32h7xx_hal.o
                0x08003cf4                HAL_Init
 .text.HAL_IncTick
                0x08003d6c       0x28 ./Drivers/STM32H7xx_HAL_Driver/stm32h7xx_hal.o
                0x08003d6c                HAL_IncTick
 .text.HAL_GetTick
                0x08003d94       0x18 ./Drivers/STM32H7xx_HAL_Driver/stm32h7xx_hal.o
                0x08003d94                HAL_GetTick
 .text.HAL_GetREVID
                0x08003dac       0x18 ./Drivers/STM32H7xx_HAL_Driver/stm32h7xx_hal.o
                0x08003dac                HAL_GetREVID
 .text.__NVIC_SetPriorityGrouping
                0x08003dc4       0x48 ./Drivers/STM32H7xx_HAL_Driver/stm32h7xx_hal_cortex.o
 .text.__NVIC_GetPriorityGrouping
                0x08003e0c       0x1c ./Drivers/STM32H7xx_HAL_Driver/stm32h7xx_hal_cortex.o
 .text.__NVIC_EnableIRQ
                0x08003e28       0x3c ./Drivers/STM32H7xx_HAL_Driver/stm32h7xx_hal_cortex.o
 .text.__NVIC_SetPriority
                0x08003e64       0x54 ./Drivers/STM32H7xx_HAL_Driver/stm32h7xx_hal_cortex.o
 .text.NVIC_EncodePriority
                0x08003eb8       0x66 ./Drivers/STM32H7xx_HAL_Driver/stm32h7xx_hal_cortex.o
 .text.HAL_NVIC_SetPriorityGrouping
                0x08003f1e       0x16 ./Drivers/STM32H7xx_HAL_Driver/stm32h7xx_hal_cortex.o
                0x08003f1e                HAL_NVIC_SetPriorityGrouping
 .text.HAL_NVIC_SetPriority
                0x08003f34       0x34 ./Drivers/STM32H7xx_HAL_Driver/stm32h7xx_hal_cortex.o
                0x08003f34                HAL_NVIC_SetPriority
 .text.HAL_NVIC_EnableIRQ
                0x08003f68       0x1c ./Drivers/STM32H7xx_HAL_Driver/stm32h7xx_hal_cortex.o
                0x08003f68                HAL_NVIC_EnableIRQ
 .text.HAL_DMA_Init
                0x08003f84      0x6b8 ./Drivers/STM32H7xx_HAL_Driver/stm32h7xx_hal_dma.o
                0x08003f84                HAL_DMA_Init
 .text.HAL_DMA_Start_IT
                0x0800463c      0x4d4 ./Drivers/STM32H7xx_HAL_Driver/stm32h7xx_hal_dma.o
                0x0800463c                HAL_DMA_Start_IT
 .text.HAL_DMA_Abort
                0x08004b10      0x63c ./Drivers/STM32H7xx_HAL_Driver/stm32h7xx_hal_dma.o
                0x08004b10                HAL_DMA_Abort
 .text.HAL_DMA_Abort_IT
                0x0800514c      0x48c ./Drivers/STM32H7xx_HAL_Driver/stm32h7xx_hal_dma.o
                0x0800514c                HAL_DMA_Abort_IT
 .text.HAL_DMA_IRQHandler
                0x080055d8      0xe54 ./Drivers/STM32H7xx_HAL_Driver/stm32h7xx_hal_dma.o
                0x080055d8                HAL_DMA_IRQHandler
 .text.DMA_SetConfig
                0x0800642c      0x358 ./Drivers/STM32H7xx_HAL_Driver/stm32h7xx_hal_dma.o
 .text.DMA_CalcBaseAndBitshift
                0x08006784      0x164 ./Drivers/STM32H7xx_HAL_Driver/stm32h7xx_hal_dma.o
 .text.DMA_CheckFifoParam
                0x080068e8       0xf8 ./Drivers/STM32H7xx_HAL_Driver/stm32h7xx_hal_dma.o
 .text.DMA_CalcDMAMUXChannelBaseAndMask
                0x080069e0      0x134 ./Drivers/STM32H7xx_HAL_Driver/stm32h7xx_hal_dma.o
 .text.DMA_CalcDMAMUXRequestGenBaseAndMask
                0x08006b14       0xe8 ./Drivers/STM32H7xx_HAL_Driver/stm32h7xx_hal_dma.o
 .text.HAL_GPIO_Init
                0x08006bfc      0x360 ./Drivers/STM32H7xx_HAL_Driver/stm32h7xx_hal_gpio.o
                0x08006bfc                HAL_GPIO_Init
 .text.HAL_GPIO_WritePin
                0x08006f5c       0x32 ./Drivers/STM32H7xx_HAL_Driver/stm32h7xx_hal_gpio.o
                0x08006f5c                HAL_GPIO_WritePin
 .text.HAL_GPIO_EXTI_IRQHandler
                0x08006f8e       0x34 ./Drivers/STM32H7xx_HAL_Driver/stm32h7xx_hal_gpio.o
                0x08006f8e                HAL_GPIO_EXTI_IRQHandler
 *fill*         0x08006fc2        0x2 
 .text.HAL_HSEM_FastTake
                0x08006fc4       0x34 ./Drivers/STM32H7xx_HAL_Driver/stm32h7xx_hal_hsem.o
                0x08006fc4                HAL_HSEM_FastTake
 .text.HAL_HSEM_Release
                0x08006ff8       0x28 ./Drivers/STM32H7xx_HAL_Driver/stm32h7xx_hal_hsem.o
                0x08006ff8                HAL_HSEM_Release
 .text.HAL_PWREx_ConfigSupply
                0x08007020       0xb4 ./Drivers/STM32H7xx_HAL_Driver/stm32h7xx_hal_pwr_ex.o
                0x08007020                HAL_PWREx_ConfigSupply
 .text.HAL_RCC_OscConfig
                0x080070d4      0x8b4 ./Drivers/STM32H7xx_HAL_Driver/stm32h7xx_hal_rcc.o
                0x080070d4                HAL_RCC_OscConfig
 .text.HAL_RCC_ClockConfig
                0x08007988      0x36c ./Drivers/STM32H7xx_HAL_Driver/stm32h7xx_hal_rcc.o
                0x08007988                HAL_RCC_ClockConfig
 .text.HAL_RCC_GetSysClockFreq
                0x08007cf4      0x2f4 ./Drivers/STM32H7xx_HAL_Driver/stm32h7xx_hal_rcc.o
                0x08007cf4                HAL_RCC_GetSysClockFreq
 .text.HAL_RCC_GetHCLKFreq
                0x08007fe8       0x60 ./Drivers/STM32H7xx_HAL_Driver/stm32h7xx_hal_rcc.o
                0x08007fe8                HAL_RCC_GetHCLKFreq
 .text.HAL_RCC_GetPCLK1Freq
                0x08008048       0x2c ./Drivers/STM32H7xx_HAL_Driver/stm32h7xx_hal_rcc.o
                0x08008048                HAL_RCC_GetPCLK1Freq
 .text.HAL_RCC_GetPCLK2Freq
                0x08008074       0x2c ./Drivers/STM32H7xx_HAL_Driver/stm32h7xx_hal_rcc.o
                0x08008074                HAL_RCC_GetPCLK2Freq
 .text.HAL_RCC_GetClockConfig
                0x080080a0       0x84 ./Drivers/STM32H7xx_HAL_Driver/stm32h7xx_hal_rcc.o
                0x080080a0                HAL_RCC_GetClockConfig
 .text.HAL_RCCEx_PeriphCLKConfig
                0x08008124     0x1414 ./Drivers/STM32H7xx_HAL_Driver/stm32h7xx_hal_rcc_ex.o
                0x08008124                HAL_RCCEx_PeriphCLKConfig
 .text.HAL_RCCEx_GetD3PCLK1Freq
                0x08009538       0x2c ./Drivers/STM32H7xx_HAL_Driver/stm32h7xx_hal_rcc_ex.o
                0x08009538                HAL_RCCEx_GetD3PCLK1Freq
 .text.HAL_RCCEx_GetPLL2ClockFreq
                0x08009564      0x2a8 ./Drivers/STM32H7xx_HAL_Driver/stm32h7xx_hal_rcc_ex.o
                0x08009564                HAL_RCCEx_GetPLL2ClockFreq
 .text.HAL_RCCEx_GetPLL3ClockFreq
                0x0800980c      0x2a8 ./Drivers/STM32H7xx_HAL_Driver/stm32h7xx_hal_rcc_ex.o
                0x0800980c                HAL_RCCEx_GetPLL3ClockFreq
 .text.RCCEx_PLL2_Config
                0x08009ab4      0x164 ./Drivers/STM32H7xx_HAL_Driver/stm32h7xx_hal_rcc_ex.o
 .text.RCCEx_PLL3_Config
                0x08009c18      0x164 ./Drivers/STM32H7xx_HAL_Driver/stm32h7xx_hal_rcc_ex.o
 .text.HAL_SPI_Init
                0x08009d7c      0x248 ./Drivers/STM32H7xx_HAL_Driver/stm32h7xx_hal_spi.o
                0x08009d7c                HAL_SPI_Init
 .text.HAL_SPI_Transmit
                0x08009fc4      0x3dc ./Drivers/STM32H7xx_HAL_Driver/stm32h7xx_hal_spi.o
                0x08009fc4                HAL_SPI_Transmit
 .text.HAL_SPI_Receive
                0x0800a3a0      0x4e4 ./Drivers/STM32H7xx_HAL_Driver/stm32h7xx_hal_spi.o
                0x0800a3a0                HAL_SPI_Receive
 .text.SPI_CloseTransfer
                0x0800a884      0x140 ./Drivers/STM32H7xx_HAL_Driver/stm32h7xx_hal_spi.o
 .text.SPI_WaitOnFlagUntilTimeout
                0x0800a9c4       0x5c ./Drivers/STM32H7xx_HAL_Driver/stm32h7xx_hal_spi.o
 .text.SPI_GetPacketSize
                0x0800aa20       0x36 ./Drivers/STM32H7xx_HAL_Driver/stm32h7xx_hal_spi.o
 .text.HAL_TIM_Base_Init
                0x0800aa56       0xae ./Drivers/STM32H7xx_HAL_Driver/stm32h7xx_hal_tim.o
                0x0800aa56                HAL_TIM_Base_Init
 .text.HAL_TIM_Base_Start_IT
                0x0800ab04       0xf0 ./Drivers/STM32H7xx_HAL_Driver/stm32h7xx_hal_tim.o
                0x0800ab04                HAL_TIM_Base_Start_IT
 .text.HAL_TIM_Base_Stop_IT
                0x0800abf4       0x5e ./Drivers/STM32H7xx_HAL_Driver/stm32h7xx_hal_tim.o
                0x0800abf4                HAL_TIM_Base_Stop_IT
 .text.HAL_TIM_PWM_Init
                0x0800ac52       0xae ./Drivers/STM32H7xx_HAL_Driver/stm32h7xx_hal_tim.o
                0x0800ac52                HAL_TIM_PWM_Init
 .text.HAL_TIM_PWM_MspInit
                0x0800ad00       0x14 ./Drivers/STM32H7xx_HAL_Driver/stm32h7xx_hal_tim.o
                0x0800ad00                HAL_TIM_PWM_MspInit
 .text.HAL_TIM_IRQHandler
                0x0800ad14      0x20e ./Drivers/STM32H7xx_HAL_Driver/stm32h7xx_hal_tim.o
                0x0800ad14                HAL_TIM_IRQHandler
 *fill*         0x0800af22        0x2 
 .text.HAL_TIM_PWM_ConfigChannel
                0x0800af24      0x228 ./Drivers/STM32H7xx_HAL_Driver/stm32h7xx_hal_tim.o
                0x0800af24                HAL_TIM_PWM_ConfigChannel
 .text.HAL_TIM_ConfigClockSource
                0x0800b14c      0x1f0 ./Drivers/STM32H7xx_HAL_Driver/stm32h7xx_hal_tim.o
                0x0800b14c                HAL_TIM_ConfigClockSource
 .text.HAL_TIM_OC_DelayElapsedCallback
                0x0800b33c       0x14 ./Drivers/STM32H7xx_HAL_Driver/stm32h7xx_hal_tim.o
                0x0800b33c                HAL_TIM_OC_DelayElapsedCallback
 .text.HAL_TIM_IC_CaptureCallback
                0x0800b350       0x14 ./Drivers/STM32H7xx_HAL_Driver/stm32h7xx_hal_tim.o
                0x0800b350                HAL_TIM_IC_CaptureCallback
 .text.HAL_TIM_PWM_PulseFinishedCallback
                0x0800b364       0x14 ./Drivers/STM32H7xx_HAL_Driver/stm32h7xx_hal_tim.o
                0x0800b364                HAL_TIM_PWM_PulseFinishedCallback
 .text.HAL_TIM_TriggerCallback
                0x0800b378       0x14 ./Drivers/STM32H7xx_HAL_Driver/stm32h7xx_hal_tim.o
                0x0800b378                HAL_TIM_TriggerCallback
 .text.TIM_Base_SetConfig
                0x0800b38c      0x140 ./Drivers/STM32H7xx_HAL_Driver/stm32h7xx_hal_tim.o
                0x0800b38c                TIM_Base_SetConfig
 .text.TIM_OC1_SetConfig
                0x0800b4cc      0x120 ./Drivers/STM32H7xx_HAL_Driver/stm32h7xx_hal_tim.o
 .text.TIM_OC2_SetConfig
                0x0800b5ec      0x114 ./Drivers/STM32H7xx_HAL_Driver/stm32h7xx_hal_tim.o
                0x0800b5ec                TIM_OC2_SetConfig
 .text.TIM_OC3_SetConfig
                0x0800b700      0x110 ./Drivers/STM32H7xx_HAL_Driver/stm32h7xx_hal_tim.o
 .text.TIM_OC4_SetConfig
                0x0800b810       0xd4 ./Drivers/STM32H7xx_HAL_Driver/stm32h7xx_hal_tim.o
 .text.TIM_OC5_SetConfig
                0x0800b8e4       0xc8 ./Drivers/STM32H7xx_HAL_Driver/stm32h7xx_hal_tim.o
 .text.TIM_OC6_SetConfig
                0x0800b9ac       0xcc ./Drivers/STM32H7xx_HAL_Driver/stm32h7xx_hal_tim.o
 .text.TIM_TI1_ConfigInputStage
                0x0800ba78       0x5e ./Drivers/STM32H7xx_HAL_Driver/stm32h7xx_hal_tim.o
 .text.TIM_TI2_ConfigInputStage
                0x0800bad6       0x60 ./Drivers/STM32H7xx_HAL_Driver/stm32h7xx_hal_tim.o
 *fill*         0x0800bb36        0x2 
 .text.TIM_ITRx_SetConfig
                0x0800bb38       0x3c ./Drivers/STM32H7xx_HAL_Driver/stm32h7xx_hal_tim.o
 .text.TIM_ETR_SetConfig
                0x0800bb74       0x40 ./Drivers/STM32H7xx_HAL_Driver/stm32h7xx_hal_tim.o
                0x0800bb74                TIM_ETR_SetConfig
 .text.HAL_TIMEx_MasterConfigSynchronization
                0x0800bbb4      0x11c ./Drivers/STM32H7xx_HAL_Driver/stm32h7xx_hal_tim_ex.o
                0x0800bbb4                HAL_TIMEx_MasterConfigSynchronization
 .text.HAL_TIMEx_CommutCallback
                0x0800bcd0       0x14 ./Drivers/STM32H7xx_HAL_Driver/stm32h7xx_hal_tim_ex.o
                0x0800bcd0                HAL_TIMEx_CommutCallback
 .text.HAL_TIMEx_BreakCallback
                0x0800bce4       0x14 ./Drivers/STM32H7xx_HAL_Driver/stm32h7xx_hal_tim_ex.o
                0x0800bce4                HAL_TIMEx_BreakCallback
 .text.HAL_TIMEx_Break2Callback
                0x0800bcf8       0x14 ./Drivers/STM32H7xx_HAL_Driver/stm32h7xx_hal_tim_ex.o
                0x0800bcf8                HAL_TIMEx_Break2Callback
 .text.HAL_UART_Init
                0x0800bd0c       0xa0 ./Drivers/STM32H7xx_HAL_Driver/stm32h7xx_hal_uart.o
                0x0800bd0c                HAL_UART_Init
 .text.HAL_UART_Transmit_DMA
                0x0800bdac      0x100 ./Drivers/STM32H7xx_HAL_Driver/stm32h7xx_hal_uart.o
                0x0800bdac                HAL_UART_Transmit_DMA
 .text.HAL_UART_IRQHandler
                0x0800beac      0x7ac ./Drivers/STM32H7xx_HAL_Driver/stm32h7xx_hal_uart.o
                0x0800beac                HAL_UART_IRQHandler
 .text.HAL_UART_TxHalfCpltCallback
                0x0800c658       0x14 ./Drivers/STM32H7xx_HAL_Driver/stm32h7xx_hal_uart.o
                0x0800c658                HAL_UART_TxHalfCpltCallback
 .text.HAL_UART_ErrorCallback
                0x0800c66c       0x14 ./Drivers/STM32H7xx_HAL_Driver/stm32h7xx_hal_uart.o
                0x0800c66c                HAL_UART_ErrorCallback
 .text.HAL_UARTEx_RxEventCallback
                0x0800c680       0x18 ./Drivers/STM32H7xx_HAL_Driver/stm32h7xx_hal_uart.o
                0x0800c680                HAL_UARTEx_RxEventCallback
 .text.UART_SetConfig
                0x0800c698      0xad0 ./Drivers/STM32H7xx_HAL_Driver/stm32h7xx_hal_uart.o
                0x0800c698                UART_SetConfig
 .text.UART_AdvFeatureConfig
                0x0800d168      0x144 ./Drivers/STM32H7xx_HAL_Driver/stm32h7xx_hal_uart.o
                0x0800d168                UART_AdvFeatureConfig
 .text.UART_CheckIdleState
                0x0800d2ac      0x154 ./Drivers/STM32H7xx_HAL_Driver/stm32h7xx_hal_uart.o
                0x0800d2ac                UART_CheckIdleState
 .text.UART_WaitOnFlagUntilTimeout
                0x0800d400       0xda ./Drivers/STM32H7xx_HAL_Driver/stm32h7xx_hal_uart.o
                0x0800d400                UART_WaitOnFlagUntilTimeout
 .text.UART_EndTxTransfer
                0x0800d4da       0x82 ./Drivers/STM32H7xx_HAL_Driver/stm32h7xx_hal_uart.o
 .text.UART_EndRxTransfer
                0x0800d55c       0xcc ./Drivers/STM32H7xx_HAL_Driver/stm32h7xx_hal_uart.o
 .text.UART_DMATransmitCplt
                0x0800d628       0x96 ./Drivers/STM32H7xx_HAL_Driver/stm32h7xx_hal_uart.o
 .text.UART_DMATxHalfCplt
                0x0800d6be       0x1c ./Drivers/STM32H7xx_HAL_Driver/stm32h7xx_hal_uart.o
 .text.UART_DMAError
                0x0800d6da       0x80 ./Drivers/STM32H7xx_HAL_Driver/stm32h7xx_hal_uart.o
 .text.UART_DMAAbortOnError
                0x0800d75a       0x24 ./Drivers/STM32H7xx_HAL_Driver/stm32h7xx_hal_uart.o
 .text.UART_EndTransmit_IT
                0x0800d77e       0x56 ./Drivers/STM32H7xx_HAL_Driver/stm32h7xx_hal_uart.o
 .text.HAL_UARTEx_WakeupCallback
                0x0800d7d4       0x14 ./Drivers/STM32H7xx_HAL_Driver/stm32h7xx_hal_uart_ex.o
                0x0800d7d4                HAL_UARTEx_WakeupCallback
 .text.HAL_UARTEx_RxFifoFullCallback
                0x0800d7e8       0x14 ./Drivers/STM32H7xx_HAL_Driver/stm32h7xx_hal_uart_ex.o
                0x0800d7e8                HAL_UARTEx_RxFifoFullCallback
 .text.HAL_UARTEx_TxFifoEmptyCallback
                0x0800d7fc       0x14 ./Drivers/STM32H7xx_HAL_Driver/stm32h7xx_hal_uart_ex.o
                0x0800d7fc                HAL_UARTEx_TxFifoEmptyCallback
 .text.HAL_UARTEx_DisableFifoMode
                0x0800d810       0x72 ./Drivers/STM32H7xx_HAL_Driver/stm32h7xx_hal_uart_ex.o
                0x0800d810                HAL_UARTEx_DisableFifoMode
 .text.HAL_UARTEx_SetTxFifoThreshold
                0x0800d882       0x7c ./Drivers/STM32H7xx_HAL_Driver/stm32h7xx_hal_uart_ex.o
                0x0800d882                HAL_UARTEx_SetTxFifoThreshold
 .text.HAL_UARTEx_SetRxFifoThreshold
                0x0800d8fe       0x7c ./Drivers/STM32H7xx_HAL_Driver/stm32h7xx_hal_uart_ex.o
                0x0800d8fe                HAL_UARTEx_SetRxFifoThreshold
 *fill*         0x0800d97a        0x2 
 .text.UARTEx_SetNbDataToProcess
                0x0800d97c       0x9c ./Drivers/STM32H7xx_HAL_Driver/stm32h7xx_hal_uart_ex.o
 .text.makeFreeRtosPriority
                0x0800da18       0x30 ./Middlewares/Third_Party/FreeRTOS/cmsis_os.o
 .text.osKernelStart
                0x0800da48        0xe ./Middlewares/Third_Party/FreeRTOS/cmsis_os.o
                0x0800da48                osKernelStart
 .text.osThreadCreate
                0x0800da56       0x98 ./Middlewares/Third_Party/FreeRTOS/cmsis_os.o
                0x0800da56                osThreadCreate
 .text.osDelay  0x0800daee       0x28 ./Middlewares/Third_Party/FreeRTOS/cmsis_os.o
                0x0800daee                osDelay
 *fill*         0x0800db16        0x2 
 .text.pvPortMalloc
                0x0800db18      0x19c ./Middlewares/Third_Party/FreeRTOS/heap_4.o
                0x0800db18                pvPortMalloc
 .text.vPortFree
                0x0800dcb4       0xc8 ./Middlewares/Third_Party/FreeRTOS/heap_4.o
                0x0800dcb4                vPortFree
 .text.prvHeapInit
                0x0800dd7c       0xc4 ./Middlewares/Third_Party/FreeRTOS/heap_4.o
 .text.prvInsertBlockIntoFreeList
                0x0800de40       0xb4 ./Middlewares/Third_Party/FreeRTOS/heap_4.o
 .text.vListInitialise
                0x0800def4       0x40 ./Middlewares/Third_Party/FreeRTOS/list.o
                0x0800def4                vListInitialise
 .text.vListInitialiseItem
                0x0800df34       0x1a ./Middlewares/Third_Party/FreeRTOS/list.o
                0x0800df34                vListInitialiseItem
 .text.vListInsertEnd
                0x0800df4e       0x48 ./Middlewares/Third_Party/FreeRTOS/list.o
                0x0800df4e                vListInsertEnd
 .text.vListInsert
                0x0800df96       0x72 ./Middlewares/Third_Party/FreeRTOS/list.o
                0x0800df96                vListInsert
 .text.uxListRemove
                0x0800e008       0x54 ./Middlewares/Third_Party/FreeRTOS/list.o
                0x0800e008                uxListRemove
 .text.pxPortInitialiseStack
                0x0800e05c       0x68 ./Middlewares/Third_Party/FreeRTOS/port.o
                0x0800e05c                pxPortInitialiseStack
 .text.prvTaskExitError
                0x0800e0c4       0x5c ./Middlewares/Third_Party/FreeRTOS/port.o
 .text.SVC_Handler
                0x0800e120       0x28 ./Middlewares/Third_Party/FreeRTOS/port.o
                0x0800e120                SVC_Handler
 .text.prvPortStartFirstTask
                0x0800e148       0x28 ./Middlewares/Third_Party/FreeRTOS/port.o
 .text.xPortStartScheduler
                0x0800e170      0x148 ./Middlewares/Third_Party/FreeRTOS/port.o
                0x0800e170                xPortStartScheduler
 .text.vPortEnterCritical
                0x0800e2b8       0x64 ./Middlewares/Third_Party/FreeRTOS/port.o
                0x0800e2b8                vPortEnterCritical
 .text.vPortExitCritical
                0x0800e31c       0x54 ./Middlewares/Third_Party/FreeRTOS/port.o
                0x0800e31c                vPortExitCritical
 .text.PendSV_Handler
                0x0800e370       0x68 ./Middlewares/Third_Party/FreeRTOS/port.o
                0x0800e370                PendSV_Handler
 .text.SysTick_Handler
                0x0800e3d8       0x44 ./Middlewares/Third_Party/FreeRTOS/port.o
                0x0800e3d8                SysTick_Handler
 .text.vPortSetupTimerInterrupt
                0x0800e41c       0x48 ./Middlewares/Third_Party/FreeRTOS/port.o
                0x0800e41c                vPortSetupTimerInterrupt
 .text.vPortEnableVFP
                0x0800e464       0x14 ./Middlewares/Third_Party/FreeRTOS/port.o
 .text.xQueueGenericReset
                0x0800e478       0xd4 ./Middlewares/Third_Party/FreeRTOS/queue.o
                0x0800e478                xQueueGenericReset
 .text.xQueueGenericCreate
                0x0800e54c       0x76 ./Middlewares/Third_Party/FreeRTOS/queue.o
                0x0800e54c                xQueueGenericCreate
 .text.prvInitialiseNewQueue
                0x0800e5c2       0x3e ./Middlewares/Third_Party/FreeRTOS/queue.o
 .text.prvInitialiseMutex
                0x0800e600       0x34 ./Middlewares/Third_Party/FreeRTOS/queue.o
 .text.xQueueCreateMutex
                0x0800e634       0x30 ./Middlewares/Third_Party/FreeRTOS/queue.o
                0x0800e634                xQueueCreateMutex
 .text.xQueueCreateCountingSemaphore
                0x0800e664       0x6a ./Middlewares/Third_Party/FreeRTOS/queue.o
                0x0800e664                xQueueCreateCountingSemaphore
 *fill*         0x0800e6ce        0x2 
 .text.xQueueGenericSend
                0x0800e6d0      0x204 ./Middlewares/Third_Party/FreeRTOS/queue.o
                0x0800e6d0                xQueueGenericSend
 .text.xQueueSemaphoreTake
                0x0800e8d4      0x220 ./Middlewares/Third_Party/FreeRTOS/queue.o
                0x0800e8d4                xQueueSemaphoreTake
 .text.prvGetDisinheritPriorityAfterTimeout
                0x0800eaf4       0x30 ./Middlewares/Third_Party/FreeRTOS/queue.o
 .text.prvCopyDataToQueue
                0x0800eb24       0xd4 ./Middlewares/Third_Party/FreeRTOS/queue.o
 .text.prvUnlockQueue
                0x0800ebf8       0xa4 ./Middlewares/Third_Party/FreeRTOS/queue.o
 .text.prvIsQueueEmpty
                0x0800ec9c       0x2c ./Middlewares/Third_Party/FreeRTOS/queue.o
 .text.prvIsQueueFull
                0x0800ecc8       0x30 ./Middlewares/Third_Party/FreeRTOS/queue.o
 .text.xTaskCreateStatic
                0x0800ecf8       0xc0 ./Middlewares/Third_Party/FreeRTOS/tasks.o
                0x0800ecf8                xTaskCreateStatic
 .text.xTaskCreate
                0x0800edb8       0x8a ./Middlewares/Third_Party/FreeRTOS/tasks.o
                0x0800edb8                xTaskCreate
 *fill*         0x0800ee42        0x2 
 .text.prvInitialiseNewTask
                0x0800ee44      0x15c ./Middlewares/Third_Party/FreeRTOS/tasks.o
 .text.prvAddNewTaskToReadyList
                0x0800efa0       0xd4 ./Middlewares/Third_Party/FreeRTOS/tasks.o
 .text.vTaskDelay
                0x0800f074       0x6c ./Middlewares/Third_Party/FreeRTOS/tasks.o
                0x0800f074                vTaskDelay
 .text.vTaskStartScheduler
                0x0800f0e0       0xd4 ./Middlewares/Third_Party/FreeRTOS/tasks.o
                0x0800f0e0                vTaskStartScheduler
 .text.vTaskSuspendAll
                0x0800f1b4       0x1c ./Middlewares/Third_Party/FreeRTOS/tasks.o
                0x0800f1b4                vTaskSuspendAll
 .text.xTaskResumeAll
                0x0800f1d0      0x13c ./Middlewares/Third_Party/FreeRTOS/tasks.o
                0x0800f1d0                xTaskResumeAll
 .text.xTaskGetTickCount
                0x0800f30c       0x20 ./Middlewares/Third_Party/FreeRTOS/tasks.o
                0x0800f30c                xTaskGetTickCount
 .text.xTaskIncrementTick
                0x0800f32c      0x174 ./Middlewares/Third_Party/FreeRTOS/tasks.o
                0x0800f32c                xTaskIncrementTick
 .text.vTaskSwitchContext
                0x0800f4a0       0xc8 ./Middlewares/Third_Party/FreeRTOS/tasks.o
                0x0800f4a0                vTaskSwitchContext
 .text.vTaskPlaceOnEventList
                0x0800f568       0x4c ./Middlewares/Third_Party/FreeRTOS/tasks.o
                0x0800f568                vTaskPlaceOnEventList
 .text.xTaskRemoveFromEventList
                0x0800f5b4       0xc8 ./Middlewares/Third_Party/FreeRTOS/tasks.o
                0x0800f5b4                xTaskRemoveFromEventList
 .text.vTaskInternalSetTimeOutState
                0x0800f67c       0x2c ./Middlewares/Third_Party/FreeRTOS/tasks.o
                0x0800f67c                vTaskInternalSetTimeOutState
 .text.xTaskCheckForTimeOut
                0x0800f6a8       0xe8 ./Middlewares/Third_Party/FreeRTOS/tasks.o
                0x0800f6a8                xTaskCheckForTimeOut
 .text.vTaskMissedYield
                0x0800f790       0x18 ./Middlewares/Third_Party/FreeRTOS/tasks.o
                0x0800f790                vTaskMissedYield
 .text.prvIdleTask
                0x0800f7a8       0x30 ./Middlewares/Third_Party/FreeRTOS/tasks.o
 .text.prvInitialiseTaskLists
                0x0800f7d8       0x80 ./Middlewares/Third_Party/FreeRTOS/tasks.o
 .text.prvCheckTasksWaitingTermination
                0x0800f858       0x5c ./Middlewares/Third_Party/FreeRTOS/tasks.o
 .text.prvDeleteTCB
                0x0800f8b4       0x6a ./Middlewares/Third_Party/FreeRTOS/tasks.o
 *fill*         0x0800f91e        0x2 
 .text.prvResetNextTaskUnblockTime
                0x0800f920       0x40 ./Middlewares/Third_Party/FreeRTOS/tasks.o
 .text.xTaskGetSchedulerState
                0x0800f960       0x3c ./Middlewares/Third_Party/FreeRTOS/tasks.o
                0x0800f960                xTaskGetSchedulerState
 .text.xTaskPriorityInherit
                0x0800f99c       0xec ./Middlewares/Third_Party/FreeRTOS/tasks.o
                0x0800f99c                xTaskPriorityInherit
 .text.xTaskPriorityDisinherit
                0x0800fa88      0x110 ./Middlewares/Third_Party/FreeRTOS/tasks.o
                0x0800fa88                xTaskPriorityDisinherit
 .text.vTaskPriorityDisinheritAfterTimeout
                0x0800fb98      0x120 ./Middlewares/Third_Party/FreeRTOS/tasks.o
                0x0800fb98                vTaskPriorityDisinheritAfterTimeout
 .text.pvTaskIncrementMutexHeldCount
                0x0800fcb8       0x28 ./Middlewares/Third_Party/FreeRTOS/tasks.o
                0x0800fcb8                pvTaskIncrementMutexHeldCount
 .text.prvAddCurrentTaskToDelayedList
                0x0800fce0       0xd4 ./Middlewares/Third_Party/FreeRTOS/tasks.o
 .text.snprintf
                0x0800fdb4       0x6c C:/ST/STM32CubeIDE_1.19.0/STM32CubeIDE/plugins/com.st.stm32cube.ide.mcu.externaltools.gnu-tools-for-stm32.13.3.rel1.win32_1.0.0.202411081344/tools/bin/../lib/gcc/arm-none-eabi/13.3.1/../../../../arm-none-eabi/lib/thumb/v7e-m+dp/hard\libc_nano.a(libc_a-snprintf.o)
                0x0800fdb4                sniprintf
                0x0800fdb4                snprintf
 .text.memset   0x0800fe20       0x10 C:/ST/STM32CubeIDE_1.19.0/STM32CubeIDE/plugins/com.st.stm32cube.ide.mcu.externaltools.gnu-tools-for-stm32.13.3.rel1.win32_1.0.0.202411081344/tools/bin/../lib/gcc/arm-none-eabi/13.3.1/../../../../arm-none-eabi/lib/thumb/v7e-m+dp/hard\libc_nano.a(libc_a-memset.o)
                0x0800fe20                memset
 .text._reclaim_reent
                0x0800fe30       0xbc C:/ST/STM32CubeIDE_1.19.0/STM32CubeIDE/plugins/com.st.stm32cube.ide.mcu.externaltools.gnu-tools-for-stm32.13.3.rel1.win32_1.0.0.202411081344/tools/bin/../lib/gcc/arm-none-eabi/13.3.1/../../../../arm-none-eabi/lib/thumb/v7e-m+dp/hard\libc_nano.a(libc_a-reent.o)
                0x0800fe30                _reclaim_reent
 .text.__errno  0x0800feec        0xc C:/ST/STM32CubeIDE_1.19.0/STM32CubeIDE/plugins/com.st.stm32cube.ide.mcu.externaltools.gnu-tools-for-stm32.13.3.rel1.win32_1.0.0.202411081344/tools/bin/../lib/gcc/arm-none-eabi/13.3.1/../../../../arm-none-eabi/lib/thumb/v7e-m+dp/hard\libc_nano.a(libc_a-errno.o)
                0x0800feec                __errno
 .text.__libc_init_array
                0x0800fef8       0x48 C:/ST/STM32CubeIDE_1.19.0/STM32CubeIDE/plugins/com.st.stm32cube.ide.mcu.externaltools.gnu-tools-for-stm32.13.3.rel1.win32_1.0.0.202411081344/tools/bin/../lib/gcc/arm-none-eabi/13.3.1/../../../../arm-none-eabi/lib/thumb/v7e-m+dp/hard\libc_nano.a(libc_a-init.o)
                0x0800fef8                __libc_init_array
 .text.__retarget_lock_acquire_recursive
                0x0800ff40        0x2 C:/ST/STM32CubeIDE_1.19.0/STM32CubeIDE/plugins/com.st.stm32cube.ide.mcu.externaltools.gnu-tools-for-stm32.13.3.rel1.win32_1.0.0.202411081344/tools/bin/../lib/gcc/arm-none-eabi/13.3.1/../../../../arm-none-eabi/lib/thumb/v7e-m+dp/hard\libc_nano.a(libc_a-lock.o)
                0x0800ff40                __retarget_lock_acquire_recursive
 .text.__retarget_lock_release_recursive
                0x0800ff42        0x2 C:/ST/STM32CubeIDE_1.19.0/STM32CubeIDE/plugins/com.st.stm32cube.ide.mcu.externaltools.gnu-tools-for-stm32.13.3.rel1.win32_1.0.0.202411081344/tools/bin/../lib/gcc/arm-none-eabi/13.3.1/../../../../arm-none-eabi/lib/thumb/v7e-m+dp/hard\libc_nano.a(libc_a-lock.o)
                0x0800ff42                __retarget_lock_release_recursive
 .text.times    0x0800ff44       0x10 C:/ST/STM32CubeIDE_1.19.0/STM32CubeIDE/plugins/com.st.stm32cube.ide.mcu.externaltools.gnu-tools-for-stm32.13.3.rel1.win32_1.0.0.202411081344/tools/bin/../lib/gcc/arm-none-eabi/13.3.1/../../../../arm-none-eabi/lib/thumb/v7e-m+dp/hard\libc_nano.a(libc_a-systimes.o)
                0x0800ff44                times
 .text.memcpy   0x0800ff54       0x1c C:/ST/STM32CubeIDE_1.19.0/STM32CubeIDE/plugins/com.st.stm32cube.ide.mcu.externaltools.gnu-tools-for-stm32.13.3.rel1.win32_1.0.0.202411081344/tools/bin/../lib/gcc/arm-none-eabi/13.3.1/../../../../arm-none-eabi/lib/thumb/v7e-m+dp/hard\libc_nano.a(libc_a-memcpy-stub.o)
                0x0800ff54                memcpy
 .text._free_r  0x0800ff70       0x94 C:/ST/STM32CubeIDE_1.19.0/STM32CubeIDE/plugins/com.st.stm32cube.ide.mcu.externaltools.gnu-tools-for-stm32.13.3.rel1.win32_1.0.0.202411081344/tools/bin/../lib/gcc/arm-none-eabi/13.3.1/../../../../arm-none-eabi/lib/thumb/v7e-m+dp/hard\libc_nano.a(libc_a-freer.o)
                0x0800ff70                _free_r
 .text.sbrk_aligned
                0x08010004       0x44 C:/ST/STM32CubeIDE_1.19.0/STM32CubeIDE/plugins/com.st.stm32cube.ide.mcu.externaltools.gnu-tools-for-stm32.13.3.rel1.win32_1.0.0.202411081344/tools/bin/../lib/gcc/arm-none-eabi/13.3.1/../../../../arm-none-eabi/lib/thumb/v7e-m+dp/hard\libc_nano.a(libc_a-mallocr.o)
 .text._malloc_r
                0x08010048      0x100 C:/ST/STM32CubeIDE_1.19.0/STM32CubeIDE/plugins/com.st.stm32cube.ide.mcu.externaltools.gnu-tools-for-stm32.13.3.rel1.win32_1.0.0.202411081344/tools/bin/../lib/gcc/arm-none-eabi/13.3.1/../../../../arm-none-eabi/lib/thumb/v7e-m+dp/hard\libc_nano.a(libc_a-mallocr.o)
                0x08010048                _malloc_r
 .text.__malloc_lock
                0x08010148        0xc C:/ST/STM32CubeIDE_1.19.0/STM32CubeIDE/plugins/com.st.stm32cube.ide.mcu.externaltools.gnu-tools-for-stm32.13.3.rel1.win32_1.0.0.202411081344/tools/bin/../lib/gcc/arm-none-eabi/13.3.1/../../../../arm-none-eabi/lib/thumb/v7e-m+dp/hard\libc_nano.a(libc_a-mlock.o)
                0x08010148                __malloc_lock
 .text.__malloc_unlock
                0x08010154        0xc C:/ST/STM32CubeIDE_1.19.0/STM32CubeIDE/plugins/com.st.stm32cube.ide.mcu.externaltools.gnu-tools-for-stm32.13.3.rel1.win32_1.0.0.202411081344/tools/bin/../lib/gcc/arm-none-eabi/13.3.1/../../../../arm-none-eabi/lib/thumb/v7e-m+dp/hard\libc_nano.a(libc_a-mlock.o)
                0x08010154                __malloc_unlock
 .text.__ssputs_r
                0x08010160       0xb6 C:/ST/STM32CubeIDE_1.19.0/STM32CubeIDE/plugins/com.st.stm32cube.ide.mcu.externaltools.gnu-tools-for-stm32.13.3.rel1.win32_1.0.0.202411081344/tools/bin/../lib/gcc/arm-none-eabi/13.3.1/../../../../arm-none-eabi/lib/thumb/v7e-m+dp/hard\libc_nano.a(libc_a-nano-svfprintf.o)
                0x08010160                __ssputs_r
 *fill*         0x08010216        0x2 
 .text._svfprintf_r
                0x08010218      0x1f8 C:/ST/STM32CubeIDE_1.19.0/STM32CubeIDE/plugins/com.st.stm32cube.ide.mcu.externaltools.gnu-tools-for-stm32.13.3.rel1.win32_1.0.0.202411081344/tools/bin/../lib/gcc/arm-none-eabi/13.3.1/../../../../arm-none-eabi/lib/thumb/v7e-m+dp/hard\libc_nano.a(libc_a-nano-svfprintf.o)
                0x08010218                _svfiprintf_r
                0x08010218                _svfprintf_r
 .text._printf_common
                0x08010410       0xda C:/ST/STM32CubeIDE_1.19.0/STM32CubeIDE/plugins/com.st.stm32cube.ide.mcu.externaltools.gnu-tools-for-stm32.13.3.rel1.win32_1.0.0.202411081344/tools/bin/../lib/gcc/arm-none-eabi/13.3.1/../../../../arm-none-eabi/lib/thumb/v7e-m+dp/hard\libc_nano.a(libc_a-nano-vfprintf_i.o)
                0x08010410                _printf_common
 *fill*         0x080104ea        0x2 
 .text._printf_i
                0x080104ec      0x23c C:/ST/STM32CubeIDE_1.19.0/STM32CubeIDE/plugins/com.st.stm32cube.ide.mcu.externaltools.gnu-tools-for-stm32.13.3.rel1.win32_1.0.0.202411081344/tools/bin/../lib/gcc/arm-none-eabi/13.3.1/../../../../arm-none-eabi/lib/thumb/v7e-m+dp/hard\libc_nano.a(libc_a-nano-vfprintf_i.o)
                0x080104ec                _printf_i
 .text.memmove  0x08010728       0x34 C:/ST/STM32CubeIDE_1.19.0/STM32CubeIDE/plugins/com.st.stm32cube.ide.mcu.externaltools.gnu-tools-for-stm32.13.3.rel1.win32_1.0.0.202411081344/tools/bin/../lib/gcc/arm-none-eabi/13.3.1/../../../../arm-none-eabi/lib/thumb/v7e-m+dp/hard\libc_nano.a(libc_a-memmove.o)
                0x08010728                memmove
 .text._sbrk_r  0x0801075c       0x20 C:/ST/STM32CubeIDE_1.19.0/STM32CubeIDE/plugins/com.st.stm32cube.ide.mcu.externaltools.gnu-tools-for-stm32.13.3.rel1.win32_1.0.0.202411081344/tools/bin/../lib/gcc/arm-none-eabi/13.3.1/../../../../arm-none-eabi/lib/thumb/v7e-m+dp/hard\libc_nano.a(libc_a-sbrkr.o)
                0x0801075c                _sbrk_r
 .text._times_r
                0x0801077c        0x6 C:/ST/STM32CubeIDE_1.19.0/STM32CubeIDE/plugins/com.st.stm32cube.ide.mcu.externaltools.gnu-tools-for-stm32.13.3.rel1.win32_1.0.0.202411081344/tools/bin/../lib/gcc/arm-none-eabi/13.3.1/../../../../arm-none-eabi/lib/thumb/v7e-m+dp/hard\libc_nano.a(libc_a-timesr.o)
                0x0801077c                _times_r
 .text._realloc_r
                0x08010782       0x5c C:/ST/STM32CubeIDE_1.19.0/STM32CubeIDE/plugins/com.st.stm32cube.ide.mcu.externaltools.gnu-tools-for-stm32.13.3.rel1.win32_1.0.0.202411081344/tools/bin/../lib/gcc/arm-none-eabi/13.3.1/../../../../arm-none-eabi/lib/thumb/v7e-m+dp/hard\libc_nano.a(libc_a-reallocr.o)
                0x08010782                _realloc_r
 .text._malloc_usable_size_r
                0x080107de       0x10 C:/ST/STM32CubeIDE_1.19.0/STM32CubeIDE/plugins/com.st.stm32cube.ide.mcu.externaltools.gnu-tools-for-stm32.13.3.rel1.win32_1.0.0.202411081344/tools/bin/../lib/gcc/arm-none-eabi/13.3.1/../../../../arm-none-eabi/lib/thumb/v7e-m+dp/hard\libc_nano.a(libc_a-msizer.o)
                0x080107de                _malloc_usable_size_r
 *(.glue_7)
 .glue_7        0x080107ee        0x0 linker stubs
 *(.glue_7t)
 .glue_7t       0x080107ee        0x0 linker stubs
 *(.eh_frame)
 *fill*         0x080107ee        0x2 
 .eh_frame      0x080107f0        0x0 C:/ST/STM32CubeIDE_1.19.0/STM32CubeIDE/plugins/com.st.stm32cube.ide.mcu.externaltools.gnu-tools-for-stm32.13.3.rel1.win32_1.0.0.202411081344/tools/bin/../lib/gcc/arm-none-eabi/13.3.1/thumb/v7e-m+dp/hard/crtbegin.o
 *(.init)
 .init          0x080107f0        0x4 C:/ST/STM32CubeIDE_1.19.0/STM32CubeIDE/plugins/com.st.stm32cube.ide.mcu.externaltools.gnu-tools-for-stm32.13.3.rel1.win32_1.0.0.202411081344/tools/bin/../lib/gcc/arm-none-eabi/13.3.1/thumb/v7e-m+dp/hard/crti.o
                0x080107f0                _init
 .init          0x080107f4        0x8 C:/ST/STM32CubeIDE_1.19.0/STM32CubeIDE/plugins/com.st.stm32cube.ide.mcu.externaltools.gnu-tools-for-stm32.13.3.rel1.win32_1.0.0.202411081344/tools/bin/../lib/gcc/arm-none-eabi/13.3.1/thumb/v7e-m+dp/hard/crtn.o
 *(.fini)
 .fini          0x080107fc        0x4 C:/ST/STM32CubeIDE_1.19.0/STM32CubeIDE/plugins/com.st.stm32cube.ide.mcu.externaltools.gnu-tools-for-stm32.13.3.rel1.win32_1.0.0.202411081344/tools/bin/../lib/gcc/arm-none-eabi/13.3.1/thumb/v7e-m+dp/hard/crti.o
                0x080107fc                _fini
 .fini          0x08010800        0x8 C:/ST/STM32CubeIDE_1.19.0/STM32CubeIDE/plugins/com.st.stm32cube.ide.mcu.externaltools.gnu-tools-for-stm32.13.3.rel1.win32_1.0.0.202411081344/tools/bin/../lib/gcc/arm-none-eabi/13.3.1/thumb/v7e-m+dp/hard/crtn.o
                0x08010808                        . = ALIGN (0x4)
                0x08010808                        _etext = .

.vfp11_veneer   0x08010808        0x0
 .vfp11_veneer  0x08010808        0x0 linker stubs

.v4_bx          0x08010808        0x0
 .v4_bx         0x08010808        0x0 linker stubs

.iplt           0x08010808        0x0
 .iplt          0x08010808        0x0 C:/ST/STM32CubeIDE_1.19.0/STM32CubeIDE/plugins/com.st.stm32cube.ide.mcu.externaltools.gnu-tools-for-stm32.13.3.rel1.win32_1.0.0.202411081344/tools/bin/../lib/gcc/arm-none-eabi/13.3.1/thumb/v7e-m+dp/hard/crtbegin.o

.rodata         0x08010808      0x1bc
                0x08010808                        . = ALIGN (0x4)
 *(.rodata)
 .rodata        0x08010808       0x28 ./Core/Src/freertos.o
 .rodata        0x08010830       0xce ./Core/Src/main.o
 *fill*         0x080108fe        0x2 
 .rodata        0x08010900        0x5 ./Middlewares/Third_Party/FreeRTOS/tasks.o
 *(.rodata*)
 *fill*         0x08010905        0x3 
 .rodata.D1CorePrescTable
                0x08010908       0x10 ./Common/Src/system_stm32h7xx_dualcore_boot_cm4_cm7.o
                0x08010908                D1CorePrescTable
 .rodata.DMAX_A
                0x08010918       0x24 ./Core/Src/main.o
 .rodata.DMAX_G
                0x0801093c       0x24 ./Core/Src/main.o
 .rodata.flagBitshiftOffset.0
                0x08010960        0x8 ./Drivers/STM32H7xx_HAL_Driver/stm32h7xx_hal_dma.o
 .rodata.UARTPrescTable
                0x08010968       0x18 ./Drivers/STM32H7xx_HAL_Driver/stm32h7xx_hal_uart.o
                0x08010968                UARTPrescTable
 .rodata.numerator.1
                0x08010980        0x8 ./Drivers/STM32H7xx_HAL_Driver/stm32h7xx_hal_uart_ex.o
 .rodata.denominator.0
                0x08010988        0x8 ./Drivers/STM32H7xx_HAL_Driver/stm32h7xx_hal_uart_ex.o
 .rodata._svfprintf_r.str1.1
                0x08010990       0x33 C:/ST/STM32CubeIDE_1.19.0/STM32CubeIDE/plugins/com.st.stm32cube.ide.mcu.externaltools.gnu-tools-for-stm32.13.3.rel1.win32_1.0.0.202411081344/tools/bin/../lib/gcc/arm-none-eabi/13.3.1/../../../../arm-none-eabi/lib/thumb/v7e-m+dp/hard\libc_nano.a(libc_a-nano-svfprintf.o)
                                 0x11 (size before relaxing)
 .rodata._printf_i.str1.1
                0x080109c3       0x22 C:/ST/STM32CubeIDE_1.19.0/STM32CubeIDE/plugins/com.st.stm32cube.ide.mcu.externaltools.gnu-tools-for-stm32.13.3.rel1.win32_1.0.0.202411081344/tools/bin/../lib/gcc/arm-none-eabi/13.3.1/../../../../arm-none-eabi/lib/thumb/v7e-m+dp/hard\libc_nano.a(libc_a-nano-vfprintf_i.o)
                0x080109e8                        . = ALIGN (0x4)
 *fill*         0x080109c3        0x1 

.ARM.extab      0x080109c4        0x0
                0x080109c4                        . = ALIGN (0x4)
 *(.ARM.extab* .gnu.linkonce.armextab.*)
                0x080109c4                        . = ALIGN (0x4)

.ARM            0x080109c4        0x8
                0x080109c4                        . = ALIGN (0x4)
                0x080109c4                        __exidx_start = .
 *(.ARM.exidx*)
 .ARM.exidx     0x080109c4        0x8 C:/ST/STM32CubeIDE_1.19.0/STM32CubeIDE/plugins/com.st.stm32cube.ide.mcu.externaltools.gnu-tools-for-stm32.13.3.rel1.win32_1.0.0.202411081344/tools/bin/../lib/gcc/arm-none-eabi/13.3.1/../../../../arm-none-eabi/lib/thumb/v7e-m+dp/hard\libc_nano.a(libc_a-memchr.o)
 .ARM.exidx     0x080109cc        0x0 C:/ST/STM32CubeIDE_1.19.0/STM32CubeIDE/plugins/com.st.stm32cube.ide.mcu.externaltools.gnu-tools-for-stm32.13.3.rel1.win32_1.0.0.202411081344/tools/bin/../lib/gcc/arm-none-eabi/13.3.1/thumb/v7e-m+dp/hard\libgcc.a(_udivmoddi4.o)
                                  0x8 (size before relaxing)
                0x080109cc                        __exidx_end = .
                0x080109cc                        . = ALIGN (0x4)

.preinit_array  0x080109cc        0x0
                0x080109cc                        . = ALIGN (0x4)
                0x080109cc                        PROVIDE (__preinit_array_start = .)
 *(.preinit_array*)
                0x080109cc                        PROVIDE (__preinit_array_end = .)
                0x080109cc                        . = ALIGN (0x4)

.init_array     0x080109cc        0x4
                0x080109cc                        . = ALIGN (0x4)
                0x080109cc                        PROVIDE (__init_array_start = .)
 *(SORT_BY_NAME(.init_array.*))
 *(.init_array*)
 .init_array    0x080109cc        0x4 C:/ST/STM32CubeIDE_1.19.0/STM32CubeIDE/plugins/com.st.stm32cube.ide.mcu.externaltools.gnu-tools-for-stm32.13.3.rel1.win32_1.0.0.202411081344/tools/bin/../lib/gcc/arm-none-eabi/13.3.1/thumb/v7e-m+dp/hard/crtbegin.o
                0x080109d0                        PROVIDE (__init_array_end = .)
                0x080109d0                        . = ALIGN (0x4)

.fini_array     0x080109d0        0x4
                0x080109d0                        . = ALIGN (0x4)
                [!provide]                        PROVIDE (__fini_array_start = .)
 *(SORT_BY_NAME(.fini_array.*))
 *(.fini_array*)
 .fini_array    0x080109d0        0x4 C:/ST/STM32CubeIDE_1.19.0/STM32CubeIDE/plugins/com.st.stm32cube.ide.mcu.externaltools.gnu-tools-for-stm32.13.3.rel1.win32_1.0.0.202411081344/tools/bin/../lib/gcc/arm-none-eabi/13.3.1/thumb/v7e-m+dp/hard/crtbegin.o
                [!provide]                        PROVIDE (__fini_array_end = .)
                0x080109d4                        . = ALIGN (0x4)
                0x080109d4                        _sidata = LOADADDR (.data)

.rel.dyn        0x080109d4        0x0
 .rel.iplt      0x080109d4        0x0 C:/ST/STM32CubeIDE_1.19.0/STM32CubeIDE/plugins/com.st.stm32cube.ide.mcu.externaltools.gnu-tools-for-stm32.13.3.rel1.win32_1.0.0.202411081344/tools/bin/../lib/gcc/arm-none-eabi/13.3.1/thumb/v7e-m+dp/hard/crtbegin.o

.data           0x24000000       0x68 load address 0x080109d4
                0x24000000                        . = ALIGN (0x4)
                0x24000000                        _sdata = .
 *(.data)
 *(.data*)
 .data.SystemCoreClock
                0x24000000        0x4 ./Common/Src/system_stm32h7xx_dualcore_boot_cm4_cm7.o
                0x24000000                SystemCoreClock
 .data.SystemD2Clock
                0x24000004        0x4 ./Common/Src/system_stm32h7xx_dualcore_boot_cm4_cm7.o
                0x24000004                SystemD2Clock
 .data.COM_USART
                0x24000008        0x4 ./Drivers/BSP/STM32H7xx_Nucleo/stm32h7xx_nucleo.o
                0x24000008                COM_USART
 .data.uwTickPrio
                0x2400000c        0x4 ./Drivers/STM32H7xx_HAL_Driver/stm32h7xx_hal.o
                0x2400000c                uwTickPrio
 .data.uwTickFreq
                0x24000010        0x1 ./Drivers/STM32H7xx_HAL_Driver/stm32h7xx_hal.o
                0x24000010                uwTickFreq
 *fill*         0x24000011        0x3 
 .data.uxCriticalNesting
                0x24000014        0x4 ./Middlewares/Third_Party/FreeRTOS/port.o
 .data._impure_ptr
                0x24000018        0x4 C:/ST/STM32CubeIDE_1.19.0/STM32CubeIDE/plugins/com.st.stm32cube.ide.mcu.externaltools.gnu-tools-for-stm32.13.3.rel1.win32_1.0.0.202411081344/tools/bin/../lib/gcc/arm-none-eabi/13.3.1/../../../../arm-none-eabi/lib/thumb/v7e-m+dp/hard\libc_nano.a(libc_a-impure.o)
                0x24000018                _impure_ptr
 .data._impure_data
                0x2400001c       0x4c C:/ST/STM32CubeIDE_1.19.0/STM32CubeIDE/plugins/com.st.stm32cube.ide.mcu.externaltools.gnu-tools-for-stm32.13.3.rel1.win32_1.0.0.202411081344/tools/bin/../lib/gcc/arm-none-eabi/13.3.1/../../../../arm-none-eabi/lib/thumb/v7e-m+dp/hard\libc_nano.a(libc_a-impure.o)
                0x2400001c                _impure_data
 *(.RamFunc)
 *(.RamFunc*)
                0x24000068                        . = ALIGN (0x4)
                0x24000068                        _edata = .

.igot.plt       0x24000068        0x0 load address 0x08010a3c
 .igot.plt      0x24000068        0x0 C:/ST/STM32CubeIDE_1.19.0/STM32CubeIDE/plugins/com.st.stm32cube.ide.mcu.externaltools.gnu-tools-for-stm32.13.3.rel1.win32_1.0.0.202411081344/tools/bin/../lib/gcc/arm-none-eabi/13.3.1/thumb/v7e-m+dp/hard/crtbegin.o
                0x24000068                        . = ALIGN (0x4)

.bss            0x24000068     0x52a8 load address 0x08010a3c
                0x24000068                        _sbss = .
                0x24000068                        __bss_start__ = _sbss
 *(.bss)
 .bss           0x24000068       0x1c C:/ST/STM32CubeIDE_1.19.0/STM32CubeIDE/plugins/com.st.stm32cube.ide.mcu.externaltools.gnu-tools-for-stm32.13.3.rel1.win32_1.0.0.202411081344/tools/bin/../lib/gcc/arm-none-eabi/13.3.1/thumb/v7e-m+dp/hard/crtbegin.o
 *(.bss*)
 .bss.defaultTaskHandle
                0x24000084        0x4 ./Core/Src/freertos.o
                0x24000084                defaultTaskHandle
 .bss.xIdleTaskTCBBuffer
                0x24000088       0xa4 ./Core/Src/freertos.o
 .bss.xIdleStack
                0x2400012c      0x200 ./Core/Src/freertos.o
 .bss.lastTick.0
                0x2400032c        0x4 ./Core/Src/gpio.o
 .bss.sensingEnabled
                0x24000330        0x1 ./Core/Src/main.o
                0x24000330                sensingEnabled
 .bss.action    0x24000331        0x1 ./Core/Src/main.o
                0x24000331                action
 .bss.label     0x24000332        0x1 ./Core/Src/main.o
                0x24000332                label
 *fill*         0x24000333        0x1 
 .bss.uartMtx   0x24000334        0x4 ./Core/Src/main.o
                0x24000334                uartMtx
 .bss.uartTxDoneSem
                0x24000338        0x4 ./Core/Src/main.o
                0x24000338                uartTxDoneSem
 .bss.uartBuf   0x2400033c      0x800 ./Core/Src/main.o
 .bss.activeBuf
                0x24000b3c        0x1 ./Core/Src/main.o
 .bss.uartDmaBusy
                0x24000b3d        0x1 ./Core/Src/main.o
 *fill*         0x24000b3e        0x2 
 .bss.imuFrame  0x24000b40       0x64 ./Core/Src/main.o
                0x24000b40                imuFrame
 .bss.dataReadySem
                0x24000ba4        0x4 ./Core/Src/main.o
                0x24000ba4                dataReadySem
 .bss.emaA      0x24000ba8       0x24 ./Core/Src/main.o
 .bss.emaG      0x24000bcc       0x24 ./Core/Src/main.o
 .bss.emaInitA  0x24000bf0       0x12 ./Core/Src/main.o
 *fill*         0x24000c02        0x2 
 .bss.emaInitG  0x24000c04       0x12 ./Core/Src/main.o
 *fill*         0x24000c16        0x2 
 .bss.dEmaA     0x24000c18       0x48 ./Core/Src/main.o
 .bss.dEmaG     0x24000c60       0x48 ./Core/Src/main.o
 .bss.accRing   0x24000ca8       0xd8 ./Core/Src/main.o
 .bss.gyrRing   0x24000d80       0xd8 ./Core/Src/main.o
 .bss.accPrevOut
                0x24000e58       0x24 ./Core/Src/main.o
 .bss.gyrPrevOut
                0x24000e7c       0x24 ./Core/Src/main.o
 .bss.accOutInit
                0x24000ea0       0x12 ./Core/Src/main.o
 *fill*         0x24000eb2        0x2 
 .bss.gyrOutInit
                0x24000eb4       0x12 ./Core/Src/main.o
 *fill*         0x24000ec6        0x2 
 .bss.postBufA  0x24000ec8       0x6c ./Core/Src/main.o
 .bss.postBufG  0x24000f34       0x6c ./Core/Src/main.o
 .bss.postIdxA  0x24000fa0       0x12 ./Core/Src/main.o
 *fill*         0x24000fb2        0x2 
 .bss.postIdxG  0x24000fb4       0x12 ./Core/Src/main.o
 *fill*         0x24000fc6        0x2 
 .bss.BspCOMInit
                0x24000fc8       0x10 ./Core/Src/main.o
                0x24000fc8                BspCOMInit
 .bss.hspi1     0x24000fd8       0x88 ./Core/Src/spi.o
                0x24000fd8                hspi1
 .bss.hspi2     0x24001060       0x88 ./Core/Src/spi.o
                0x24001060                hspi2
 .bss.hspi3     0x240010e8       0x88 ./Core/Src/spi.o
                0x240010e8                hspi3
 .bss.htim1     0x24001170       0x4c ./Core/Src/stm32h7xx_hal_timebase_tim.o
                0x24001170                htim1
 .bss.__sbrk_heap_end
                0x240011bc        0x4 ./Core/Src/sysmem.o
 .bss.htim3     0x240011c0       0x4c ./Core/Src/tim.o
                0x240011c0                htim3
 .bss.htim6     0x2400120c       0x4c ./Core/Src/tim.o
                0x2400120c                htim6
 .bss.huart1    0x24001258       0x94 ./Core/Src/usart.o
                0x24001258                huart1
 .bss.hdma_usart1_rx
                0x240012ec       0x78 ./Core/Src/usart.o
                0x240012ec                hdma_usart1_rx
 .bss.hdma_usart1_tx
                0x24001364       0x78 ./Core/Src/usart.o
                0x24001364                hdma_usart1_tx
 .bss.hcom_uart
                0x240013dc       0x94 ./Drivers/BSP/STM32H7xx_Nucleo/stm32h7xx_nucleo.o
                0x240013dc                hcom_uart
 .bss.uwTick    0x24001470        0x4 ./Drivers/STM32H7xx_HAL_Driver/stm32h7xx_hal.o
                0x24001470                uwTick
 .bss.ucHeap    0x24001474     0x3c00 ./Middlewares/Third_Party/FreeRTOS/heap_4.o
 .bss.xStart    0x24005074        0x8 ./Middlewares/Third_Party/FreeRTOS/heap_4.o
 .bss.pxEnd     0x2400507c        0x4 ./Middlewares/Third_Party/FreeRTOS/heap_4.o
 .bss.xFreeBytesRemaining
                0x24005080        0x4 ./Middlewares/Third_Party/FreeRTOS/heap_4.o
 .bss.xMinimumEverFreeBytesRemaining
                0x24005084        0x4 ./Middlewares/Third_Party/FreeRTOS/heap_4.o
 .bss.xNumberOfSuccessfulAllocations
                0x24005088        0x4 ./Middlewares/Third_Party/FreeRTOS/heap_4.o
 .bss.xNumberOfSuccessfulFrees
                0x2400508c        0x4 ./Middlewares/Third_Party/FreeRTOS/heap_4.o
 .bss.xBlockAllocatedBit
                0x24005090        0x4 ./Middlewares/Third_Party/FreeRTOS/heap_4.o
 .bss.ucMaxSysCallPriority
                0x24005094        0x1 ./Middlewares/Third_Party/FreeRTOS/port.o
 *fill*         0x24005095        0x3 
 .bss.ulMaxPRIGROUPValue
                0x24005098        0x4 ./Middlewares/Third_Party/FreeRTOS/port.o
 .bss.pxCurrentTCB
                0x2400509c        0x4 ./Middlewares/Third_Party/FreeRTOS/tasks.o
                0x2400509c                pxCurrentTCB
 .bss.pxReadyTasksLists
                0x240050a0       0x8c ./Middlewares/Third_Party/FreeRTOS/tasks.o
 .bss.xDelayedTaskList1
                0x2400512c       0x14 ./Middlewares/Third_Party/FreeRTOS/tasks.o
 .bss.xDelayedTaskList2
                0x24005140       0x14 ./Middlewares/Third_Party/FreeRTOS/tasks.o
 .bss.pxDelayedTaskList
                0x24005154        0x4 ./Middlewares/Third_Party/FreeRTOS/tasks.o
 .bss.pxOverflowDelayedTaskList
                0x24005158        0x4 ./Middlewares/Third_Party/FreeRTOS/tasks.o
 .bss.xPendingReadyList
                0x2400515c       0x14 ./Middlewares/Third_Party/FreeRTOS/tasks.o
 .bss.xTasksWaitingTermination
                0x24005170       0x14 ./Middlewares/Third_Party/FreeRTOS/tasks.o
 .bss.uxDeletedTasksWaitingCleanUp
                0x24005184        0x4 ./Middlewares/Third_Party/FreeRTOS/tasks.o
 .bss.xSuspendedTaskList
                0x24005188       0x14 ./Middlewares/Third_Party/FreeRTOS/tasks.o
 .bss.uxCurrentNumberOfTasks
                0x2400519c        0x4 ./Middlewares/Third_Party/FreeRTOS/tasks.o
 .bss.xTickCount
                0x240051a0        0x4 ./Middlewares/Third_Party/FreeRTOS/tasks.o
 .bss.uxTopReadyPriority
                0x240051a4        0x4 ./Middlewares/Third_Party/FreeRTOS/tasks.o
 .bss.xSchedulerRunning
                0x240051a8        0x4 ./Middlewares/Third_Party/FreeRTOS/tasks.o
 .bss.xPendedTicks
                0x240051ac        0x4 ./Middlewares/Third_Party/FreeRTOS/tasks.o
 .bss.xYieldPending
                0x240051b0        0x4 ./Middlewares/Third_Party/FreeRTOS/tasks.o
 .bss.xNumOfOverflows
                0x240051b4        0x4 ./Middlewares/Third_Party/FreeRTOS/tasks.o
 .bss.uxTaskNumber
                0x240051b8        0x4 ./Middlewares/Third_Party/FreeRTOS/tasks.o
 .bss.xNextTaskUnblockTime
                0x240051bc        0x4 ./Middlewares/Third_Party/FreeRTOS/tasks.o
 .bss.xIdleTaskHandle
                0x240051c0        0x4 ./Middlewares/Third_Party/FreeRTOS/tasks.o
 .bss.uxSchedulerSuspended
                0x240051c4        0x4 ./Middlewares/Third_Party/FreeRTOS/tasks.o
 .bss.__sf      0x240051c8      0x138 C:/ST/STM32CubeIDE_1.19.0/STM32CubeIDE/plugins/com.st.stm32cube.ide.mcu.externaltools.gnu-tools-for-stm32.13.3.rel1.win32_1.0.0.202411081344/tools/bin/../lib/gcc/arm-none-eabi/13.3.1/../../../../arm-none-eabi/lib/thumb/v7e-m+dp/hard\libc_nano.a(libc_a-findfp.o)
                0x240051c8                __sf
 .bss.errno     0x24005300        0x4 C:/ST/STM32CubeIDE_1.19.0/STM32CubeIDE/plugins/com.st.stm32cube.ide.mcu.externaltools.gnu-tools-for-stm32.13.3.rel1.win32_1.0.0.202411081344/tools/bin/../lib/gcc/arm-none-eabi/13.3.1/../../../../arm-none-eabi/lib/thumb/v7e-m+dp/hard\libc_nano.a(libc_a-reent.o)
                0x24005300                errno
 .bss.__lock___malloc_recursive_mutex
                0x24005304        0x1 C:/ST/STM32CubeIDE_1.19.0/STM32CubeIDE/plugins/com.st.stm32cube.ide.mcu.externaltools.gnu-tools-for-stm32.13.3.rel1.win32_1.0.0.202411081344/tools/bin/../lib/gcc/arm-none-eabi/13.3.1/../../../../arm-none-eabi/lib/thumb/v7e-m+dp/hard\libc_nano.a(libc_a-lock.o)
                0x24005304                __lock___malloc_recursive_mutex
 *fill*         0x24005305        0x3 
 .bss.__malloc_sbrk_start
                0x24005308        0x4 C:/ST/STM32CubeIDE_1.19.0/STM32CubeIDE/plugins/com.st.stm32cube.ide.mcu.externaltools.gnu-tools-for-stm32.13.3.rel1.win32_1.0.0.202411081344/tools/bin/../lib/gcc/arm-none-eabi/13.3.1/../../../../arm-none-eabi/lib/thumb/v7e-m+dp/hard\libc_nano.a(libc_a-mallocr.o)
                0x24005308                __malloc_sbrk_start
 .bss.__malloc_free_list
                0x2400530c        0x4 C:/ST/STM32CubeIDE_1.19.0/STM32CubeIDE/plugins/com.st.stm32cube.ide.mcu.externaltools.gnu-tools-for-stm32.13.3.rel1.win32_1.0.0.202411081344/tools/bin/../lib/gcc/arm-none-eabi/13.3.1/../../../../arm-none-eabi/lib/thumb/v7e-m+dp/hard\libc_nano.a(libc_a-mallocr.o)
                0x2400530c                __malloc_free_list
 *(COMMON)
                0x24005310                        . = ALIGN (0x4)
                0x24005310                        _ebss = .
                0x24005310                        __bss_end__ = _ebss

._user_heap_stack
                0x20000000     0x1000
                0x20000000                        . = ALIGN (0x8)
                [!provide]                        PROVIDE (end = .)
                0x20000000                        PROVIDE (_end = .)
                0x20000800                        . = (. + _Min_Heap_Size)
 *fill*         0x20000000      0x800 
                0x20001000                        . = (. + _Min_Stack_Size)
 *fill*         0x20000800      0x800 
                0x20001000                        . = ALIGN (0x8)

/DISCARD/
 libc.a(*)
 libm.a(*)
 libgcc.a(*)

.ARM.attributes
                0x00000000       0x2e
 *(.ARM.attributes)
 .ARM.attributes
                0x00000000       0x20 C:/ST/STM32CubeIDE_1.19.0/STM32CubeIDE/plugins/com.st.stm32cube.ide.mcu.externaltools.gnu-tools-for-stm32.13.3.rel1.win32_1.0.0.202411081344/tools/bin/../lib/gcc/arm-none-eabi/13.3.1/thumb/v7e-m+dp/hard/crti.o
 .ARM.attributes
                0x00000020       0x32 C:/ST/STM32CubeIDE_1.19.0/STM32CubeIDE/plugins/com.st.stm32cube.ide.mcu.externaltools.gnu-tools-for-stm32.13.3.rel1.win32_1.0.0.202411081344/tools/bin/../lib/gcc/arm-none-eabi/13.3.1/thumb/v7e-m+dp/hard/crtbegin.o
 .ARM.attributes
                0x00000052       0x32 ./Common/Src/system_stm32h7xx_dualcore_boot_cm4_cm7.o
 .ARM.attributes
                0x00000084       0x32 ./Core/Src/dma.o
 .ARM.attributes
                0x000000b6       0x32 ./Core/Src/freertos.o
 .ARM.attributes
                0x000000e8       0x32 ./Core/Src/gpio.o
 .ARM.attributes
                0x0000011a       0x32 ./Core/Src/main.o
 .ARM.attributes
                0x0000014c       0x32 ./Core/Src/spi.o
 .ARM.attributes
                0x0000017e       0x32 ./Core/Src/stm32h7xx_hal_msp.o
 .ARM.attributes
                0x000001b0       0x32 ./Core/Src/stm32h7xx_hal_timebase_tim.o
 .ARM.attributes
                0x000001e2       0x32 ./Core/Src/stm32h7xx_it.o
 .ARM.attributes
                0x00000214       0x32 ./Core/Src/syscalls.o
 .ARM.attributes
                0x00000246       0x32 ./Core/Src/sysmem.o
 .ARM.attributes
                0x00000278       0x32 ./Core/Src/tim.o
 .ARM.attributes
                0x000002aa       0x32 ./Core/Src/usart.o
 .ARM.attributes
                0x000002dc       0x21 ./Core/Startup/startup_stm32h755zitx.o
 .ARM.attributes
                0x000002fd       0x32 ./Drivers/BSP/STM32H7xx_Nucleo/stm32h7xx_nucleo.o
 .ARM.attributes
                0x0000032f       0x32 ./Drivers/STM32H7xx_HAL_Driver/stm32h7xx_hal.o
 .ARM.attributes
                0x00000361       0x32 ./Drivers/STM32H7xx_HAL_Driver/stm32h7xx_hal_cortex.o
 .ARM.attributes
                0x00000393       0x32 ./Drivers/STM32H7xx_HAL_Driver/stm32h7xx_hal_dma.o
 .ARM.attributes
                0x000003c5       0x32 ./Drivers/STM32H7xx_HAL_Driver/stm32h7xx_hal_gpio.o
 .ARM.attributes
                0x000003f7       0x32 ./Drivers/STM32H7xx_HAL_Driver/stm32h7xx_hal_hsem.o
 .ARM.attributes
                0x00000429       0x32 ./Drivers/STM32H7xx_HAL_Driver/stm32h7xx_hal_pwr_ex.o
 .ARM.attributes
                0x0000045b       0x32 ./Drivers/STM32H7xx_HAL_Driver/stm32h7xx_hal_rcc.o
 .ARM.attributes
                0x0000048d       0x32 ./Drivers/STM32H7xx_HAL_Driver/stm32h7xx_hal_rcc_ex.o
 .ARM.attributes
                0x000004bf       0x32 ./Drivers/STM32H7xx_HAL_Driver/stm32h7xx_hal_spi.o
 .ARM.attributes
                0x000004f1       0x32 ./Drivers/STM32H7xx_HAL_Driver/stm32h7xx_hal_tim.o
 .ARM.attributes
                0x00000523       0x32 ./Drivers/STM32H7xx_HAL_Driver/stm32h7xx_hal_tim_ex.o
 .ARM.attributes
                0x00000555       0x32 ./Drivers/STM32H7xx_HAL_Driver/stm32h7xx_hal_uart.o
 .ARM.attributes
                0x00000587       0x32 ./Drivers/STM32H7xx_HAL_Driver/stm32h7xx_hal_uart_ex.o
 .ARM.attributes
                0x000005b9       0x32 ./Middlewares/Third_Party/FreeRTOS/cmsis_os.o
 .ARM.attributes
                0x000005eb       0x32 ./Middlewares/Third_Party/FreeRTOS/heap_4.o
 .ARM.attributes
                0x0000061d       0x32 ./Middlewares/Third_Party/FreeRTOS/list.o
 .ARM.attributes
                0x0000064f       0x32 ./Middlewares/Third_Party/FreeRTOS/port.o
 .ARM.attributes
                0x00000681       0x32 ./Middlewares/Third_Party/FreeRTOS/queue.o
 .ARM.attributes
                0x000006b3       0x32 ./Middlewares/Third_Party/FreeRTOS/tasks.o
 .ARM.attributes
                0x000006e5       0x32 C:/ST/STM32CubeIDE_1.19.0/STM32CubeIDE/plugins/com.st.stm32cube.ide.mcu.externaltools.gnu-tools-for-stm32.13.3.rel1.win32_1.0.0.202411081344/tools/bin/../lib/gcc/arm-none-eabi/13.3.1/../../../../arm-none-eabi/lib/thumb/v7e-m+dp/hard\libc_nano.a(libc_a-findfp.o)
 .ARM.attributes
                0x00000717       0x32 C:/ST/STM32CubeIDE_1.19.0/STM32CubeIDE/plugins/com.st.stm32cube.ide.mcu.externaltools.gnu-tools-for-stm32.13.3.rel1.win32_1.0.0.202411081344/tools/bin/../lib/gcc/arm-none-eabi/13.3.1/../../../../arm-none-eabi/lib/thumb/v7e-m+dp/hard\libc_nano.a(libc_a-snprintf.o)
 .ARM.attributes
                0x00000749       0x32 C:/ST/STM32CubeIDE_1.19.0/STM32CubeIDE/plugins/com.st.stm32cube.ide.mcu.externaltools.gnu-tools-for-stm32.13.3.rel1.win32_1.0.0.202411081344/tools/bin/../lib/gcc/arm-none-eabi/13.3.1/../../../../arm-none-eabi/lib/thumb/v7e-m+dp/hard\libc_nano.a(libc_a-memset.o)
 .ARM.attributes
                0x0000077b       0x32 C:/ST/STM32CubeIDE_1.19.0/STM32CubeIDE/plugins/com.st.stm32cube.ide.mcu.externaltools.gnu-tools-for-stm32.13.3.rel1.win32_1.0.0.202411081344/tools/bin/../lib/gcc/arm-none-eabi/13.3.1/../../../../arm-none-eabi/lib/thumb/v7e-m+dp/hard\libc_nano.a(libc_a-reent.o)
 .ARM.attributes
                0x000007ad       0x32 C:/ST/STM32CubeIDE_1.19.0/STM32CubeIDE/plugins/com.st.stm32cube.ide.mcu.externaltools.gnu-tools-for-stm32.13.3.rel1.win32_1.0.0.202411081344/tools/bin/../lib/gcc/arm-none-eabi/13.3.1/../../../../arm-none-eabi/lib/thumb/v7e-m+dp/hard\libc_nano.a(libc_a-impure.o)
 .ARM.attributes
                0x000007df       0x32 C:/ST/STM32CubeIDE_1.19.0/STM32CubeIDE/plugins/com.st.stm32cube.ide.mcu.externaltools.gnu-tools-for-stm32.13.3.rel1.win32_1.0.0.202411081344/tools/bin/../lib/gcc/arm-none-eabi/13.3.1/../../../../arm-none-eabi/lib/thumb/v7e-m+dp/hard\libc_nano.a(libc_a-errno.o)
 .ARM.attributes
                0x00000811       0x32 C:/ST/STM32CubeIDE_1.19.0/STM32CubeIDE/plugins/com.st.stm32cube.ide.mcu.externaltools.gnu-tools-for-stm32.13.3.rel1.win32_1.0.0.202411081344/tools/bin/../lib/gcc/arm-none-eabi/13.3.1/../../../../arm-none-eabi/lib/thumb/v7e-m+dp/hard\libc_nano.a(libc_a-init.o)
 .ARM.attributes
                0x00000843       0x32 C:/ST/STM32CubeIDE_1.19.0/STM32CubeIDE/plugins/com.st.stm32cube.ide.mcu.externaltools.gnu-tools-for-stm32.13.3.rel1.win32_1.0.0.202411081344/tools/bin/../lib/gcc/arm-none-eabi/13.3.1/../../../../arm-none-eabi/lib/thumb/v7e-m+dp/hard\libc_nano.a(libc_a-lock.o)
 .ARM.attributes
                0x00000875       0x32 C:/ST/STM32CubeIDE_1.19.0/STM32CubeIDE/plugins/com.st.stm32cube.ide.mcu.externaltools.gnu-tools-for-stm32.13.3.rel1.win32_1.0.0.202411081344/tools/bin/../lib/gcc/arm-none-eabi/13.3.1/../../../../arm-none-eabi/lib/thumb/v7e-m+dp/hard\libc_nano.a(libc_a-systimes.o)
 .ARM.attributes
                0x000008a7       0x32 C:/ST/STM32CubeIDE_1.19.0/STM32CubeIDE/plugins/com.st.stm32cube.ide.mcu.externaltools.gnu-tools-for-stm32.13.3.rel1.win32_1.0.0.202411081344/tools/bin/../lib/gcc/arm-none-eabi/13.3.1/../../../../arm-none-eabi/lib/thumb/v7e-m+dp/hard\libc_nano.a(libc_a-memcpy-stub.o)
 .ARM.attributes
                0x000008d9       0x32 C:/ST/STM32CubeIDE_1.19.0/STM32CubeIDE/plugins/com.st.stm32cube.ide.mcu.externaltools.gnu-tools-for-stm32.13.3.rel1.win32_1.0.0.202411081344/tools/bin/../lib/gcc/arm-none-eabi/13.3.1/../../../../arm-none-eabi/lib/thumb/v7e-m+dp/hard\libc_nano.a(libc_a-freer.o)
 .ARM.attributes
                0x0000090b       0x32 C:/ST/STM32CubeIDE_1.19.0/STM32CubeIDE/plugins/com.st.stm32cube.ide.mcu.externaltools.gnu-tools-for-stm32.13.3.rel1.win32_1.0.0.202411081344/tools/bin/../lib/gcc/arm-none-eabi/13.3.1/../../../../arm-none-eabi/lib/thumb/v7e-m+dp/hard\libc_nano.a(libc_a-mallocr.o)
 .ARM.attributes
                0x0000093d       0x32 C:/ST/STM32CubeIDE_1.19.0/STM32CubeIDE/plugins/com.st.stm32cube.ide.mcu.externaltools.gnu-tools-for-stm32.13.3.rel1.win32_1.0.0.202411081344/tools/bin/../lib/gcc/arm-none-eabi/13.3.1/../../../../arm-none-eabi/lib/thumb/v7e-m+dp/hard\libc_nano.a(libc_a-mlock.o)
 .ARM.attributes
                0x0000096f       0x32 C:/ST/STM32CubeIDE_1.19.0/STM32CubeIDE/plugins/com.st.stm32cube.ide.mcu.externaltools.gnu-tools-for-stm32.13.3.rel1.win32_1.0.0.202411081344/tools/bin/../lib/gcc/arm-none-eabi/13.3.1/../../../../arm-none-eabi/lib/thumb/v7e-m+dp/hard\libc_nano.a(libc_a-nano-svfprintf.o)
 .ARM.attributes
                0x000009a1       0x32 C:/ST/STM32CubeIDE_1.19.0/STM32CubeIDE/plugins/com.st.stm32cube.ide.mcu.externaltools.gnu-tools-for-stm32.13.3.rel1.win32_1.0.0.202411081344/tools/bin/../lib/gcc/arm-none-eabi/13.3.1/../../../../arm-none-eabi/lib/thumb/v7e-m+dp/hard\libc_nano.a(libc_a-nano-vfprintf_i.o)
 .ARM.attributes
                0x000009d3       0x32 C:/ST/STM32CubeIDE_1.19.0/STM32CubeIDE/plugins/com.st.stm32cube.ide.mcu.externaltools.gnu-tools-for-stm32.13.3.rel1.win32_1.0.0.202411081344/tools/bin/../lib/gcc/arm-none-eabi/13.3.1/../../../../arm-none-eabi/lib/thumb/v7e-m+dp/hard\libc_nano.a(libc_a-memmove.o)
 .ARM.attributes
                0x00000a05       0x32 C:/ST/STM32CubeIDE_1.19.0/STM32CubeIDE/plugins/com.st.stm32cube.ide.mcu.externaltools.gnu-tools-for-stm32.13.3.rel1.win32_1.0.0.202411081344/tools/bin/../lib/gcc/arm-none-eabi/13.3.1/../../../../arm-none-eabi/lib/thumb/v7e-m+dp/hard\libc_nano.a(libc_a-sbrkr.o)
 .ARM.attributes
                0x00000a37       0x32 C:/ST/STM32CubeIDE_1.19.0/STM32CubeIDE/plugins/com.st.stm32cube.ide.mcu.externaltools.gnu-tools-for-stm32.13.3.rel1.win32_1.0.0.202411081344/tools/bin/../lib/gcc/arm-none-eabi/13.3.1/../../../../arm-none-eabi/lib/thumb/v7e-m+dp/hard\libc_nano.a(libc_a-timesr.o)
 .ARM.attributes
                0x00000a69       0x1c C:/ST/STM32CubeIDE_1.19.0/STM32CubeIDE/plugins/com.st.stm32cube.ide.mcu.externaltools.gnu-tools-for-stm32.13.3.rel1.win32_1.0.0.202411081344/tools/bin/../lib/gcc/arm-none-eabi/13.3.1/../../../../arm-none-eabi/lib/thumb/v7e-m+dp/hard\libc_nano.a(libc_a-memchr.o)
 .ARM.attributes
                0x00000a85       0x32 C:/ST/STM32CubeIDE_1.19.0/STM32CubeIDE/plugins/com.st.stm32cube.ide.mcu.externaltools.gnu-tools-for-stm32.13.3.rel1.win32_1.0.0.202411081344/tools/bin/../lib/gcc/arm-none-eabi/13.3.1/../../../../arm-none-eabi/lib/thumb/v7e-m+dp/hard\libc_nano.a(libc_a-reallocr.o)
 .ARM.attributes
                0x00000ab7       0x32 C:/ST/STM32CubeIDE_1.19.0/STM32CubeIDE/plugins/com.st.stm32cube.ide.mcu.externaltools.gnu-tools-for-stm32.13.3.rel1.win32_1.0.0.202411081344/tools/bin/../lib/gcc/arm-none-eabi/13.3.1/../../../../arm-none-eabi/lib/thumb/v7e-m+dp/hard\libc_nano.a(libc_a-msizer.o)
 .ARM.attributes
                0x00000ae9       0x20 C:/ST/STM32CubeIDE_1.19.0/STM32CubeIDE/plugins/com.st.stm32cube.ide.mcu.externaltools.gnu-tools-for-stm32.13.3.rel1.win32_1.0.0.202411081344/tools/bin/../lib/gcc/arm-none-eabi/13.3.1/thumb/v7e-m+dp/hard\libgcc.a(_aeabi_uldivmod.o)
 .ARM.attributes
                0x00000b09       0x32 C:/ST/STM32CubeIDE_1.19.0/STM32CubeIDE/plugins/com.st.stm32cube.ide.mcu.externaltools.gnu-tools-for-stm32.13.3.rel1.win32_1.0.0.202411081344/tools/bin/../lib/gcc/arm-none-eabi/13.3.1/thumb/v7e-m+dp/hard\libgcc.a(_udivmoddi4.o)
 .ARM.attributes
                0x00000b3b       0x20 C:/ST/STM32CubeIDE_1.19.0/STM32CubeIDE/plugins/com.st.stm32cube.ide.mcu.externaltools.gnu-tools-for-stm32.13.3.rel1.win32_1.0.0.202411081344/tools/bin/../lib/gcc/arm-none-eabi/13.3.1/thumb/v7e-m+dp/hard\libgcc.a(_dvmd_tls.o)
 .ARM.attributes
                0x00000b5b       0x20 C:/ST/STM32CubeIDE_1.19.0/STM32CubeIDE/plugins/com.st.stm32cube.ide.mcu.externaltools.gnu-tools-for-stm32.13.3.rel1.win32_1.0.0.202411081344/tools/bin/../lib/gcc/arm-none-eabi/13.3.1/thumb/v7e-m+dp/hard/crtn.o
OUTPUT(pro_CM7.elf elf32-littlearm)
LOAD linker stubs
LOAD C:/ST/STM32CubeIDE_1.19.0/STM32CubeIDE/plugins/com.st.stm32cube.ide.mcu.externaltools.gnu-tools-for-stm32.13.3.rel1.win32_1.0.0.202411081344/tools/bin/../lib/gcc/arm-none-eabi/13.3.1/../../../../arm-none-eabi/lib/thumb/v7e-m+dp/hard\libc.a
LOAD C:/ST/STM32CubeIDE_1.19.0/STM32CubeIDE/plugins/com.st.stm32cube.ide.mcu.externaltools.gnu-tools-for-stm32.13.3.rel1.win32_1.0.0.202411081344/tools/bin/../lib/gcc/arm-none-eabi/13.3.1/../../../../arm-none-eabi/lib/thumb/v7e-m+dp/hard\libm.a
LOAD C:/ST/STM32CubeIDE_1.19.0/STM32CubeIDE/plugins/com.st.stm32cube.ide.mcu.externaltools.gnu-tools-for-stm32.13.3.rel1.win32_1.0.0.202411081344/tools/bin/../lib/gcc/arm-none-eabi/13.3.1/thumb/v7e-m+dp/hard\libgcc.a

.debug_info     0x00000000    0x286ea
 .debug_info    0x00000000      0xe73 ./Common/Src/system_stm32h7xx_dualcore_boot_cm4_cm7.o
 .debug_info    0x00000e73      0x84e ./Core/Src/dma.o
 .debug_info    0x000016c1      0xb73 ./Core/Src/freertos.o
 .debug_info    0x00002234     0x121a ./Core/Src/gpio.o
 .debug_info    0x0000344e     0x2ff3 ./Core/Src/main.o
 .debug_info    0x00006441     0x11b0 ./Core/Src/spi.o
 .debug_info    0x000075f1      0x83f ./Core/Src/stm32h7xx_hal_msp.o
 .debug_info    0x00007e30     0x10be ./Core/Src/stm32h7xx_hal_timebase_tim.o
 .debug_info    0x00008eee      0xc57 ./Core/Src/stm32h7xx_it.o
 .debug_info    0x00009b45      0x6a3 ./Core/Src/syscalls.o
 .debug_info    0x0000a1e8      0x168 ./Core/Src/sysmem.o
 .debug_info    0x0000a350     0x1386 ./Core/Src/tim.o
 .debug_info    0x0000b6d6     0x156d ./Core/Src/usart.o
 .debug_info    0x0000cc43       0x30 ./Core/Startup/startup_stm32h755zitx.o
 .debug_info    0x0000cc73     0x1aa0 ./Drivers/BSP/STM32H7xx_Nucleo/stm32h7xx_nucleo.o
 .debug_info    0x0000e713     0x177a ./Drivers/STM32H7xx_HAL_Driver/stm32h7xx_hal.o
 .debug_info    0x0000fe8d     0x10d5 ./Drivers/STM32H7xx_HAL_Driver/stm32h7xx_hal_cortex.o
 .debug_info    0x00010f62      0xc43 ./Drivers/STM32H7xx_HAL_Driver/stm32h7xx_hal_dma.o
 .debug_info    0x00011ba5      0xd06 ./Drivers/STM32H7xx_HAL_Driver/stm32h7xx_hal_gpio.o
 .debug_info    0x000128ab      0x3d3 ./Drivers/STM32H7xx_HAL_Driver/stm32h7xx_hal_hsem.o
 .debug_info    0x00012c7e     0x1225 ./Drivers/STM32H7xx_HAL_Driver/stm32h7xx_hal_pwr_ex.o
 .debug_info    0x00013ea3      0xe67 ./Drivers/STM32H7xx_HAL_Driver/stm32h7xx_hal_rcc.o
 .debug_info    0x00014d0a     0x1303 ./Drivers/STM32H7xx_HAL_Driver/stm32h7xx_hal_rcc_ex.o
 .debug_info    0x0001600d     0x144a ./Drivers/STM32H7xx_HAL_Driver/stm32h7xx_hal_spi.o
 .debug_info    0x00017457     0x2bae ./Drivers/STM32H7xx_HAL_Driver/stm32h7xx_hal_tim.o
 .debug_info    0x0001a005     0x17eb ./Drivers/STM32H7xx_HAL_Driver/stm32h7xx_hal_tim_ex.o
 .debug_info    0x0001b7f0     0x4b1d ./Drivers/STM32H7xx_HAL_Driver/stm32h7xx_hal_uart.o
 .debug_info    0x0002030d      0xfbf ./Drivers/STM32H7xx_HAL_Driver/stm32h7xx_hal_uart_ex.o
 .debug_info    0x000212cc     0x23d5 ./Middlewares/Third_Party/FreeRTOS/cmsis_os.o
 .debug_info    0x000236a1      0x4d5 ./Middlewares/Third_Party/FreeRTOS/heap_4.o
 .debug_info    0x00023b76      0x2af ./Middlewares/Third_Party/FreeRTOS/list.o
 .debug_info    0x00023e25      0x4de ./Middlewares/Third_Party/FreeRTOS/port.o