../Core/Inc/kalman.h:14:20:Kalman_Init	1
../Core/Inc/kalman.h:21:21:Kalman_Update	1
../Core/Src/main.c:61:21:lpf	1
../Core/Src/main.c:135:6:HAL_UART_TxCpltCallback	2
../Core/Src/main.c:180:6:imu_config_setting	1
../Core/Src/main.c:308:6:Read_imu1	2
../Core/Src/main.c:366:6:vTaskLogger	9
../Core/Src/main.c:468:6:Read_imu2	2
../Core/Src/main.c:520:6:Read_imu3	2
../Core/Src/main.c:579:5:main	11
../Core/Src/main.c:706:6:SystemClock_Config	4
../Core/Src/main.c:773:6:HAL_TIM_PeriodElapsedCallback	3
../Core/Src/main.c:797:6:Error_Handler	1
