../Core/Src/main.c:132:23:med3	4
../Core/Src/main.c:139:23:deglitch_core	5
../Core/Src/main.c:153:23:filt_axis_acc	2
../Core/Src/main.c:164:23:filt_axis_gyr	2
../Core/Src/main.c:176:20:spike_filter_apply_v	1
../Core/Src/main.c:194:6:HAL_UART_TxCpltCallback	2
../Core/Src/main.c:239:6:imu_config_setting	1
../Core/Src/main.c:367:6:Read_imu1	2
../Core/Src/main.c:428:6:vTaskLogger	2
../Core/Src/main.c:490:6:Read_imu2	2
../Core/Src/main.c:549:6:Read_imu3	2
../Core/Src/main.c:613:5:main	11
../Core/Src/main.c:736:6:SystemClock_Config	4
../Core/Src/main.c:803:6:HAL_TIM_PeriodElapsedCallback	3
../Core/Src/main.c:827:6:Error_Handler	1
