../Core/Inc/ekf.h:68:21:EKF_Rad2Deg	1
../Core/Src/main.c:70:20:quat_conj	1
../Core/Src/main.c:73:20:quat_mul	1
../Core/Src/main.c:154:6:HAL_UART_TxCpltCallback	2
../Core/Src/main.c:199:6:imu_config_setting	1
../Core/Src/main.c:327:6:Read_imu1	2
../Core/Src/main.c:376:6:vTaskLogger	10
../Core/Src/main.c:506:6:Read_imu2	2
../Core/Src/main.c:555:6:Read_imu3	2
../Core/Src/main.c:611:5:main	12
../Core/Src/main.c:746:6:SystemClock_Config	4
../Core/Src/main.c:813:6:HAL_TIM_PeriodElapsedCallback	3
../Core/Src/main.c:837:6:Error_Handler	1
