Archive member included to satisfy reference by file (symbol)

C:/stm32/STM32CubeIDE_1.19.0/STM32CubeIDE/plugins/com.st.stm32cube.ide.mcu.externaltools.gnu-tools-for-stm32.13.3.rel1.win32_1.0.0.202411081344/tools/bin/../lib/gcc/arm-none-eabi/13.3.1/../../../../arm-none-eabi/lib/thumb/v7e-m+dp/hard\libc_nano.a(libc_a-exit.o)
                              C:/stm32/STM32CubeIDE_1.19.0/STM32CubeIDE/plugins/com.st.stm32cube.ide.mcu.externaltools.gnu-tools-for-stm32.13.3.rel1.win32_1.0.0.202411081344/tools/bin/../lib/gcc/arm-none-eabi/13.3.1/../../../../arm-none-eabi/lib/thumb/v7e-m+dp/hard/crt0.o (exit)
C:/stm32/STM32CubeIDE_1.19.0/STM32CubeIDE/plugins/com.st.stm32cube.ide.mcu.externaltools.gnu-tools-for-stm32.13.3.rel1.win32_1.0.0.202411081344/tools/bin/../lib/gcc/arm-none-eabi/13.3.1/../../../../arm-none-eabi/lib/thumb/v7e-m+dp/hard\libc_nano.a(libc_a-findfp.o)
                              ./Middlewares/Third_Party/FreeRTOS/Source/tasks.o (__sf)
C:/stm32/STM32CubeIDE_1.19.0/STM32CubeIDE/plugins/com.st.stm32cube.ide.mcu.externaltools.gnu-tools-for-stm32.13.3.rel1.win32_1.0.0.202411081344/tools/bin/../lib/gcc/arm-none-eabi/13.3.1/../../../../arm-none-eabi/lib/thumb/v7e-m+dp/hard\libc_nano.a(libc_a-fwalk.o)
                              C:/stm32/STM32CubeIDE_1.19.0/STM32CubeIDE/plugins/com.st.stm32cube.ide.mcu.externaltools.gnu-tools-for-stm32.13.3.rel1.win32_1.0.0.202411081344/tools/bin/../lib/gcc/arm-none-eabi/13.3.1/../../../../arm-none-eabi/lib/thumb/v7e-m+dp/hard\libc_nano.a(libc_a-findfp.o) (_fwalk_sglue)
C:/stm32/STM32CubeIDE_1.19.0/STM32CubeIDE/plugins/com.st.stm32cube.ide.mcu.externaltools.gnu-tools-for-stm32.13.3.rel1.win32_1.0.0.202411081344/tools/bin/../lib/gcc/arm-none-eabi/13.3.1/../../../../arm-none-eabi/lib/thumb/v7e-m+dp/hard\libc_nano.a(libc_a-snprintf.o)
                              ./Core/Src/main.o (snprintf)
C:/stm32/STM32CubeIDE_1.19.0/STM32CubeIDE/plugins/com.st.stm32cube.ide.mcu.externaltools.gnu-tools-for-stm32.13.3.rel1.win32_1.0.0.202411081344/tools/bin/../lib/gcc/arm-none-eabi/13.3.1/../../../../arm-none-eabi/lib/thumb/v7e-m+dp/hard\libc_nano.a(libc_a-sprintf.o)
                              ./Middlewares/Third_Party/FreeRTOS/Source/tasks.o (sprintf)
C:/stm32/STM32CubeIDE_1.19.0/STM32CubeIDE/plugins/com.st.stm32cube.ide.mcu.externaltools.gnu-tools-for-stm32.13.3.rel1.win32_1.0.0.202411081344/tools/bin/../lib/gcc/arm-none-eabi/13.3.1/../../../../arm-none-eabi/lib/thumb/v7e-m+dp/hard\libc_nano.a(libc_a-stdio.o)
                              C:/stm32/STM32CubeIDE_1.19.0/STM32CubeIDE/plugins/com.st.stm32cube.ide.mcu.externaltools.gnu-tools-for-stm32.13.3.rel1.win32_1.0.0.202411081344/tools/bin/../lib/gcc/arm-none-eabi/13.3.1/../../../../arm-none-eabi/lib/thumb/v7e-m+dp/hard\libc_nano.a(libc_a-findfp.o) (__sread)
C:/stm32/STM32CubeIDE_1.19.0/STM32CubeIDE/plugins/com.st.stm32cube.ide.mcu.externaltools.gnu-tools-for-stm32.13.3.rel1.win32_1.0.0.202411081344/tools/bin/../lib/gcc/arm-none-eabi/13.3.1/../../../../arm-none-eabi/lib/thumb/v7e-m+dp/hard\libc_nano.a(libc_a-memset.o)
                              C:/stm32/STM32CubeIDE_1.19.0/STM32CubeIDE/plugins/com.st.stm32cube.ide.mcu.externaltools.gnu-tools-for-stm32.13.3.rel1.win32_1.0.0.202411081344/tools/bin/../lib/gcc/arm-none-eabi/13.3.1/../../../../arm-none-eabi/lib/thumb/v7e-m+dp/hard/crt0.o (memset)
C:/stm32/STM32CubeIDE_1.19.0/STM32CubeIDE/plugins/com.st.stm32cube.ide.mcu.externaltools.gnu-tools-for-stm32.13.3.rel1.win32_1.0.0.202411081344/tools/bin/../lib/gcc/arm-none-eabi/13.3.1/../../../../arm-none-eabi/lib/thumb/v7e-m+dp/hard\libc_nano.a(libc_a-closer.o)
                              C:/stm32/STM32CubeIDE_1.19.0/STM32CubeIDE/plugins/com.st.stm32cube.ide.mcu.externaltools.gnu-tools-for-stm32.13.3.rel1.win32_1.0.0.202411081344/tools/bin/../lib/gcc/arm-none-eabi/13.3.1/../../../../arm-none-eabi/lib/thumb/v7e-m+dp/hard\libc_nano.a(libc_a-stdio.o) (_close_r)
C:/stm32/STM32CubeIDE_1.19.0/STM32CubeIDE/plugins/com.st.stm32cube.ide.mcu.externaltools.gnu-tools-for-stm32.13.3.rel1.win32_1.0.0.202411081344/tools/bin/../lib/gcc/arm-none-eabi/13.3.1/../../../../arm-none-eabi/lib/thumb/v7e-m+dp/hard\libc_nano.a(libc_a-reent.o)
                              ./Middlewares/Third_Party/FreeRTOS/Source/tasks.o (_reclaim_reent)
C:/stm32/STM32CubeIDE_1.19.0/STM32CubeIDE/plugins/com.st.stm32cube.ide.mcu.externaltools.gnu-tools-for-stm32.13.3.rel1.win32_1.0.0.202411081344/tools/bin/../lib/gcc/arm-none-eabi/13.3.1/../../../../arm-none-eabi/lib/thumb/v7e-m+dp/hard\libc_nano.a(libc_a-impure.o)
                              ./Middlewares/Third_Party/FreeRTOS/Source/tasks.o (_impure_ptr)
C:/stm32/STM32CubeIDE_1.19.0/STM32CubeIDE/plugins/com.st.stm32cube.ide.mcu.externaltools.gnu-tools-for-stm32.13.3.rel1.win32_1.0.0.202411081344/tools/bin/../lib/gcc/arm-none-eabi/13.3.1/../../../../arm-none-eabi/lib/thumb/v7e-m+dp/hard\libc_nano.a(libc_a-lseekr.o)
[...]
Memory Configuration

Name             Origin             Length             Attributes
FLASH            0x08000000         0x00200000         xr
DTCMRAM          0x20000000         0x00020000         xrw
RAM_D1           0x24000000         0x00080000         xrw
RAM_D2           0x30000000         0x00048000         xrw
RAM_D3           0x38000000         0x00010000         xrw
ITCMRAM          0x00000000         0x00010000         xrw
*default*        0x00000000         0xffffffff

Linker script and memory map

LOAD C:/stm32/STM32CubeIDE_1.19.0/STM32CubeIDE/plugins/com.st.stm32cube.ide.mcu.externaltools.gnu-tools-for-stm32.13.3.rel1.win32_1.0.0.202411081344/tools/bin/../lib/gcc/arm-none-eabi/13.3.1/thumb/v7e-m+dp/hard/crti.o
LOAD C:/stm32/STM32CubeIDE_1.19.0/STM32CubeIDE/plugins/com.st.stm32cube.ide.mcu.externaltools.gnu-tools-for-stm32.13.3.rel1.win32_1.0.0.202411081344/tools/bin/../lib/gcc/arm-none-eabi/13.3.1/thumb/v7e-m+dp/hard/crtbegin.o
LOAD C:/stm32/STM32CubeIDE_1.19.0/STM32CubeIDE/plugins/com.st.stm32cube.ide.mcu.externaltools.gnu-tools-for-stm32.13.3.rel1.win32_1.0.0.202411081344/tools/bin/../lib/gcc/arm-none-eabi/13.3.1/../../../../arm-none-eabi/lib/thumb/v7e-m+dp/hard/crt0.o
LOAD ./Core/Src/dma.o
LOAD ./Core/Src/freertos.o
LOAD ./Core/Src/gpio.o
LOAD ./Core/Src/main.o
LOAD ./Core/Src/spi.o
LOAD ./Core/Src/stm32h7xx_hal_msp.o
LOAD ./Core/Src/stm32h7xx_hal_timebase_tim.o
LOAD ./Core/Src/stm32h7xx_it.o
LOAD ./Core/Src/syscalls.o
LOAD ./Core/Src/sysmem.o
LOAD ./Core/Src/system_stm32h7xx.o
LOAD ./Core/Src/tim.o
LOAD ./Core/Src/usart.o
LOAD ./Core/Startup/startup_stm32h743zitx.o
LOAD ./Drivers/STM32H7xx_HAL_Driver/Src/stm32h7xx_hal.o
LOAD ./Drivers/STM32H7xx_HAL_Driver/Src/stm32h7xx_hal_cortex.o
LOAD ./Drivers/STM32H7xx_HAL_Driver/Src/stm32h7xx_hal_dma.o
LOAD ./Drivers/STM32H7xx_HAL_Driver/Src/stm32h7xx_hal_dma_ex.o
LOAD ./Drivers/STM32H7xx_HAL_Driver/Src/stm32h7xx_hal_exti.o
LOAD ./Drivers/STM32H7xx_HAL_Driver/Src/stm32h7xx_hal_flash.o
LOAD ./Drivers/STM32H7xx_HAL_Driver/Src/stm32h7xx_hal_flash_ex.o
LOAD ./Drivers/STM32H7xx_HAL_Driver/Src/stm32h7xx_hal_gpio.o
LOAD ./Drivers/STM32H7xx_HAL_Driver/Src/stm32h7xx_hal_hsem.o
LOAD ./Drivers/STM32H7xx_HAL_Driver/Src/stm32h7xx_hal_i2c.o
LOAD ./Drivers/STM32H7xx_HAL_Driver/Src/stm32h7xx_hal_i2c_ex.o
LOAD ./Drivers/STM32H7xx_HAL_Driver/Src/stm32h7xx_hal_mdma.o
LOAD ./Drivers/STM32H7xx_HAL_Driver/Src/stm32h7xx_hal_pwr.o
LOAD ./Drivers/STM32H7xx_HAL_Driver/Src/stm32h7xx_hal_pwr_ex.o
LOAD ./Drivers/STM32H7xx_HAL_Driver/Src/stm32h7xx_hal_rcc.o
LOAD ./Drivers/STM32H7xx_HAL_Driver/Src/stm32h7xx_hal_rcc_ex.o
LOAD ./Drivers/STM32H7xx_HAL_Driver/Src/stm32h7xx_hal_spi.o
LOAD ./Drivers/STM32H7xx_HAL_Driver/Src/stm32h7xx_hal_spi_ex.o
LOAD ./Drivers/STM32H7xx_HAL_Driver/Src/stm32h7xx_hal_tim.o
LOAD ./Drivers/STM32H7xx_HAL_Driver/Src/stm32h7xx_hal_tim_ex.o
LOAD ./Drivers/STM32H7xx_HAL_Driver/Src/stm32h7xx_hal_uart.o
LOAD ./Drivers/STM32H7xx_HAL_Driver/Src/stm32h7xx_hal_uart_ex.o
LOAD ./Middlewares/Third_Party/FreeRTOS/Source/CMSIS_RTOS/cmsis_os.o
LOAD ./Middlewares/Third_Party/FreeRTOS/Source/croutine.o
LOAD ./Middlewares/Third_Party/FreeRTOS/Source/event_groups.o
LOAD ./Middlewares/Third_Party/FreeRTOS/Source/list.o
LOAD ./Middlewares/Third_Party/FreeRTOS/Source/queue.o
LOAD ./Middlewares/Third_Party/FreeRTOS/Source/stream_buffer.o
LOAD ./Middlewares/Third_Party/FreeRTOS/Source/tasks.o
LOAD ./Middlewares/Third_Party/FreeRTOS/Source/timers.o
LOAD ./Middlewares/Third_Party/FreeRTOS/Source/portable/GCC/ARM_CM4F/port.o
LOAD ./Middlewares/Third_Party/FreeRTOS/Source/portable/MemMang/heap_4.o
START GROUP
LOAD C:/stm32/STM32CubeIDE_1.19.0/STM32CubeIDE/plugins/com.st.stm32cube.ide.mcu.externaltools.gnu-tools-for-stm32.13.3.rel1.win32_1.0.0.202411081344/tools/bin/../lib/gcc/arm-none-eabi/13.3.1/../../../../arm-none-eabi/lib/thumb/v7e-m+dp/hard\libc_nano.a
LOAD C:/stm32/STM32CubeIDE_1.19.0/STM32CubeIDE/plugins/com.st.stm32cube.ide.mcu.externaltools.gnu-tools-for-stm32.13.3.rel1.win32_1.0.0.202411081344/tools/bin/../lib/gcc/arm-none-eabi/13.3.1/../../../../arm-none-eabi/lib/thumb/v7e-m+dp/hard\libm.a
END GROUP
START GROUP
LOAD C:/stm32/STM32CubeIDE_1.19.0/STM32CubeIDE/plugins/com.st.stm32cube.ide.mcu.externaltools.gnu-tools-for-stm32.13.3.rel1.win32_1.0.0.202411081344/tools/bin/../lib/gcc/arm-none-eabi/13.3.1/thumb/v7e-m+dp/hard\libgcc.a
LOAD C:/stm32/STM32CubeIDE_1.19.0/STM32CubeIDE/plugins/com.st.stm32cube.ide.mcu.externaltools.gnu-tools-for-stm32.13.3.rel1.win32_1.0.0.202411081344/tools/bin/../lib/gcc/arm-none-eabi/13.3.1/../../../../arm-none-eabi/lib/thumb/v7e-m+dp/hard\libc_nano.a
END GROUP
START GROUP
LOAD C:/stm32/STM32CubeIDE_1.19.0/STM32CubeIDE/plugins/com.st.stm32cube.ide.mcu.externaltools.gnu-tools-for-stm32.13.3.rel1.win32_1.0.0.202411081344/tools/bin/../lib/gcc/arm-none-eabi/13.3.1/thumb/v7e-m+dp/hard\libgcc.a
LOAD C:/stm32/STM32CubeIDE_1.19.0/STM32CubeIDE/plugins/com.st.stm32cube.ide.mcu.externaltools.gnu-tools-for-stm32.13.3.rel1.win32_1.0.0.202411081344/tools/bin/../lib/gcc/arm-none-eabi/13.3.1/../../../../arm-none-eabi/lib/thumb/v7e-m+dp/hard\libc_nano.a
LOAD C:/stm32/STM32CubeIDE_1.19.0/STM32CubeIDE/plugins/com.st.stm32cube.ide.mcu.externaltools.gnu-tools-for-stm32.13.3.rel1.win32_1.0.0.202411081344/tools/bin/../lib/gcc/arm-none-eabi/13.3.1/../../../../arm-none-eabi/lib/thumb/v7e-m+dp/hard\libnosys.a
END GROUP
START GROUP
LOAD C:/stm32/STM32CubeIDE_1.19.0/STM32CubeIDE/plugins/com.st.stm32cube.ide.mcu.externaltools.gnu-tools-for-stm32.13.3.rel1.win32_1.0.0.202411081344/tools/bin/../lib/gcc/arm-none-eabi/13.3.1/thumb/v7e-m+dp/hard\libgcc.a
LOAD C:/stm32/STM32CubeIDE_1.19.0/STM32CubeIDE/plugins/com.st.stm32cube.ide.mcu.externaltools.gnu-tools-for-stm32.13.3.rel1.win32_1.0.0.202411081344/tools/bin/../lib/gcc/arm-none-eabi/13.3.1/../../../../arm-none-eabi/lib/thumb/v7e-m+dp/hard\libc_nano.a
LOAD C:/stm32/STM32CubeIDE_1.19.0/STM32CubeIDE/plugins/com.st.stm32cube.ide.mcu.externaltools.gnu-tools-for-stm32.13.3.rel1.win32_1.0.0.202411081344/tools/bin/../lib/gcc/arm-none-eabi/13.3.1/../../../../arm-none-eabi/lib/thumb/v7e-m+dp/hard\libnosys.a
END GROUP
LOAD C:/stm32/STM32CubeIDE_1.19.0/STM32CubeIDE/plugins/com.st.stm32cube.ide.mcu.externaltools.gnu-tools-for-stm32.13.3.rel1.win32_1.0.0.202411081344/tools/bin/../lib/gcc/arm-none-eabi/13.3.1/thumb/v7e-m+dp/hard/crtend.o
LOAD C:/stm32/STM32CubeIDE_1.19.0/STM32CubeIDE/plugins/com.st.stm32cube.ide.mcu.externaltools.gnu-tools-for-stm32.13.3.rel1.win32_1.0.0.202411081344/tools/bin/../lib/gcc/arm-none-eabi/13.3.1/thumb/v7e-m+dp/hard/crtn.o
                0x24080000                        _estack = (ORIGIN (RAM_D1) + LENGTH (RAM_D1))
                0x00000800                        _Min_Heap_Size = 0x800
                0x00000800                        _Min_Stack_Size = 0x800

.isr_vector     0x08000000      0x298
                0x08000000                        . = ALIGN (0x4)
 *(.isr_vector)
 .isr_vector    0x08000000      0x298 ./Core/Startup/startup_stm32h743zitx.o
                0x08000000                g_pfnVectors
                0x08000298                        . = ALIGN (0x4)

.text           0x080002a0    0x10720
                0x080002a0                        . = ALIGN (0x4)
 *(.text)
 .text          0x080002a0       0x40 C:/stm32/STM32CubeIDE_1.19.0/STM32CubeIDE/plugins/com.st.stm32cube.ide.mcu.externaltools.gnu-tools-for-stm32.13.3.rel1.win32_1.0.0.202411081344/tools/bin/../lib/gcc/arm-none-eabi/13.3.1/thumb/v7e-m+dp/hard/crtbegin.o
 .text          0x080002e0       0xa0 C:/stm32/STM32CubeIDE_1.19.0/STM32CubeIDE/plugins/com.st.stm32cube.ide.mcu.externaltools.gnu-tools-for-stm32.13.3.rel1.win32_1.0.0.202411081344/tools/bin/../lib/gcc/arm-none-eabi/13.3.1/../../../../arm-none-eabi/lib/thumb/v7e-m+dp/hard\libc_nano.a(libc_a-memchr.o)
                0x080002e0                memchr
 .text          0x08000380       0x30 C:/stm32/STM32CubeIDE_1.19.0/STM32CubeIDE/plugins/com.st.stm32cube.ide.mcu.externaltools.gnu-tools-for-stm32.13.3.rel1.win32_1.0.0.202411081344/tools/bin/../lib/gcc/arm-none-eabi/13.3.1/thumb/v7e-m+dp/hard\libgcc.a(_aeabi_uldivmod.o)
                0x08000380                __aeabi_uldivmod
 .text          0x080003b0      0x2f8 C:/stm32/STM32CubeIDE_1.19.0/STM32CubeIDE/plugins/com.st.stm32cube.ide.mcu.externaltools.gnu-tools-for-stm32.13.3.rel1.win32_1.0.0.202411081344/tools/bin/../lib/gcc/arm-none-eabi/13.3.1/thumb/v7e-m+dp/hard\libgcc.a(_udivmoddi4.o)
                0x080003b0                __udivmoddi4
 .text          0x080006a8        0x4 C:/stm32/STM32CubeIDE_1.19.0/STM32CubeIDE/plugins/com.st.stm32cube.ide.mcu.externaltools.gnu-tools-for-stm32.13.3.rel1.win32_1.0.0.202411081344/tools/bin/../lib/gcc/arm-none-eabi/13.3.1/thumb/v7e-m+dp/hard\libgcc.a(_dvmd_tls.o)
                0x080006a8                __aeabi_idiv0
                0x080006a8                __aeabi_ldiv0
 *(.text*)
 .text.MX_DMA_Init
                0x080006ac       0x50 ./Core/Src/dma.o
                0x080006ac                MX_DMA_Init
 .text.configureTimerForRunTimeStats
                0x080006fc        0xe ./Core/Src/freertos.o
                0x080006fc                configureTimerForRunTimeStats
 .text.getRunTimeCounterValue
                0x0800070a       0x10 ./Core/Src/freertos.o
                0x0800070a                getRunTimeCounterValue
 .text.vApplicationIdleHook
                0x0800071a        0xe ./Core/Src/freertos.o
                0x0800071a                vApplicationIdleHook
 .text.vApplicationTickHook
                0x08000728        0xe ./Core/Src/freertos.o
                0x08000728                vApplicationTickHook
 .text.vApplicationMallocFailedHook
                0x08000736        0xe ./Core/Src/freertos.o
                0x08000736                vApplicationMallocFailedHook
 .text.vApplicationDaemonTaskStartupHook
                0x08000744        0xe ./Core/Src/freertos.o
                0x08000744                vApplicationDaemonTaskStartupHook
 *fill*         0x08000752        0x2 
 .text.vApplicationGetIdleTaskMemory
                0x08000754       0x34 ./Core/Src/freertos.o
                0x08000754                vApplicationGetIdleTaskMemory
 .text.vApplicationGetTimerTaskMemory
                0x08000788       0x34 ./Core/Src/freertos.o
                0x08000788                vApplicationGetTimerTaskMemory
 .text.MX_FREERTOS_Init
                0x080007bc       0x38 ./Core/Src/freertos.o
                0x080007bc                MX_FREERTOS_Init
 .text.StartDefaultTask
                0x080007f4       0x10 ./Core/Src/freertos.o
                0x080007f4                StartDefaultTask
 .text.MX_GPIO_Init
                0x08000804      0x1e8 ./Core/Src/gpio.o
                0x08000804                MX_GPIO_Init
 .text.med3_local
                0x080009ec       0x5a ./Core/Src/main.o
 .text.ema_step
                0x08000a46       0x36 ./Core/Src/main.o
 .text.ema_step_i32
                0x08000a7c       0x80 ./Core/Src/main.o
 .text.clamp_dynamic
                0x08000afc       0x5a ./Core/Src/main.o
 .text.three_axis_jump
                0x08000b56       0x78 ./Core/Src/main.o
 .text.median5_push_get
                0x08000bce      0x116 ./Core/Src/main.o
 .text.post_med3_push
                0x08000ce4      0x184 ./Core/Src/main.o
 .text.slew_limit
                0x08000e68       0x5c ./Core/Src/main.o
 .text.iabs32   0x08000ec4       0x1c ./Core/Src/main.o
 .text.spike_filter_apply_v
                0x08000ee0      0xc78 ./Core/Src/main.o
 .text.HAL_UART_TxCpltCallback
                0x08001b58       0x64 ./Core/Src/main.o
                0x08001b58                HAL_UART_TxCpltCallback
 .text.imu_config_setting
                0x08001bbc      0x77c ./Core/Src/main.o
                0x08001bbc                imu_config_setting
 .text.Read_imu1
                0x08002338      0x210 ./Core/Src/main.o
                0x08002338                Read_imu1
 .text.vTaskLogger
                0x08002548      0x274 ./Core/Src/main.o
                0x08002548                vTaskLogger
 .text.Read_imu2
                0x080027bc      0x218 ./Core/Src/main.o
                0x080027bc                Read_imu2
 .text.Read_imu3
                0x080029d4      0x130 ./Core/Src/main.o
                0x080029d4                Read_imu3
 .text.main     0x08002b04      0x220 ./Core/Src/main.o
                0x08002b04                main
 .text.SystemClock_Config
                0x08002d24       0xf8 ./Core/Src/main.o
                0x08002d24                SystemClock_Config
 .text.UART4_DMA_TestStart
                0x08002e1c       0x30 ./Core/Src/main.o
                0x08002e1c                UART4_DMA_TestStart
 .text.MPU_Config
                0x08002e4c       0x58 ./Core/Src/main.o
 .text.HAL_TIM_PeriodElapsedCallback
                0x08002ea4       0x24 ./Core/Src/main.o
                0x08002ea4                HAL_TIM_PeriodElapsedCallback
 .text.Error_Handler
                0x08002ec8        0xe ./Core/Src/main.o
                0x08002ec8                Error_Handler
 *fill*         0x08002ed6        0x2 
 .text.MX_SPI1_Init
                0x08002ed8       0xac ./Core/Src/spi.o
                0x08002ed8                MX_SPI1_Init
 .text.MX_SPI2_Init
                0x08002f84       0xac ./Core/Src/spi.o
                0x08002f84                MX_SPI2_Init
 .text.MX_SPI3_Init
                0x08003030       0xac ./Core/Src/spi.o
                0x08003030                MX_SPI3_Init
 .text.MX_SPI4_Init
                0x080030dc       0xac ./Core/Src/spi.o
                0x080030dc                MX_SPI4_Init
 .text.HAL_SPI_MspInit
                0x08003188      0x380 ./Core/Src/spi.o
                0x08003188                HAL_SPI_MspInit
 .text.HAL_MspInit
                0x08003508       0x4c ./Core/Src/stm32h7xx_hal_msp.o
                0x08003508                HAL_MspInit
 .text.HAL_InitTick
                0x08003554       0xc4 ./Core/Src/stm32h7xx_hal_timebase_tim.o
                0x08003554                HAL_InitTick
 .text.NMI_Handler
                0x08003618        0x8 ./Core/Src/stm32h7xx_it.o
                0x08003618                NMI_Handler
 .text.HardFault_Handler
                0x08003620        0x8 ./Core/Src/stm32h7xx_it.o
                0x08003620                HardFault_Handler
 .text.MemManage_Handler
                0x08003628        0x8 ./Core/Src/stm32h7xx_it.o
                0x08003628                MemManage_Handler
 .text.BusFault_Handler
                0x08003630        0x8 ./Core/Src/stm32h7xx_it.o
                0x08003630                BusFault_Handler
 .text.UsageFault_Handler
                0x08003638        0x8 ./Core/Src/stm32h7xx_it.o
                0x08003638                UsageFault_Handler
 .text.DebugMon_Handler
                0x08003640        0xe ./Core/Src/stm32h7xx_it.o
                0x08003640                DebugMon_Handler
 .text.PVD_AVD_IRQHandler
                0x0800364e        0xc ./Core/Src/stm32h7xx_it.o
                0x0800364e                PVD_AVD_IRQHandler
 *fill*         0x0800365a        0x2 
 .text.DMA1_Stream0_IRQHandler
                0x0800365c       0x14 ./Core/Src/stm32h7xx_it.o
                0x0800365c                DMA1_Stream0_IRQHandler
 .text.DMA1_Stream1_IRQHandler
                0x08003670       0x14 ./Core/Src/stm32h7xx_it.o
                0x08003670                DMA1_Stream1_IRQHandler
 .text.TIM1_UP_IRQHandler
                0x08003684       0x14 ./Core/Src/stm32h7xx_it.o
                0x08003684                TIM1_UP_IRQHandler
 .text.UART4_IRQHandler
                0x08003698       0x14 ./Core/Src/stm32h7xx_it.o
                0x08003698                UART4_IRQHandler
 .text.TIM6_DAC_IRQHandler
                0x080036ac       0x14 ./Core/Src/stm32h7xx_it.o
                0x080036ac                TIM6_DAC_IRQHandler
 .text._sbrk    0x080036c0       0x6c ./Core/Src/sysmem.o
                0x080036c0                _sbrk
 .text.SystemInit
                0x0800372c      0x140 ./Core/Src/system_stm32h7xx.o
                0x0800372c                SystemInit
 .text.ExitRun0Mode
                0x0800386c       0x30 ./Core/Src/system_stm32h7xx.o
                0x0800386c                ExitRun0Mode
 .text.MX_TIM6_Init
                0x0800389c       0x6c ./Core/Src/tim.o
                0x0800389c                MX_TIM6_Init
 .text.HAL_TIM_Base_MspInit
                0x08003908       0x50 ./Core/Src/tim.o
                0x08003908                HAL_TIM_Base_MspInit
 .text.MX_UART4_Init
                0x08003958       0x98 ./Core/Src/usart.o
                0x08003958                MX_UART4_Init
 .text.HAL_UART_MspInit
                0x080039f0      0x1ac ./Core/Src/usart.o
                0x080039f0                HAL_UART_MspInit
 .text.Reset_Handler
                0x08003b9c       0x54 ./Core/Startup/startup_stm32h743zitx.o
                0x08003b9c                Reset_Handler
 .text.Default_Handler
                0x08003bf0        0x2 ./Core/Startup/startup_stm32h743zitx.o
                0x08003bf0                RTC_Alarm_IRQHandler
                0x08003bf0                EXTI2_IRQHandler
                0x08003bf0                TIM8_CC_IRQHandler
                0x08003bf0                HRTIM1_Master_IRQHandler
                0x08003bf0                UART8_IRQHandler
                0x08003bf0                SPI4_IRQHandler
                0x08003bf0                TIM1_CC_IRQHandler
                0x08003bf0                BDMA_Channel6_IRQHandler
                0x08003bf0                DMA2_Stream5_IRQHandler
                0x08003bf0                HRTIM1_FLT_IRQHandler
                0x08003bf0                JPEG_IRQHandler
                0x08003bf0                DMA1_Stream5_IRQHandler
                0x08003bf0                BDMA_Channel1_IRQHandler
                0x08003bf0                HRTIM1_TIMD_IRQHandler
                0x08003bf0                TAMP_STAMP_IRQHandler
                0x08003bf0                EXTI3_IRQHandler
                0x08003bf0                LPTIM4_IRQHandler
                0x08003bf0                TIM8_TRG_COM_TIM14_IRQHandler
                0x08003bf0                LPTIM2_IRQHandler
                0x08003bf0                DFSDM1_FLT1_IRQHandler
                0x08003bf0                DMAMUX2_OVR_IRQHandler
                0x08003bf0                TIM8_UP_TIM13_IRQHandler
                0x08003bf0                I2C3_ER_IRQHandler
                0x08003bf0                DFSDM1_FLT2_IRQHandler
                0x08003bf0                MDMA_IRQHandler
                0x08003bf0                LPTIM3_IRQHandler
                0x08003bf0                HSEM1_IRQHandler
                0x08003bf0                EXTI0_IRQHandler
                0x08003bf0                I2C2_EV_IRQHandler
                0x08003bf0                DMA1_Stream2_IRQHandler
                0x08003bf0                FPU_IRQHandler
                0x08003bf0                OTG_HS_WKUP_IRQHandler
                0x08003bf0                FDCAN1_IT1_IRQHandler
                0x08003bf0                LTDC_ER_IRQHandler
                0x08003bf0                DMA2_Stream2_IRQHandler
                0x08003bf0                HRTIM1_TIME_IRQHandler
                0x08003bf0                SPI1_IRQHandler
                0x08003bf0                DCMI_IRQHandler
                0x08003bf0                HRTIM1_TIMC_IRQHandler
                0x08003bf0                DMA2_Stream3_IRQHandler
                0x08003bf0                SAI2_IRQHandler
                0x08003bf0                DFSDM1_FLT3_IRQHandler
                0x08003bf0                USART6_IRQHandler
                0x08003bf0                TIM17_IRQHandler
                0x08003bf0                USART3_IRQHandler
                0x08003bf0                BDMA_Channel7_IRQHandler
                0x08003bf0                LPTIM5_IRQHandler
                0x08003bf0                UART5_IRQHandler
                0x08003bf0                ADC3_IRQHandler
                0x08003bf0                DMA2_Stream0_IRQHandler
                0x08003bf0                TIM4_IRQHandler
                0x08003bf0                BDMA_Channel2_IRQHandler
                0x08003bf0                QUADSPI_IRQHandler
                0x08003bf0                I2C1_EV_IRQHandler
                0x08003bf0                DMA1_Stream6_IRQHandler
                0x08003bf0                DMAMUX1_OVR_IRQHandler
                0x08003bf0                TIM16_IRQHandler
                0x08003bf0                BDMA_Channel5_IRQHandler
                0x08003bf0                TIM3_IRQHandler
                0x08003bf0                RCC_IRQHandler
                0x08003bf0                TIM8_BRK_TIM12_IRQHandler
                0x08003bf0                TIM1_TRG_COM_IRQHandler
                0x08003bf0                Default_Handler
                0x08003bf0                ECC_IRQHandler
                0x08003bf0                CEC_IRQHandler
                0x08003bf0                EXTI15_10_IRQHandler
                0x08003bf0                BDMA_Channel0_IRQHandler
                0x08003bf0                ADC_IRQHandler
                0x08003bf0                DMA1_Stream7_IRQHandler
                0x08003bf0                HRTIM1_TIMA_IRQHandler
                0x08003bf0                SPI5_IRQHandler
                0x08003bf0                TIM7_IRQHandler
                0x08003bf0                SDMMC1_IRQHandler
                0x08003bf0                TIM5_IRQHandler
                0x08003bf0                DMA2_Stream7_IRQHandler
                0x08003bf0                TIM15_IRQHandler
                0x08003bf0                I2C3_EV_IRQHandler
                0x08003bf0                EXTI9_5_IRQHandler
                0x08003bf0                RTC_WKUP_IRQHandler
                0x08003bf0                LTDC_IRQHandler
                0x08003bf0                SAI3_IRQHandler
                0x08003bf0                ETH_WKUP_IRQHandler
                0x08003bf0                SPDIF_RX_IRQHandler
                0x08003bf0                SPI2_IRQHandler
                0x08003bf0                OTG_HS_EP1_IN_IRQHandler
                0x08003bf0                CRS_IRQHandler
                0x08003bf0                EXTI4_IRQHandler
                0x08003bf0                RNG_IRQHandler
                0x08003bf0                HRTIM1_TIMB_IRQHandler
                0x08003bf0                FDCAN2_IT1_IRQHandler
                0x08003bf0                ETH_IRQHandler
                0x08003bf0                BDMA_Channel4_IRQHandler
                0x08003bf0                OTG_HS_EP1_OUT_IRQHandler
                0x08003bf0                WWDG_IRQHandler
                0x08003bf0                SPI6_IRQHandler
                0x08003bf0                MDIOS_IRQHandler
                0x08003bf0                I2C4_EV_IRQHandler
                0x08003bf0                FDCAN2_IT0_IRQHandler
                0x08003bf0                LPUART1_IRQHandler
                0x08003bf0                FDCAN1_IT0_IRQHandler
                0x08003bf0                TIM2_IRQHandler
                0x08003bf0                OTG_FS_WKUP_IRQHandler
                0x08003bf0                OTG_HS_IRQHandler
                0x08003bf0                DMA2D_IRQHandler
                0x08003bf0                TIM1_BRK_IRQHandler
                0x08003bf0                EXTI1_IRQHandler
                0x08003bf0                SDMMC2_IRQHandler
                0x08003bf0                OTG_FS_EP1_OUT_IRQHandler
                0x08003bf0                BDMA_Channel3_IRQHandler
                0x08003bf0                UART7_IRQHandler
                0x08003bf0                MDIOS_WKUP_IRQHandler
                0x08003bf0                USART2_IRQHandler
                0x08003bf0                DFSDM1_FLT0_IRQHandler
                0x08003bf0                SAI4_IRQHandler
                0x08003bf0                I2C2_ER_IRQHandler
                0x08003bf0                DMA2_Stream1_IRQHandler
                0x08003bf0                FLASH_IRQHandler
                0x08003bf0                DMA2_Stream4_IRQHandler
                0x08003bf0                USART1_IRQHandler
                0x08003bf0                OTG_FS_IRQHandler
                0x08003bf0                SPI3_IRQHandler
                0x08003bf0                WAKEUP_PIN_IRQHandler
                0x08003bf0                DMA1_Stream4_IRQHandler
                0x08003bf0                OTG_FS_EP1_IN_IRQHandler
                0x08003bf0                I2C1_ER_IRQHandler
                0x08003bf0                FMC_IRQHandler
                0x08003bf0                FDCAN_CAL_IRQHandler
                0x08003bf0                SWPMI1_IRQHandler
                0x08003bf0                COMP1_IRQHandler
                0x08003bf0                LPTIM1_IRQHandler
                0x08003bf0                I2C4_ER_IRQHandler
                0x08003bf0                DMA2_Stream6_IRQHandler
                0x08003bf0                SAI1_IRQHandler
                0x08003bf0                DMA1_Stream3_IRQHandler
 *fill*         0x08003bf2        0x2 
 .text.HAL_Init
                0x08003bf4       0x78 ./Drivers/STM32H7xx_HAL_Driver/Src/stm32h7xx_hal.o
                0x08003bf4                HAL_Init
 .text.HAL_IncTick
                0x08003c6c       0x28 ./Drivers/STM32H7xx_HAL_Driver/Src/stm32h7xx_hal.o
                0x08003c6c                HAL_IncTick
 .text.HAL_GetTick
                0x08003c94       0x18 ./Drivers/STM32H7xx_HAL_Driver/Src/stm32h7xx_hal.o
                0x08003c94                HAL_GetTick
 .text.HAL_GetREVID
                0x08003cac       0x18 ./Drivers/STM32H7xx_HAL_Driver/Src/stm32h7xx_hal.o
                0x08003cac                HAL_GetREVID
 .text.__NVIC_SetPriorityGrouping
                0x08003cc4       0x48 ./Drivers/STM32H7xx_HAL_Driver/Src/stm32h7xx_hal_cortex.o
 .text.__NVIC_GetPriorityGrouping
                0x08003d0c       0x1c ./Drivers/STM32H7xx_HAL_Driver/Src/stm32h7xx_hal_cortex.o
 .text.__NVIC_EnableIRQ
                0x08003d28       0x3c ./Drivers/STM32H7xx_HAL_Driver/Src/stm32h7xx_hal_cortex.o
 .text.__NVIC_SetPriority
                0x08003d64       0x54 ./Drivers/STM32H7xx_HAL_Driver/Src/stm32h7xx_hal_cortex.o
 .text.NVIC_EncodePriority
                0x08003db8       0x66 ./Drivers/STM32H7xx_HAL_Driver/Src/stm32h7xx_hal_cortex.o
 .text.HAL_NVIC_SetPriorityGrouping
                0x08003e1e       0x16 ./Drivers/STM32H7xx_HAL_Driver/Src/stm32h7xx_hal_cortex.o
                0x08003e1e                HAL_NVIC_SetPriorityGrouping
 .text.HAL_NVIC_SetPriority
                0x08003e34       0x34 ./Drivers/STM32H7xx_HAL_Driver/Src/stm32h7xx_hal_cortex.o
                0x08003e34                HAL_NVIC_SetPriority
 .text.HAL_NVIC_EnableIRQ
                0x08003e68       0x1c ./Drivers/STM32H7xx_HAL_Driver/Src/stm32h7xx_hal_cortex.o
                0x08003e68                HAL_NVIC_EnableIRQ
 .text.HAL_MPU_Disable
                0x08003e84       0x30 ./Drivers/STM32H7xx_HAL_Driver/Src/stm32h7xx_hal_cortex.o
                0x08003e84                HAL_MPU_Disable
 .text.HAL_MPU_Enable
                0x08003eb4       0x40 ./Drivers/STM32H7xx_HAL_Driver/Src/stm32h7xx_hal_cortex.o
                0x08003eb4                HAL_MPU_Enable
 .text.HAL_MPU_ConfigRegion
                0x08003ef4       0x80 ./Drivers/STM32H7xx_HAL_Driver/Src/stm32h7xx_hal_cortex.o
                0x08003ef4                HAL_MPU_ConfigRegion
 .text.HAL_DMA_Init
                0x08003f74      0x6b8 ./Drivers/STM32H7xx_HAL_Driver/Src/stm32h7xx_hal_dma.o
                0x08003f74                HAL_DMA_Init
 .text.HAL_DMA_Start_IT
                0x0800462c      0x4d4 ./Drivers/STM32H7xx_HAL_Driver/Src/stm32h7xx_hal_dma.o
                0x0800462c                HAL_DMA_Start_IT
 .text.HAL_DMA_Abort
                0x08004b00      0x63c ./Drivers/STM32H7xx_HAL_Driver/Src/stm32h7xx_hal_dma.o
                0x08004b00                HAL_DMA_Abort
 .text.HAL_DMA_Abort_IT
                0x0800513c      0x48c ./Drivers/STM32H7xx_HAL_Driver/Src/stm32h7xx_hal_dma.o
                0x0800513c                HAL_DMA_Abort_IT
 .text.HAL_DMA_IRQHandler
                0x080055c8      0xe54 ./Drivers/STM32H7xx_HAL_Driver/Src/stm32h7xx_hal_dma.o
                0x080055c8                HAL_DMA_IRQHandler
 .text.DMA_SetConfig
                0x0800641c      0x358 ./Drivers/STM32H7xx_HAL_Driver/Src/stm32h7xx_hal_dma.o
 .text.DMA_CalcBaseAndBitshift
                0x08006774      0x164 ./Drivers/STM32H7xx_HAL_Driver/Src/stm32h7xx_hal_dma.o
 .text.DMA_CheckFifoParam
                0x080068d8       0xf8 ./Drivers/STM32H7xx_HAL_Driver/Src/stm32h7xx_hal_dma.o
 .text.DMA_CalcDMAMUXChannelBaseAndMask
                0x080069d0      0x134 ./Drivers/STM32H7xx_HAL_Driver/Src/stm32h7xx_hal_dma.o
 .text.DMA_CalcDMAMUXRequestGenBaseAndMask
                0x08006b04       0xe8 ./Drivers/STM32H7xx_HAL_Driver/Src/stm32h7xx_hal_dma.o
 .text.HAL_GPIO_Init
                0x08006bec      0x360 ./Drivers/STM32H7xx_HAL_Driver/Src/stm32h7xx_hal_gpio.o
                0x08006bec                HAL_GPIO_Init
 .text.HAL_GPIO_WritePin
                0x08006f4c       0x32 ./Drivers/STM32H7xx_HAL_Driver/Src/stm32h7xx_hal_gpio.o
                0x08006f4c                HAL_GPIO_WritePin
 .text.HAL_PWR_PVDCallback
                0x08006f7e        0xe ./Drivers/STM32H7xx_HAL_Driver/Src/stm32h7xx_hal_pwr.o
                0x08006f7e                HAL_PWR_PVDCallback
 .text.HAL_PWREx_ConfigSupply
                0x08006f8c       0x74 ./Drivers/STM32H7xx_HAL_Driver/Src/stm32h7xx_hal_pwr_ex.o
                0x08006f8c                HAL_PWREx_ConfigSupply
 .text.HAL_PWREx_PVD_AVD_IRQHandler
                0x08007000       0x94 ./Drivers/STM32H7xx_HAL_Driver/Src/stm32h7xx_hal_pwr_ex.o
                0x08007000                HAL_PWREx_PVD_AVD_IRQHandler
 .text.HAL_PWREx_AVDCallback
                0x08007094        0xe ./Drivers/STM32H7xx_HAL_Driver/Src/stm32h7xx_hal_pwr_ex.o
                0x08007094                HAL_PWREx_AVDCallback
 *fill*         0x080070a2        0x2 
 .text.HAL_RCC_OscConfig
                0x080070a4      0x8b4 ./Drivers/STM32H7xx_HAL_Driver/Src/stm32h7xx_hal_rcc.o
                0x080070a4                HAL_RCC_OscConfig
 .text.HAL_RCC_ClockConfig
                0x08007958      0x36c ./Drivers/STM32H7xx_HAL_Driver/Src/stm32h7xx_hal_rcc.o
                0x08007958                HAL_RCC_ClockConfig
 .text.HAL_RCC_GetSysClockFreq
                0x08007cc4      0x2f4 ./Drivers/STM32H7xx_HAL_Driver/Src/stm32h7xx_hal_rcc.o
                0x08007cc4                HAL_RCC_GetSysClockFreq
 .text.HAL_RCC_GetHCLKFreq
                0x08007fb8       0x60 ./Drivers/STM32H7xx_HAL_Driver/Src/stm32h7xx_hal_rcc.o
                0x08007fb8                HAL_RCC_GetHCLKFreq
 .text.HAL_RCC_GetPCLK1Freq
                0x08008018       0x2c ./Drivers/STM32H7xx_HAL_Driver/Src/stm32h7xx_hal_rcc.o
                0x08008018                HAL_RCC_GetPCLK1Freq
 .text.HAL_RCC_GetPCLK2Freq
                0x08008044       0x2c ./Drivers/STM32H7xx_HAL_Driver/Src/stm32h7xx_hal_rcc.o
                0x08008044                HAL_RCC_GetPCLK2Freq
 .text.HAL_RCC_GetClockConfig
                0x08008070       0x84 ./Drivers/STM32H7xx_HAL_Driver/Src/stm32h7xx_hal_rcc.o
                0x08008070                HAL_RCC_GetClockConfig
 .text.HAL_RCCEx_PeriphCLKConfig
                0x080080f4     0x1414 ./Drivers/STM32H7xx_HAL_Driver/Src/stm32h7xx_hal_rcc_ex.o
                0x080080f4                HAL_RCCEx_PeriphCLKConfig
 .text.HAL_RCCEx_GetD3PCLK1Freq
                0x08009508       0x2c ./Drivers/STM32H7xx_HAL_Driver/Src/stm32h7xx_hal_rcc_ex.o
                0x08009508                HAL_RCCEx_GetD3PCLK1Freq
 .text.HAL_RCCEx_GetPLL2ClockFreq
                0x08009534      0x2a8 ./Drivers/STM32H7xx_HAL_Driver/Src/stm32h7xx_hal_rcc_ex.o
                0x08009534                HAL_RCCEx_GetPLL2ClockFreq
 .text.HAL_RCCEx_GetPLL3ClockFreq
                0x080097dc      0x2a8 ./Drivers/STM32H7xx_HAL_Driver/Src/stm32h7xx_hal_rcc_ex.o
                0x080097dc                HAL_RCCEx_GetPLL3ClockFreq
 .text.RCCEx_PLL2_Config
                0x08009a84      0x164 ./Drivers/STM32H7xx_HAL_Driver/Src/stm32h7xx_hal_rcc_ex.o
 .text.RCCEx_PLL3_Config
                0x08009be8      0x164 ./Drivers/STM32H7xx_HAL_Driver/Src/stm32h7xx_hal_rcc_ex.o
 .text.HAL_SPI_Init
                0x08009d4c      0x248 ./Drivers/STM32H7xx_HAL_Driver/Src/stm32h7xx_hal_spi.o
                0x08009d4c                HAL_SPI_Init
 .text.HAL_SPI_Transmit
                0x08009f94      0x3dc ./Drivers/STM32H7xx_HAL_Driver/Src/stm32h7xx_hal_spi.o
                0x08009f94                HAL_SPI_Transmit
 .text.HAL_SPI_Receive
                0x0800a370      0x4e4 ./Drivers/STM32H7xx_HAL_Driver/Src/stm32h7xx_hal_spi.o
                0x0800a370                HAL_SPI_Receive
 .text.SPI_CloseTransfer
                0x0800a854      0x140 ./Drivers/STM32H7xx_HAL_Driver/Src/stm32h7xx_hal_spi.o
 .text.SPI_WaitOnFlagUntilTimeout
                0x0800a994       0x5c ./Drivers/STM32H7xx_HAL_Driver/Src/stm32h7xx_hal_spi.o
 .text.SPI_GetPacketSize
                0x0800a9f0       0x36 ./Drivers/STM32H7xx_HAL_Driver/Src/stm32h7xx_hal_spi.o
 .text.HAL_TIM_Base_Init
                0x0800aa26       0xae ./Drivers/STM32H7xx_HAL_Driver/Src/stm32h7xx_hal_tim.o
                0x0800aa26                HAL_TIM_Base_Init
 .text.HAL_TIM_Base_Start_IT
                0x0800aad4       0xf0 ./Drivers/STM32H7xx_HAL_Driver/Src/stm32h7xx_hal_tim.o
                0x0800aad4                HAL_TIM_Base_Start_IT
 .text.HAL_TIM_IRQHandler
                0x0800abc4      0x20e ./Drivers/STM32H7xx_HAL_Driver/Src/stm32h7xx_hal_tim.o
                0x0800abc4                HAL_TIM_IRQHandler
 .text.HAL_TIM_OC_DelayElapsedCallback
                0x0800add2       0x14 ./Drivers/STM32H7xx_HAL_Driver/Src/stm32h7xx_hal_tim.o
                0x0800add2                HAL_TIM_OC_DelayElapsedCallback
 .text.HAL_TIM_IC_CaptureCallback
                0x0800ade6       0x14 ./Drivers/STM32H7xx_HAL_Driver/Src/stm32h7xx_hal_tim.o
                0x0800ade6                HAL_TIM_IC_CaptureCallback
 .text.HAL_TIM_PWM_PulseFinishedCallback
                0x0800adfa       0x14 ./Drivers/STM32H7xx_HAL_Driver/Src/stm32h7xx_hal_tim.o
                0x0800adfa                HAL_TIM_PWM_PulseFinishedCallback
 .text.HAL_TIM_TriggerCallback
                0x0800ae0e       0x14 ./Drivers/STM32H7xx_HAL_Driver/Src/stm32h7xx_hal_tim.o
                0x0800ae0e                HAL_TIM_TriggerCallback
 *fill*         0x0800ae22        0x2 
 .text.TIM_Base_SetConfig
                0x0800ae24      0x140 ./Drivers/STM32H7xx_HAL_Driver/Src/stm32h7xx_hal_tim.o
                0x0800ae24                TIM_Base_SetConfig
 .text.HAL_TIMEx_MasterConfigSynchronization
                0x0800af64      0x11c ./Drivers/STM32H7xx_HAL_Driver/Src/stm32h7xx_hal_tim_ex.o
                0x0800af64                HAL_TIMEx_MasterConfigSynchronization
 .text.HAL_TIMEx_CommutCallback
                0x0800b080       0x14 ./Drivers/STM32H7xx_HAL_Driver/Src/stm32h7xx_hal_tim_ex.o
                0x0800b080                HAL_TIMEx_CommutCallback
 .text.HAL_TIMEx_BreakCallback
                0x0800b094       0x14 ./Drivers/STM32H7xx_HAL_Driver/Src/stm32h7xx_hal_tim_ex.o
                0x0800b094                HAL_TIMEx_BreakCallback
 .text.HAL_TIMEx_Break2Callback
                0x0800b0a8       0x14 ./Drivers/STM32H7xx_HAL_Driver/Src/stm32h7xx_hal_tim_ex.o
                0x0800b0a8                HAL_TIMEx_Break2Callback
 .text.HAL_UART_Init
                0x0800b0bc       0xa0 ./Drivers/STM32H7xx_HAL_Driver/Src/stm32h7xx_hal_uart.o
                0x0800b0bc                HAL_UART_Init
 .text.HAL_UART_Transmit_DMA
                0x0800b15c      0x100 ./Drivers/STM32H7xx_HAL_Driver/Src/stm32h7xx_hal_uart.o
                0x0800b15c                HAL_UART_Transmit_DMA
 .text.HAL_UART_IRQHandler
                0x0800b25c      0x7ac ./Drivers/STM32H7xx_HAL_Driver/Src/stm32h7xx_hal_uart.o
                0x0800b25c                HAL_UART_IRQHandler
 .text.HAL_UART_TxHalfCpltCallback
                0x0800ba08       0x14 ./Drivers/STM32H7xx_HAL_Driver/Src/stm32h7xx_hal_uart.o
                0x0800ba08                HAL_UART_TxHalfCpltCallback
 .text.HAL_UART_ErrorCallback
                0x0800ba1c       0x14 ./Drivers/STM32H7xx_HAL_Driver/Src/stm32h7xx_hal_uart.o
                0x0800ba1c                HAL_UART_ErrorCallback
 .text.HAL_UARTEx_RxEventCallback
                0x0800ba30       0x18 ./Drivers/STM32H7xx_HAL_Driver/Src/stm32h7xx_hal_uart.o
                0x0800ba30                HAL_UARTEx_RxEventCallback
 .text.UART_SetConfig
                0x0800ba48      0xad0 ./Drivers/STM32H7xx_HAL_Driver/Src/stm32h7xx_hal_uart.o
                0x0800ba48                UART_SetConfig
 .text.UART_AdvFeatureConfig
                0x0800c518      0x144 ./Drivers/STM32H7xx_HAL_Driver/Src/stm32h7xx_hal_uart.o
                0x0800c518                UART_AdvFeatureConfig
 .text.UART_CheckIdleState
                0x0800c65c      0x154 ./Drivers/STM32H7xx_HAL_Driver/Src/stm32h7xx_hal_uart.o
                0x0800c65c                UART_CheckIdleState
 .text.UART_WaitOnFlagUntilTimeout
                0x0800c7b0       0xda ./Drivers/STM32H7xx_HAL_Driver/Src/stm32h7xx_hal_uart.o
                0x0800c7b0                UART_WaitOnFlagUntilTimeout
 .text.UART_EndTxTransfer
                0x0800c88a       0x82 ./Drivers/STM32H7xx_HAL_Driver/Src/stm32h7xx_hal_uart.o
 .text.UART_EndRxTransfer
                0x0800c90c       0xcc ./Drivers/STM32H7xx_HAL_Driver/Src/stm32h7xx_hal_uart.o
 .text.UART_DMATransmitCplt
                0x0800c9d8       0x96 ./Drivers/STM32H7xx_HAL_Driver/Src/stm32h7xx_hal_uart.o
 .text.UART_DMATxHalfCplt
                0x0800ca6e       0x1c ./Drivers/STM32H7xx_HAL_Driver/Src/stm32h7xx_hal_uart.o
 .text.UART_DMAError
                0x0800ca8a       0x80 ./Drivers/STM32H7xx_HAL_Driver/Src/stm32h7xx_hal_uart.o
 .text.UART_DMAAbortOnError
                0x0800cb0a       0x24 ./Drivers/STM32H7xx_HAL_Driver/Src/stm32h7xx_hal_uart.o
 .text.UART_EndTransmit_IT
                0x0800cb2e       0x56 ./Drivers/STM32H7xx_HAL_Driver/Src/stm32h7xx_hal_uart.o
 .text.HAL_UARTEx_WakeupCallback
                0x0800cb84       0x14 ./Drivers/STM32H7xx_HAL_Driver/Src/stm32h7xx_hal_uart_ex.o
                0x0800cb84                HAL_UARTEx_WakeupCallback
 .text.HAL_UARTEx_RxFifoFullCallback
                0x0800cb98       0x14 ./Drivers/STM32H7xx_HAL_Driver/Src/stm32h7xx_hal_uart_ex.o
                0x0800cb98                HAL_UARTEx_RxFifoFullCallback
 .text.HAL_UARTEx_TxFifoEmptyCallback
                0x0800cbac       0x14 ./Drivers/STM32H7xx_HAL_Driver/Src/stm32h7xx_hal_uart_ex.o
                0x0800cbac                HAL_UARTEx_TxFifoEmptyCallback
 .text.HAL_UARTEx_DisableFifoMode
                0x0800cbc0       0x72 ./Drivers/STM32H7xx_HAL_Driver/Src/stm32h7xx_hal_uart_ex.o
                0x0800cbc0                HAL_UARTEx_DisableFifoMode
 .text.HAL_UARTEx_SetTxFifoThreshold
                0x0800cc32       0x7c ./Drivers/STM32H7xx_HAL_Driver/Src/stm32h7xx_hal_uart_ex.o
                0x0800cc32                HAL_UARTEx_SetTxFifoThreshold
 .text.HAL_UARTEx_SetRxFifoThreshold
                0x0800ccae       0x7c ./Drivers/STM32H7xx_HAL_Driver/Src/stm32h7xx_hal_uart_ex.o
                0x0800ccae                HAL_UARTEx_SetRxFifoThreshold
 *fill*         0x0800cd2a        0x2 
 .text.UARTEx_SetNbDataToProcess
                0x0800cd2c       0x9c ./Drivers/STM32H7xx_HAL_Driver/Src/stm32h7xx_hal_uart_ex.o
 .text.makeFreeRtosPriority
                0x0800cdc8       0x30 ./Middlewares/Third_Party/FreeRTOS/Source/CMSIS_RTOS/cmsis_os.o
 .text.osKernelStart
                0x0800cdf8        0xe ./Middlewares/Third_Party/FreeRTOS/Source/CMSIS_RTOS/cmsis_os.o
                0x0800cdf8                osKernelStart
 .text.osThreadCreate
                0x0800ce06       0x98 ./Middlewares/Third_Party/FreeRTOS/Source/CMSIS_RTOS/cmsis_os.o
                0x0800ce06                osThreadCreate
 .text.osDelay  0x0800ce9e       0x28 ./Middlewares/Third_Party/FreeRTOS/Source/CMSIS_RTOS/cmsis_os.o
                0x0800ce9e                osDelay
 .text.vListInitialise
                0x0800cec6       0x40 ./Middlewares/Third_Party/FreeRTOS/Source/list.o
                0x0800cec6                vListInitialise
 .text.vListInitialiseItem
                0x0800cf06       0x1a ./Middlewares/Third_Party/FreeRTOS/Source/list.o
                0x0800cf06                vListInitialiseItem
 .text.vListInsertEnd
                0x0800cf20       0x48 ./Middlewares/Third_Party/FreeRTOS/Source/list.o
                0x0800cf20                vListInsertEnd
 .text.vListInsert
                0x0800cf68       0x72 ./Middlewares/Third_Party/FreeRTOS/Source/list.o
                0x0800cf68                vListInsert
 .text.uxListRemove
                0x0800cfda       0x54 ./Middlewares/Third_Party/FreeRTOS/Source/list.o
                0x0800cfda                uxListRemove
 *fill*         0x0800d02e        0x2 
 .text.xQueueGenericReset
                0x0800d030       0xd4 ./Middlewares/Third_Party/FreeRTOS/Source/queue.o
                0x0800d030                xQueueGenericReset
 .text.xQueueGenericCreateStatic
                0x0800d104       0xfa ./Middlewares/Third_Party/FreeRTOS/Source/queue.o
                0x0800d104                xQueueGenericCreateStatic
 .text.xQueueGenericCreate
                0x0800d1fe       0x76 ./Middlewares/Third_Party/FreeRTOS/Source/queue.o
                0x0800d1fe                xQueueGenericCreate
 .text.prvInitialiseNewQueue
                0x0800d274       0x46 ./Middlewares/Third_Party/FreeRTOS/Source/queue.o
 .text.prvInitialiseMutex
                0x0800d2ba       0x34 ./Middlewares/Third_Party/FreeRTOS/Source/queue.o
 .text.xQueueCreateMutex
                0x0800d2ee       0x30 ./Middlewares/Third_Party/FreeRTOS/Source/queue.o
                0x0800d2ee                xQueueCreateMutex
 .text.xQueueCreateCountingSemaphore
                0x0800d31e       0x6a ./Middlewares/Third_Party/FreeRTOS/Source/queue.o
                0x0800d31e                xQueueCreateCountingSemaphore
 .text.xQueueGenericSend
                0x0800d388      0x204 ./Middlewares/Third_Party/FreeRTOS/Source/queue.o
                0x0800d388                xQueueGenericSend
 .text.xQueueGenericSendFromISR
                0x0800d58c      0x13c ./Middlewares/Third_Party/FreeRTOS/Source/queue.o
                0x0800d58c                xQueueGenericSendFromISR
 .text.xQueueGiveFromISR
                0x0800d6c8      0x120 ./Middlewares/Third_Party/FreeRTOS/Source/queue.o
                0x0800d6c8                xQueueGiveFromISR
 .text.xQueueReceive
                0x0800d7e8      0x1c4 ./Middlewares/Third_Party/FreeRTOS/Source/queue.o
                0x0800d7e8                xQueueReceive
 .text.xQueueSemaphoreTake
                0x0800d9ac      0x220 ./Middlewares/Third_Party/FreeRTOS/Source/queue.o
                0x0800d9ac                xQueueSemaphoreTake
 .text.prvGetDisinheritPriorityAfterTimeout
                0x0800dbcc       0x30 ./Middlewares/Third_Party/FreeRTOS/Source/queue.o
 .text.prvCopyDataToQueue
                0x0800dbfc       0xd4 ./Middlewares/Third_Party/FreeRTOS/Source/queue.o
 .text.prvCopyDataFromQueue
                0x0800dcd0       0x4c ./Middlewares/Third_Party/FreeRTOS/Source/queue.o
 .text.prvUnlockQueue
                0x0800dd1c       0xa4 ./Middlewares/Third_Party/FreeRTOS/Source/queue.o
 .text.prvIsQueueEmpty
                0x0800ddc0       0x2c ./Middlewares/Third_Party/FreeRTOS/Source/queue.o
 .text.prvIsQueueFull
                0x0800ddec       0x30 ./Middlewares/Third_Party/FreeRTOS/Source/queue.o
 .text.vQueueAddToRegistry
                0x0800de1c       0x54 ./Middlewares/Third_Party/FreeRTOS/Source/queue.o
                0x0800de1c                vQueueAddToRegistry
 .text.vQueueWaitForMessageRestricted
                0x0800de70       0x68 ./Middlewares/Third_Party/FreeRTOS/Source/queue.o
                0x0800de70                vQueueWaitForMessageRestricted
 .text.xTaskCreateStatic
                0x0800ded8       0xc0 ./Middlewares/Third_Party/FreeRTOS/Source/tasks.o
                0x0800ded8                xTaskCreateStatic
 .text.xTaskCreate
                0x0800df98       0x8a ./Middlewares/Third_Party/FreeRTOS/Source/tasks.o
                0x0800df98                xTaskCreate
 *fill*         0x0800e022        0x2 
 .text.prvInitialiseNewTask
                0x0800e024      0x168 ./Middlewares/Third_Party/FreeRTOS/Source/tasks.o
 .text.prvAddNewTaskToReadyList
                0x0800e18c       0xdc ./Middlewares/Third_Party/FreeRTOS/Source/tasks.o
 .text.vTaskDelay
                0x0800e268       0x6c ./Middlewares/Third_Party/FreeRTOS/Source/tasks.o
                0x0800e268                vTaskDelay
 .text.vTaskStartScheduler
                0x0800e2d4       0xe4 ./Middlewares/Third_Party/FreeRTOS/Source/tasks.o
                0x0800e2d4                vTaskStartScheduler
 .text.vTaskSuspendAll
                0x0800e3b8       0x1c ./Middlewares/Third_Party/FreeRTOS/Source/tasks.o
                0x0800e3b8                vTaskSuspendAll
 .text.xTaskResumeAll
                0x0800e3d4      0x13c ./Middlewares/Third_Party/FreeRTOS/Source/tasks.o
                0x0800e3d4                xTaskResumeAll
 .text.xTaskGetTickCount
                0x0800e510       0x20 ./Middlewares/Third_Party/FreeRTOS/Source/tasks.o
                0x0800e510                xTaskGetTickCount
 .text.xTaskIncrementTick
                0x0800e530      0x184 ./Middlewares/Third_Party/FreeRTOS/Source/tasks.o
                0x0800e530                xTaskIncrementTick
 .text.vTaskSwitchContext
                0x0800e6b4      0x118 ./Middlewares/Third_Party/FreeRTOS/Source/tasks.o
                0x0800e6b4                vTaskSwitchContext
 .text.vTaskPlaceOnEventList
                0x0800e7cc       0x4c ./Middlewares/Third_Party/FreeRTOS/Source/tasks.o
                0x0800e7cc                vTaskPlaceOnEventList
 .text.vTaskPlaceOnEventListRestricted
                0x0800e818       0x58 ./Middlewares/Third_Party/FreeRTOS/Source/tasks.o
                0x0800e818                vTaskPlaceOnEventListRestricted
 .text.xTaskRemoveFromEventList
                0x0800e870       0xc8 ./Middlewares/Third_Party/FreeRTOS/Source/tasks.o
                0x0800e870                xTaskRemoveFromEventList
 .text.vTaskInternalSetTimeOutState
                0x0800e938       0x2c ./Middlewares/Third_Party/FreeRTOS/Source/tasks.o
                0x0800e938                vTaskInternalSetTimeOutState
 .text.xTaskCheckForTimeOut
                0x0800e964       0xe8 ./Middlewares/Third_Party/FreeRTOS/Source/tasks.o
                0x0800e964                xTaskCheckForTimeOut
 .text.vTaskMissedYield
                0x0800ea4c       0x18 ./Middlewares/Third_Party/FreeRTOS/Source/tasks.o
                0x0800ea4c                vTaskMissedYield
 .text.prvIdleTask
                0x0800ea64       0x34 ./Middlewares/Third_Party/FreeRTOS/Source/tasks.o
 .text.prvInitialiseTaskLists
                0x0800ea98       0x80 ./Middlewares/Third_Party/FreeRTOS/Source/tasks.o
 .text.prvCheckTasksWaitingTermination
                0x0800eb18       0x5c ./Middlewares/Third_Party/FreeRTOS/Source/tasks.o
 .text.prvDeleteTCB
                0x0800eb74       0x6a ./Middlewares/Third_Party/FreeRTOS/Source/tasks.o
 *fill*         0x0800ebde        0x2 
 .text.prvResetNextTaskUnblockTime
                0x0800ebe0       0x40 ./Middlewares/Third_Party/FreeRTOS/Source/tasks.o
 .text.xTaskGetSchedulerState
                0x0800ec20       0x3c ./Middlewares/Third_Party/FreeRTOS/Source/tasks.o
                0x0800ec20                xTaskGetSchedulerState
 .text.xTaskPriorityInherit
                0x0800ec5c       0xec ./Middlewares/Third_Party/FreeRTOS/Source/tasks.o
                0x0800ec5c                xTaskPriorityInherit
 .text.xTaskPriorityDisinherit
                0x0800ed48      0x110 ./Middlewares/Third_Party/FreeRTOS/Source/tasks.o
                0x0800ed48                xTaskPriorityDisinherit
 .text.vTaskPriorityDisinheritAfterTimeout
                0x0800ee58      0x120 ./Middlewares/Third_Party/FreeRTOS/Source/tasks.o
                0x0800ee58                vTaskPriorityDisinheritAfterTimeout
 .text.pvTaskIncrementMutexHeldCount
                0x0800ef78       0x28 ./Middlewares/Third_Party/FreeRTOS/Source/tasks.o
                0x0800ef78                pvTaskIncrementMutexHeldCount
 .text.prvAddCurrentTaskToDelayedList
                0x0800efa0       0xd4 ./Middlewares/Third_Party/FreeRTOS/Source/tasks.o
 .text.xTimerCreateTimerTask
                0x0800f074       0x94 ./Middlewares/Third_Party/FreeRTOS/Source/timers.o
                0x0800f074                xTimerCreateTimerTask
 .text.xTimerGenericCommand
                0x0800f108       0x9c ./Middlewares/Third_Party/FreeRTOS/Source/timers.o
                0x0800f108                xTimerGenericCommand
 .text.prvProcessExpiredTimer
                0x0800f1a4       0x9c ./Middlewares/Third_Party/FreeRTOS/Source/timers.o
 .text.prvTimerTask
                0x0800f240       0x2a ./Middlewares/Third_Party/FreeRTOS/Source/timers.o
 *fill*         0x0800f26a        0x2 
 .text.prvProcessTimerOrBlockTask
                0x0800f26c       0x9c ./Middlewares/Third_Party/FreeRTOS/Source/timers.o
 .text.prvGetNextExpireTime
                0x0800f308       0x48 ./Middlewares/Third_Party/FreeRTOS/Source/timers.o
 .text.prvSampleTimeNow
                0x0800f350       0x40 ./Middlewares/Third_Party/FreeRTOS/Source/timers.o
 .text.prvInsertTimerInActiveList
                0x0800f390       0x84 ./Middlewares/Third_Party/FreeRTOS/Source/timers.o
 .text.prvProcessReceivedCommands
                0x0800f414      0x194 ./Middlewares/Third_Party/FreeRTOS/Source/timers.o
 .text.prvSwitchTimerLists
                0x0800f5a8       0xcc ./Middlewares/Third_Party/FreeRTOS/Source/timers.o
 .text.prvCheckForValidListAndQueue
                0x0800f674       0x80 ./Middlewares/Third_Party/FreeRTOS/Source/timers.o
 .text.pxPortInitialiseStack
                0x0800f6f4       0x68 ./Middlewares/Third_Party/FreeRTOS/Source/portable/GCC/ARM_CM4F/port.o
                0x0800f6f4                pxPortInitialiseStack
 .text.prvTaskExitError
                0x0800f75c       0x5c ./Middlewares/Third_Party/FreeRTOS/Source/portable/GCC/ARM_CM4F/port.o
 *fill*         0x0800f7b8        0x8 
 .text.SVC_Handler
                0x0800f7c0       0x28 ./Middlewares/Third_Party/FreeRTOS/Source/portable/GCC/ARM_CM4F/port.o
                0x0800f7c0                SVC_Handler
 .text.prvPortStartFirstTask
                0x0800f7e8       0x28 ./Middlewares/Third_Party/FreeRTOS/Source/portable/GCC/ARM_CM4F/port.o
 .text.xPortStartScheduler
                0x0800f810      0x148 ./Middlewares/Third_Party/FreeRTOS/Source/portable/GCC/ARM_CM4F/port.o
                0x0800f810                xPortStartScheduler
 .text.vPortEnterCritical
                0x0800f958       0x64 ./Middlewares/Third_Party/FreeRTOS/Source/portable/GCC/ARM_CM4F/port.o
                0x0800f958                vPortEnterCritical
 .text.vPortExitCritical
                0x0800f9bc       0x54 ./Middlewares/Third_Party/FreeRTOS/Source/portable/GCC/ARM_CM4F/port.o
                0x0800f9bc                vPortExitCritical
 .text.PendSV_Handler
                0x0800fa10       0x68 ./Middlewares/Third_Party/FreeRTOS/Source/portable/GCC/ARM_CM4F/port.o
                0x0800fa10                PendSV_Handler
 .text.SysTick_Handler
                0x0800fa78       0x44 ./Middlewares/Third_Party/FreeRTOS/Source/portable/GCC/ARM_CM4F/port.o
                0x0800fa78                SysTick_Handler
 .text.vPortSetupTimerInterrupt
                0x0800fabc       0x48 ./Middlewares/Third_Party/FreeRTOS/Source/portable/GCC/ARM_CM4F/port.o
                0x0800fabc                vPortSetupTimerInterrupt
 .text.vPortEnableVFP
                0x0800fb04       0x14 ./Middlewares/Third_Party/FreeRTOS/Source/portable/GCC/ARM_CM4F/port.o
 .text.vPortValidateInterruptPriority
                0x0800fb18       0x84 ./Middlewares/Third_Party/FreeRTOS/Source/portable/GCC/ARM_CM4F/port.o
                0x0800fb18                vPortValidateInterruptPriority
 .text.pvPortMalloc
                0x0800fb9c      0x1a8 ./Middlewares/Third_Party/FreeRTOS/Source/portable/MemMang/heap_4.o
                0x0800fb9c                pvPortMalloc
 .text.vPortFree
                0x0800fd44       0xc8 ./Middlewares/Third_Party/FreeRTOS/Source/portable/MemMang/heap_4.o
                0x0800fd44                vPortFree
 .text.prvHeapInit
                0x0800fe0c       0xc4 ./Middlewares/Third_Party/FreeRTOS/Source/portable/MemMang/heap_4.o
 .text.prvInsertBlockIntoFreeList
                0x0800fed0       0xb4 ./Middlewares/Third_Party/FreeRTOS/Source/portable/MemMang/heap_4.o
 .text.snprintf
                0x0800ff84       0x6c C:/stm32/STM32CubeIDE_1.19.0/STM32CubeIDE/plugins/com.st.stm32cube.ide.mcu.externaltools.gnu-tools-for-stm32.13.3.rel1.win32_1.0.0.202411081344/tools/bin/../lib/gcc/arm-none-eabi/13.3.1/../../../../arm-none-eabi/lib/thumb/v7e-m+dp/hard\libc_nano.a(libc_a-snprintf.o)
                0x0800ff84                sniprintf
                0x0800ff84                snprintf
 .text.memset   0x0800fff0       0x10 C:/stm32/STM32CubeIDE_1.19.0/STM32CubeIDE/plugins/com.st.stm32cube.ide.mcu.externaltools.gnu-tools-for-stm32.13.3.rel1.win32_1.0.0.202411081344/tools/bin/../lib/gcc/arm-none-eabi/13.3.1/../../../../arm-none-eabi/lib/thumb/v7e-m+dp/hard\libc_nano.a(libc_a-memset.o)
                0x0800fff0                memset
 .text._reclaim_reent
                0x08010000       0xbc C:/stm32/STM32CubeIDE_1.19.0/STM32CubeIDE/plugins/com.st.stm32cube.ide.mcu.externaltools.gnu-tools-for-stm32.13.3.rel1.win32_1.0.0.202411081344/tools/bin/../lib/gcc/arm-none-eabi/13.3.1/../../../../arm-none-eabi/lib/thumb/v7e-m+dp/hard\libc_nano.a(libc_a-reent.o)
                0x08010000                _reclaim_reent
 .text.__errno  0x080100bc        0xc C:/stm32/STM32CubeIDE_1.19.0/STM32CubeIDE/plugins/com.st.stm32cube.ide.mcu.externaltools.gnu-tools-for-stm32.13.3.rel1.win32_1.0.0.202411081344/tools/bin/../lib/gcc/arm-none-eabi/13.3.1/../../../../arm-none-eabi/lib/thumb/v7e-m+dp/hard\libc_nano.a(libc_a-errno.o)
                0x080100bc                __errno
 .text.__libc_init_array
                0x080100c8       0x48 C:/stm32/STM32CubeIDE_1.19.0/STM32CubeIDE/plugins/com.st.stm32cube.ide.mcu.externaltools.gnu-tools-for-stm32.13.3.rel1.win32_1.0.0.202411081344/tools/bin/../lib/gcc/arm-none-eabi/13.3.1/../../../../arm-none-eabi/lib/thumb/v7e-m+dp/hard\libc_nano.a(libc_a-init.o)
                0x080100c8                __libc_init_array
 .text.__retarget_lock_acquire_recursive
                0x08010110        0x2 C:/stm32/STM32CubeIDE_1.19.0/STM32CubeIDE/plugins/com.st.stm32cube.ide.mcu.externaltools.gnu-tools-for-stm32.13.3.rel1.win32_1.0.0.202411081344/tools/bin/../lib/gcc/arm-none-eabi/13.3.1/../../../../arm-none-eabi/lib/thumb/v7e-m+dp/hard\libc_nano.a(libc_a-lock.o)
                0x08010110                __retarget_lock_acquire_recursive
 .text.__retarget_lock_release_recursive
                0x08010112        0x2 C:/stm32/STM32CubeIDE_1.19.0/STM32CubeIDE/plugins/com.st.stm32cube.ide.mcu.externaltools.gnu-tools-for-stm32.13.3.rel1.win32_1.0.0.202411081344/tools/bin/../lib/gcc/arm-none-eabi/13.3.1/../../../../arm-none-eabi/lib/thumb/v7e-m+dp/hard\libc_nano.a(libc_a-lock.o)
                0x08010112                __retarget_lock_release_recursive
 .text.memcpy   0x08010114       0x1c C:/stm32/STM32CubeIDE_1.19.0/STM32CubeIDE/plugins/com.st.stm32cube.ide.mcu.externaltools.gnu-tools-for-stm32.13.3.rel1.win32_1.0.0.202411081344/tools/bin/../lib/gcc/arm-none-eabi/13.3.1/../../../../arm-none-eabi/lib/thumb/v7e-m+dp/hard\libc_nano.a(libc_a-memcpy-stub.o)
                0x08010114                memcpy
 .text._free_r  0x08010130       0x94 C:/stm32/STM32CubeIDE_1.19.0/STM32CubeIDE/plugins/com.st.stm32cube.ide.mcu.externaltools.gnu-tools-for-stm32.13.3.rel1.win32_1.0.0.202411081344/tools/bin/../lib/gcc/arm-none-eabi/13.3.1/../../../../arm-none-eabi/lib/thumb/v7e-m+dp/hard\libc_nano.a(libc_a-freer.o)
                0x08010130                _free_r
 .text.sbrk_aligned
                0x080101c4       0x44 C:/stm32/STM32CubeIDE_1.19.0/STM32CubeIDE/plugins/com.st.stm32cube.ide.mcu.externaltools.gnu-tools-for-stm32.13.3.rel1.win32_1.0.0.202411081344/tools/bin/../lib/gcc/arm-none-eabi/13.3.1/../../../../arm-none-eabi/lib/thumb/v7e-m+dp/hard\libc_nano.a(libc_a-mallocr.o)
 .text._malloc_r
                0x08010208      0x100 C:/stm32/STM32CubeIDE_1.19.0/STM32CubeIDE/plugins/com.st.stm32cube.ide.mcu.externaltools.gnu-tools-for-stm32.13.3.rel1.win32_1.0.0.202411081344/tools/bin/../lib/gcc/arm-none-eabi/13.3.1/../../../../arm-none-eabi/lib/thumb/v7e-m+dp/hard\libc_nano.a(libc_a-mallocr.o)
                0x08010208                _malloc_r
 .text.__malloc_lock
                0x08010308        0xc C:/stm32/STM32CubeIDE_1.19.0/STM32CubeIDE/plugins/com.st.stm32cube.ide.mcu.externaltools.gnu-tools-for-stm32.13.3.rel1.win32_1.0.0.202411081344/tools/bin/../lib/gcc/arm-none-eabi/13.3.1/../../../../arm-none-eabi/lib/thumb/v7e-m+dp/hard\libc_nano.a(libc_a-mlock.o)
                0x08010308                __malloc_lock
 .text.__malloc_unlock
                0x08010314        0xc C:/stm32/STM32CubeIDE_1.19.0/STM32CubeIDE/plugins/com.st.stm32cube.ide.mcu.externaltools.gnu-tools-for-stm32.13.3.rel1.win32_1.0.0.202411081344/tools/bin/../lib/gcc/arm-none-eabi/13.3.1/../../../../arm-none-eabi/lib/thumb/v7e-m+dp/hard\libc_nano.a(libc_a-mlock.o)
                0x08010314                __malloc_unlock
 .text.__ssputs_r
                0x08010320       0xb6 C:/stm32/STM32CubeIDE_1.19.0/STM32CubeIDE/plugins/com.st.stm32cube.ide.mcu.externaltools.gnu-tools-for-stm32.13.3.rel1.win32_1.0.0.202411081344/tools/bin/../lib/gcc/arm-none-eabi/13.3.1/../../../../arm-none-eabi/lib/thumb/v7e-m+dp/hard\libc_nano.a(libc_a-nano-svfprintf.o)
                0x08010320                __ssputs_r
 *fill*         0x080103d6        0x2 
 .text._svfprintf_r
                0x080103d8      0x1f8 C:/stm32/STM32CubeIDE_1.19.0/STM32CubeIDE/plugins/com.st.stm32cube.ide.mcu.externaltools.gnu-tools-for-stm32.13.3.rel1.win32_1.0.0.202411081344/tools/bin/../lib/gcc/arm-none-eabi/13.3.1/../../../../arm-none-eabi/lib/thumb/v7e-m+dp/hard\libc_nano.a(libc_a-nano-svfprintf.o)
                0x080103d8                _svfiprintf_r
                0x080103d8                _svfprintf_r
 .text._printf_common
                0x080105d0       0xda C:/stm32/STM32CubeIDE_1.19.0/STM32CubeIDE/plugins/com.st.stm32cube.ide.mcu.externaltools.gnu-tools-for-stm32.13.3.rel1.win32_1.0.0.202411081344/tools/bin/../lib/gcc/arm-none-eabi/13.3.1/../../../../arm-none-eabi/lib/thumb/v7e-m+dp/hard\libc_nano.a(libc_a-nano-vfprintf_i.o)
                0x080105d0                _printf_common
 *fill*         0x080106aa        0x2 
 .text._printf_i
                0x080106ac      0x23c C:/stm32/STM32CubeIDE_1.19.0/STM32CubeIDE/plugins/com.st.stm32cube.ide.mcu.externaltools.gnu-tools-for-stm32.13.3.rel1.win32_1.0.0.202411081344/tools/bin/../lib/gcc/arm-none-eabi/13.3.1/../../../../arm-none-eabi/lib/thumb/v7e-m+dp/hard\libc_nano.a(libc_a-nano-vfprintf_i.o)
                0x080106ac                _printf_i
 .text.memmove  0x080108e8       0x34 C:/stm32/STM32CubeIDE_1.19.0/STM32CubeIDE/plugins/com.st.stm32cube.ide.mcu.externaltools.gnu-tools-for-stm32.13.3.rel1.win32_1.0.0.202411081344/tools/bin/../lib/gcc/arm-none-eabi/13.3.1/../../../../arm-none-eabi/lib/thumb/v7e-m+dp/hard\libc_nano.a(libc_a-memmove.o)
                0x080108e8                memmove
 .text._sbrk_r  0x0801091c       0x20 C:/stm32/STM32CubeIDE_1.19.0/STM32CubeIDE/plugins/com.st.stm32cube.ide.mcu.externaltools.gnu-tools-for-stm32.13.3.rel1.win32_1.0.0.202411081344/tools/bin/../lib/gcc/arm-none-eabi/13.3.1/../../../../arm-none-eabi/lib/thumb/v7e-m+dp/hard\libc_nano.a(libc_a-sbrkr.o)
                0x0801091c                _sbrk_r
 .text._realloc_r
                0x0801093c       0x5c C:/stm32/STM32CubeIDE_1.19.0/STM32CubeIDE/plugins/com.st.stm32cube.ide.mcu.externaltools.gnu-tools-for-stm32.13.3.rel1.win32_1.0.0.202411081344/tools/bin/../lib/gcc/arm-none-eabi/13.3.1/../../../../arm-none-eabi/lib/thumb/v7e-m+dp/hard\libc_nano.a(libc_a-reallocr.o)
                0x0801093c                _realloc_r
 .text._malloc_usable_size_r
                0x08010998       0x10 C:/stm32/STM32CubeIDE_1.19.0/STM32CubeIDE/plugins/com.st.stm32cube.ide.mcu.externaltools.gnu-tools-for-stm32.13.3.rel1.win32_1.0.0.202411081344/tools/bin/../lib/gcc/arm-none-eabi/13.3.1/../../../../arm-none-eabi/lib/thumb/v7e-m+dp/hard\libc_nano.a(libc_a-msizer.o)
                0x08010998                _malloc_usable_size_r
 *(.glue_7)
 .glue_7        0x080109a8        0x0 linker stubs
 *(.glue_7t)
 .glue_7t       0x080109a8        0x0 linker stubs
 *(.eh_frame)
 .eh_frame      0x080109a8        0x0 C:/stm32/STM32CubeIDE_1.19.0/STM32CubeIDE/plugins/com.st.stm32cube.ide.mcu.externaltools.gnu-tools-for-stm32.13.3.rel1.win32_1.0.0.202411081344/tools/bin/../lib/gcc/arm-none-eabi/13.3.1/thumb/v7e-m+dp/hard/crtbegin.o
 *(.init)
 .init          0x080109a8        0x4 C:/stm32/STM32CubeIDE_1.19.0/STM32CubeIDE/plugins/com.st.stm32cube.ide.mcu.externaltools.gnu-tools-for-stm32.13.3.rel1.win32_1.0.0.202411081344/tools/bin/../lib/gcc/arm-none-eabi/13.3.1/thumb/v7e-m+dp/hard/crti.o
                0x080109a8                _init
 .init          0x080109ac        0x8 C:/stm32/STM32CubeIDE_1.19.0/STM32CubeIDE/plugins/com.st.stm32cube.ide.mcu.externaltools.gnu-tools-for-stm32.13.3.rel1.win32_1.0.0.202411081344/tools/bin/../lib/gcc/arm-none-eabi/13.3.1/thumb/v7e-m+dp/hard/crtn.o
 *(.fini)
 .fini          0x080109b4        0x4 C:/stm32/STM32CubeIDE_1.19.0/STM32CubeIDE/plugins/com.st.stm32cube.ide.mcu.externaltools.gnu-tools-for-stm32.13.3.rel1.win32_1.0.0.202411081344/tools/bin/../lib/gcc/arm-none-eabi/13.3.1/thumb/v7e-m+dp/hard/crti.o
                0x080109b4                _fini
 .fini          0x080109b8        0x8 C:/stm32/STM32CubeIDE_1.19.0/STM32CubeIDE/plugins/com.st.stm32cube.ide.mcu.externaltools.gnu-tools-for-stm32.13.3.rel1.win32_1.0.0.202411081344/tools/bin/../lib/gcc/arm-none-eabi/13.3.1/thumb/v7e-m+dp/hard/crtn.o
                0x080109c0                        . = ALIGN (0x4)
                0x080109c0                        _etext = .

.vfp11_veneer   0x080109c0        0x0
 .vfp11_veneer  0x080109c0        0x0 linker stubs

.v4_bx          0x080109c0        0x0
 .v4_bx         0x080109c0        0x0 linker stubs

.iplt           0x080109c0        0x0
 .iplt          0x080109c0        0x0 C:/stm32/STM32CubeIDE_1.19.0/STM32CubeIDE/plugins/com.st.stm32cube.ide.mcu.externaltools.gnu-tools-for-stm32.13.3.rel1.win32_1.0.0.202411081344/tools/bin/../lib/gcc/arm-none-eabi/13.3.1/thumb/v7e-m+dp/hard/crtbegin.o

.rodata         0x080109c0      0x1f4
                0x080109c0                        . = ALIGN (0x4)
 *(.rodata)
 .rodata        0x080109c0       0x28 ./Core/Src/freertos.o
 .rodata        0x080109e8       0xce ./Core/Src/main.o
 *fill*         0x08010ab6        0x2 
 .rodata        0x08010ab8       0x30 ./Middlewares/Third_Party/FreeRTOS/Source/tasks.o
 .rodata        0x08010ae8        0xd ./Middlewares/Third_Party/FreeRTOS/Source/timers.o
 *(.rodata*)
 *fill*         0x08010af5        0x3 
 .rodata.DMAX_A
                0x08010af8       0x24 ./Core/Src/main.o
 .rodata.DMAX_G
                0x08010b1c       0x24 ./Core/Src/main.o
 .rodata.D1CorePrescTable
                0x08010b40       0x10 ./Core/Src/system_stm32h7xx.o
                0x08010b40                D1CorePrescTable
 .rodata.flagBitshiftOffset.0
                0x08010b50        0x8 ./Drivers/STM32H7xx_HAL_Driver/Src/stm32h7xx_hal_dma.o
 .rodata.UARTPrescTable
                0x08010b58       0x18 ./Drivers/STM32H7xx_HAL_Driver/Src/stm32h7xx_hal_uart.o
                0x08010b58                UARTPrescTable
 .rodata.numerator.1
                0x08010b70        0x8 ./Drivers/STM32H7xx_HAL_Driver/Src/stm32h7xx_hal_uart_ex.o
 .rodata.denominator.0
                0x08010b78        0x8 ./Drivers/STM32H7xx_HAL_Driver/Src/stm32h7xx_hal_uart_ex.o
 .rodata._svfprintf_r.str1.1
                0x08010b80       0x33 C:/stm32/STM32CubeIDE_1.19.0/STM32CubeIDE/plugins/com.st.stm32cube.ide.mcu.externaltools.gnu-tools-for-stm32.13.3.rel1.win32_1.0.0.202411081344/tools/bin/../lib/gcc/arm-none-eabi/13.3.1/../../../../arm-none-eabi/lib/thumb/v7e-m+dp/hard\libc_nano.a(libc_a-nano-svfprintf.o)
                                 0x11 (size before relaxing)
 .rodata._printf_i.str1.1
                0x08010bb3       0x22 C:/stm32/STM32CubeIDE_1.19.0/STM32CubeIDE/plugins/com.st.stm32cube.ide.mcu.externaltools.gnu-tools-for-stm32.13.3.rel1.win32_1.0.0.202411081344/tools/bin/../lib/gcc/arm-none-eabi/13.3.1/../../../../arm-none-eabi/lib/thumb/v7e-m+dp/hard\libc_nano.a(libc_a-nano-vfprintf_i.o)
                0x08010bd8                        . = ALIGN (0x4)
 *fill*         0x08010bb3        0x1 

.ARM.extab
 *(.ARM.extab* .gnu.linkonce.armextab.*)

.ARM            0x08010bb4        0x8
                0x08010bb4                        __exidx_start = .
 *(.ARM.exidx*)
 .ARM.exidx     0x08010bb4        0x8 C:/stm32/STM32CubeIDE_1.19.0/STM32CubeIDE/plugins/com.st.stm32cube.ide.mcu.externaltools.gnu-tools-for-stm32.13.3.rel1.win32_1.0.0.202411081344/tools/bin/../lib/gcc/arm-none-eabi/13.3.1/../../../../arm-none-eabi/lib/thumb/v7e-m+dp/hard\libc_nano.a(libc_a-memchr.o)
 .ARM.exidx     0x08010bbc        0x0 C:/stm32/STM32CubeIDE_1.19.0/STM32CubeIDE/plugins/com.st.stm32cube.ide.mcu.externaltools.gnu-tools-for-stm32.13.3.rel1.win32_1.0.0.202411081344/tools/bin/../lib/gcc/arm-none-eabi/13.3.1/thumb/v7e-m+dp/hard\libgcc.a(_udivmoddi4.o)
                                  0x8 (size before relaxing)
                0x08010bbc                        __exidx_end = .

.preinit_array  0x08010bbc        0x0
                0x08010bbc                        PROVIDE (__preinit_array_start = .)
 *(.preinit_array*)
                0x08010bbc                        PROVIDE (__preinit_array_end = .)

.init_array     0x08010bbc        0x4
                0x08010bbc                        PROVIDE (__init_array_start = .)
 *(SORT_BY_NAME(.init_array.*))
 *(.init_array*)
 .init_array    0x08010bbc        0x4 C:/stm32/STM32CubeIDE_1.19.0/STM32CubeIDE/plugins/com.st.stm32cube.ide.mcu.externaltools.gnu-tools-for-stm32.13.3.rel1.win32_1.0.0.202411081344/tools/bin/../lib/gcc/arm-none-eabi/13.3.1/thumb/v7e-m+dp/hard/crtbegin.o
                0x08010bc0                        PROVIDE (__init_array_end = .)

.fini_array     0x08010bc0        0x4
                [!provide]                        PROVIDE (__fini_array_start = .)
 *(SORT_BY_NAME(.fini_array.*))
 *(.fini_array*)
 .fini_array    0x08010bc0        0x4 C:/stm32/STM32CubeIDE_1.19.0/STM32CubeIDE/plugins/com.st.stm32cube.ide.mcu.externaltools.gnu-tools-for-stm32.13.3.rel1.win32_1.0.0.202411081344/tools/bin/../lib/gcc/arm-none-eabi/13.3.1/thumb/v7e-m+dp/hard/crtbegin.o
                [!provide]                        PROVIDE (__fini_array_end = .)
                0x08010bc4                        _sidata = LOADADDR (.data)

.rel.dyn        0x08010bc4        0x0
 .rel.iplt      0x08010bc4        0x0 C:/stm32/STM32CubeIDE_1.19.0/STM32CubeIDE/plugins/com.st.stm32cube.ide.mcu.externaltools.gnu-tools-for-stm32.13.3.rel1.win32_1.0.0.202411081344/tools/bin/../lib/gcc/arm-none-eabi/13.3.1/thumb/v7e-m+dp/hard/crtbegin.o

.data           0x24000000       0x90 load address 0x08010bc4
                0x24000000                        . = ALIGN (0x4)
                0x24000000                        _sdata = .
 *(.data)
 *(.data*)
 .data.label    0x24000000        0x1 ./Core/Src/main.o
                0x24000000                label
 *fill*         0x24000001        0x3 
 .data.uart4_dma_msg
                0x24000004       0x28 ./Core/Src/main.o
                0x24000004                uart4_dma_msg
 .data.SystemCoreClock
                0x2400002c        0x4 ./Core/Src/system_stm32h7xx.o
                0x2400002c                SystemCoreClock
 .data.SystemD2Clock
                0x24000030        0x4 ./Core/Src/system_stm32h7xx.o
                0x24000030                SystemD2Clock
 .data.uwTickPrio
                0x24000034        0x4 ./Drivers/STM32H7xx_HAL_Driver/Src/stm32h7xx_hal.o
                0x24000034                uwTickPrio
 .data.uwTickFreq
                0x24000038        0x1 ./Drivers/STM32H7xx_HAL_Driver/Src/stm32h7xx_hal.o
                0x24000038                uwTickFreq
 *fill*         0x24000039        0x3 
 .data.uxCriticalNesting
                0x2400003c        0x4 ./Middlewares/Third_Party/FreeRTOS/Source/portable/GCC/ARM_CM4F/port.o
 .data._impure_ptr
                0x24000040        0x4 C:/stm32/STM32CubeIDE_1.19.0/STM32CubeIDE/plugins/com.st.stm32cube.ide.mcu.externaltools.gnu-tools-for-stm32.13.3.rel1.win32_1.0.0.202411081344/tools/bin/../lib/gcc/arm-none-eabi/13.3.1/../../../../arm-none-eabi/lib/thumb/v7e-m+dp/hard\libc_nano.a(libc_a-impure.o)
                0x24000040                _impure_ptr
 .data._impure_data
                0x24000044       0x4c C:/stm32/STM32CubeIDE_1.19.0/STM32CubeIDE/plugins/com.st.stm32cube.ide.mcu.externaltools.gnu-tools-for-stm32.13.3.rel1.win32_1.0.0.202411081344/tools/bin/../lib/gcc/arm-none-eabi/13.3.1/../../../../arm-none-eabi/lib/thumb/v7e-m+dp/hard\libc_nano.a(libc_a-impure.o)
                0x24000044                _impure_data
 *(.RamFunc)
 *(.RamFunc*)
                0x24000090                        . = ALIGN (0x4)
                0x24000090                        _edata = .

.igot.plt       0x24000090        0x0 load address 0x08010c54
 .igot.plt      0x24000090        0x0 C:/stm32/STM32CubeIDE_1.19.0/STM32CubeIDE/plugins/com.st.stm32cube.ide.mcu.externaltools.gnu-tools-for-stm32.13.3.rel1.win32_1.0.0.202411081344/tools/bin/../lib/gcc/arm-none-eabi/13.3.1/thumb/v7e-m+dp/hard/crtbegin.o
                0x24000090                        . = ALIGN (0x4)

.bss            0x24000090     0xbc58 load address 0x08010c54
                0x24000090                        _sbss = .
                0x24000090                        __bss_start__ = _sbss
 *(.bss)
 .bss           0x24000090       0x1c C:/stm32/STM32CubeIDE_1.19.0/STM32CubeIDE/plugins/com.st.stm32cube.ide.mcu.externaltools.gnu-tools-for-stm32.13.3.rel1.win32_1.0.0.202411081344/tools/bin/../lib/gcc/arm-none-eabi/13.3.1/thumb/v7e-m+dp/hard/crtbegin.o
 *(.bss*)
 .bss.defaultTaskHandle
                0x240000ac        0x4 ./Core/Src/freertos.o
                0x240000ac                defaultTaskHandle
 .bss.xIdleTaskTCBBuffer
                0x240000b0       0xb8 ./Core/Src/freertos.o
 .bss.xIdleStack
                0x24000168      0x200 ./Core/Src/freertos.o
 .bss.xTimerTaskTCBBuffer
                0x24000368       0xb8 ./Core/Src/freertos.o
 .bss.xTimerStack
                0x24000420      0x400 ./Core/Src/freertos.o
 .bss.sensingEnabled
                0x24000820        0x1 ./Core/Src/main.o
                0x24000820                sensingEnabled
 .bss.action    0x24000821        0x1 ./Core/Src/main.o
                0x24000821                action
 *fill*         0x24000822        0x2 
 .bss.uartMtx   0x24000824        0x4 ./Core/Src/main.o
                0x24000824                uartMtx
 .bss.uartTxDoneSem
                0x24000828        0x4 ./Core/Src/main.o
                0x24000828                uartTxDoneSem
 .bss.uartBuf   0x2400082c      0x800 ./Core/Src/main.o
 .bss.activeBuf
                0x2400102c        0x1 ./Core/Src/main.o
 .bss.uartDmaBusy
                0x2400102d        0x1 ./Core/Src/main.o
 *fill*         0x2400102e        0x2 
 .bss.imuFrame  0x24001030       0x64 ./Core/Src/main.o
                0x24001030                imuFrame
 .bss.dataReadySem
                0x24001094        0x4 ./Core/Src/main.o
                0x24001094                dataReadySem
 .bss.emaA      0x24001098       0x24 ./Core/Src/main.o
 .bss.emaG      0x240010bc       0x24 ./Core/Src/main.o
 .bss.emaInitA  0x240010e0       0x12 ./Core/Src/main.o
 *fill*         0x240010f2        0x2 
 .bss.emaInitG  0x240010f4       0x12 ./Core/Src/main.o
 *fill*         0x24001106        0x2 
 .bss.dEmaA     0x24001108       0x48 ./Core/Src/main.o
 .bss.dEmaG     0x24001150       0x48 ./Core/Src/main.o
 .bss.accRing   0x24001198       0xd8 ./Core/Src/main.o
 .bss.gyrRing   0x24001270       0xd8 ./Core/Src/main.o
 .bss.accPrevOut
                0x24001348       0x24 ./Core/Src/main.o
 .bss.gyrPrevOut
                0x2400136c       0x24 ./Core/Src/main.o
 .bss.accOutInit
                0x24001390       0x12 ./Core/Src/main.o
 *fill*         0x240013a2        0x2 
 .bss.gyrOutInit
                0x240013a4       0x12 ./Core/Src/main.o
 *fill*         0x240013b6        0x2 
 .bss.postBufA  0x240013b8       0x6c ./Core/Src/main.o
 .bss.postBufG  0x24001424       0x6c ./Core/Src/main.o
 .bss.postIdxA  0x24001490       0x12 ./Core/Src/main.o
 *fill*         0x240014a2        0x2 
 .bss.postIdxG  0x240014a4       0x12 ./Core/Src/main.o
 .bss.uart4_dma_done
                0x240014b6        0x1 ./Core/Src/main.o
                0x240014b6                uart4_dma_done
 *fill*         0x240014b7        0x1 
 .bss.hspi1     0x240014b8       0x88 ./Core/Src/spi.o
                0x240014b8                hspi1
 .bss.hspi2     0x24001540       0x88 ./Core/Src/spi.o
                0x24001540                hspi2
 .bss.hspi3     0x240015c8       0x88 ./Core/Src/spi.o
                0x240015c8                hspi3
 .bss.hspi4     0x24001650       0x88 ./Core/Src/spi.o
                0x24001650                hspi4
 .bss.htim1     0x240016d8       0x4c ./Core/Src/stm32h7xx_hal_timebase_tim.o
                0x240016d8                htim1
 .bss.__sbrk_heap_end
                0x24001724        0x4 ./Core/Src/sysmem.o
 .bss.htim6     0x24001728       0x4c ./Core/Src/tim.o
                0x24001728                htim6
 .bss.huart4    0x24001774       0x94 ./Core/Src/usart.o
                0x24001774                huart4
 .bss.hdma_uart4_rx
                0x24001808       0x78 ./Core/Src/usart.o
                0x24001808                hdma_uart4_rx
 .bss.hdma_uart4_tx
                0x24001880       0x78 ./Core/Src/usart.o
                0x24001880                hdma_uart4_tx
 .bss.uwTick    0x240018f8        0x4 ./Drivers/STM32H7xx_HAL_Driver/Src/stm32h7xx_hal.o
                0x240018f8                uwTick
 .bss.xQueueRegistry
                0x240018fc       0x40 ./Middlewares/Third_Party/FreeRTOS/Source/queue.o
                0x240018fc                xQueueRegistry
 .bss.pxCurrentTCB
                0x2400193c        0x4 ./Middlewares/Third_Party/FreeRTOS/Source/tasks.o
                0x2400193c                pxCurrentTCB
 .bss.pxReadyTasksLists
                0x24001940       0x8c ./Middlewares/Third_Party/FreeRTOS/Source/tasks.o
 .bss.xDelayedTaskList1
                0x240019cc       0x14 ./Middlewares/Third_Party/FreeRTOS/Source/tasks.o
 .bss.xDelayedTaskList2
                0x240019e0       0x14 ./Middlewares/Third_Party/FreeRTOS/Source/tasks.o
 .bss.pxDelayedTaskList
                0x240019f4        0x4 ./Middlewares/Third_Party/FreeRTOS/Source/tasks.o
 .bss.pxOverflowDelayedTaskList
                0x240019f8        0x4 ./Middlewares/Third_Party/FreeRTOS/Source/tasks.o
 .bss.xPendingReadyList
                0x240019fc       0x14 ./Middlewares/Third_Party/FreeRTOS/Source/tasks.o
 .bss.xTasksWaitingTermination
                0x24001a10       0x14 ./Middlewares/Third_Party/FreeRTOS/Source/tasks.o
 .bss.uxDeletedTasksWaitingCleanUp
                0x24001a24        0x4 ./Middlewares/Third_Party/FreeRTOS/Source/tasks.o
 .bss.xSuspendedTaskList
                0x24001a28       0x14 ./Middlewares/Third_Party/FreeRTOS/Source/tasks.o
 .bss.FreeRTOS_errno
                0x24001a3c        0x4 ./Middlewares/Third_Party/FreeRTOS/Source/tasks.o
                0x24001a3c                FreeRTOS_errno
 .bss.uxCurrentNumberOfTasks
                0x24001a40        0x4 ./Middlewares/Third_Party/FreeRTOS/Source/tasks.o
 .bss.xTickCount
                0x24001a44        0x4 ./Middlewares/Third_Party/FreeRTOS/Source/tasks.o
 .bss.uxTopReadyPriority
                0x24001a48        0x4 ./Middlewares/Third_Party/FreeRTOS/Source/tasks.o
 .bss.xSchedulerRunning
                0x24001a4c        0x4 ./Middlewares/Third_Party/FreeRTOS/Source/tasks.o
 .bss.xPendedTicks
                0x24001a50        0x4 ./Middlewares/Third_Party/FreeRTOS/Source/tasks.o
 .bss.xYieldPending
                0x24001a54        0x4 ./Middlewares/Third_Party/FreeRTOS/Source/tasks.o
 .bss.xNumOfOverflows
                0x24001a58        0x4 ./Middlewares/Third_Party/FreeRTOS/Source/tasks.o
 .bss.uxTaskNumber
                0x24001a5c        0x4 ./Middlewares/Third_Party/FreeRTOS/Source/tasks.o
 .bss.xNextTaskUnblockTime
                0x24001a60        0x4 ./Middlewares/Third_Party/FreeRTOS/Source/tasks.o
 .bss.xIdleTaskHandle
                0x24001a64        0x4 ./Middlewares/Third_Party/FreeRTOS/Source/tasks.o
 .bss.uxSchedulerSuspended
                0x24001a68        0x4 ./Middlewares/Third_Party/FreeRTOS/Source/tasks.o
 .bss.ulTaskSwitchedInTime
                0x24001a6c        0x4 ./Middlewares/Third_Party/FreeRTOS/Source/tasks.o
 .bss.ulTotalRunTime
                0x24001a70        0x4 ./Middlewares/Third_Party/FreeRTOS/Source/tasks.o
 .bss.xActiveTimerList1
                0x24001a74       0x14 ./Middlewares/Third_Party/FreeRTOS/Source/timers.o
 .bss.xActiveTimerList2
                0x24001a88       0x14 ./Middlewares/Third_Party/FreeRTOS/Source/timers.o
 .bss.pxCurrentTimerList
                0x24001a9c        0x4 ./Middlewares/Third_Party/FreeRTOS/Source/timers.o
 .bss.pxOverflowTimerList
                0x24001aa0        0x4 ./Middlewares/Third_Party/FreeRTOS/Source/timers.o
 .bss.xTimerQueue
                0x24001aa4        0x4 ./Middlewares/Third_Party/FreeRTOS/Source/timers.o
 .bss.xTimerTaskHandle
                0x24001aa8        0x4 ./Middlewares/Third_Party/FreeRTOS/Source/timers.o
 .bss.xLastTime.2
                0x24001aac        0x4 ./Middlewares/Third_Party/FreeRTOS/Source/timers.o
 .bss.ucStaticTimerQueueStorage.1
                0x24001ab0       0x78 ./Middlewares/Third_Party/FreeRTOS/Source/timers.o
 .bss.xStaticTimerQueue.0
                0x24001b28       0x50 ./Middlewares/Third_Party/FreeRTOS/Source/timers.o
 .bss.ucMaxSysCallPriority
                0x24001b78        0x1 ./Middlewares/Third_Party/FreeRTOS/Source/portable/GCC/ARM_CM4F/port.o
 *fill*         0x24001b79        0x3 
 .bss.ulMaxPRIGROUPValue
                0x24001b7c        0x4 ./Middlewares/Third_Party/FreeRTOS/Source/portable/GCC/ARM_CM4F/port.o
 .bss.ucHeap    0x24001b80     0xa000 ./Middlewares/Third_Party/FreeRTOS/Source/portable/MemMang/heap_4.o
 .bss.xStart    0x2400bb80        0x8 ./Middlewares/Third_Party/FreeRTOS/Source/portable/MemMang/heap_4.o
 .bss.pxEnd     0x2400bb88        0x4 ./Middlewares/Third_Party/FreeRTOS/Source/portable/MemMang/heap_4.o
 .bss.xFreeBytesRemaining
                0x2400bb8c        0x4 ./Middlewares/Third_Party/FreeRTOS/Source/portable/MemMang/heap_4.o
 .bss.xMinimumEverFreeBytesRemaining
                0x2400bb90        0x4 ./Middlewares/Third_Party/FreeRTOS/Source/portable/MemMang/heap_4.o
 .bss.xNumberOfSuccessfulAllocations
                0x2400bb94        0x4 ./Middlewares/Third_Party/FreeRTOS/Source/portable/MemMang/heap_4.o
 .bss.xNumberOfSuccessfulFrees
                0x2400bb98        0x4 ./Middlewares/Third_Party/FreeRTOS/Source/portable/MemMang/heap_4.o
 .bss.xBlockAllocatedBit
                0x2400bb9c        0x4 ./Middlewares/Third_Party/FreeRTOS/Source/portable/MemMang/heap_4.o
 .bss.__sf      0x2400bba0      0x138 C:/stm32/STM32CubeIDE_1.19.0/STM32CubeIDE/plugins/com.st.stm32cube.ide.mcu.externaltools.gnu-tools-for-stm32.13.3.rel1.win32_1.0.0.202411081344/tools/bin/../lib/gcc/arm-none-eabi/13.3.1/../../../../arm-none-eabi/lib/thumb/v7e-m+dp/hard\libc_nano.a(libc_a-findfp.o)
                0x2400bba0                __sf
 .bss.errno     0x2400bcd8        0x4 C:/stm32/STM32CubeIDE_1.19.0/STM32CubeIDE/plugins/com.st.stm32cube.ide.mcu.externaltools.gnu-tools-for-stm32.13.3.rel1.win32_1.0.0.202411081344/tools/bin/../lib/gcc/arm-none-eabi/13.3.1/../../../../arm-none-eabi/lib/thumb/v7e-m+dp/hard\libc_nano.a(libc_a-reent.o)
                0x2400bcd8                errno
 .bss.__lock___malloc_recursive_mutex
                0x2400bcdc        0x1 C:/stm32/STM32CubeIDE_1.19.0/STM32CubeIDE/plugins/com.st.stm32cube.ide.mcu.externaltools.gnu-tools-for-stm32.13.3.rel1.win32_1.0.0.202411081344/tools/bin/../lib/gcc/arm-none-eabi/13.3.1/../../../../arm-none-eabi/lib/thumb/v7e-m+dp/hard\libc_nano.a(libc_a-lock.o)
                0x2400bcdc                __lock___malloc_recursive_mutex
 *fill*         0x2400bcdd        0x3 
 .bss.__malloc_sbrk_start
                0x2400bce0        0x4 C:/stm32/STM32CubeIDE_1.19.0/STM32CubeIDE/plugins/com.st.stm32cube.ide.mcu.externaltools.gnu-tools-for-stm32.13.3.rel1.win32_1.0.0.202411081344/tools/bin/../lib/gcc/arm-none-eabi/13.3.1/../../../../arm-none-eabi/lib/thumb/v7e-m+dp/hard\libc_nano.a(libc_a-mallocr.o)
                0x2400bce0                __malloc_sbrk_start
 .bss.__malloc_free_list
                0x2400bce4        0x4 C:/stm32/STM32CubeIDE_1.19.0/STM32CubeIDE/plugins/com.st.stm32cube.ide.mcu.externaltools.gnu-tools-for-stm32.13.3.rel1.win32_1.0.0.202411081344/tools/bin/../lib/gcc/arm-none-eabi/13.3.1/../../../../arm-none-eabi/lib/thumb/v7e-m+dp/hard\libc_nano.a(libc_a-mallocr.o)
                0x2400bce4                __malloc_free_list
 *(COMMON)
                0x2400bce8                        . = ALIGN (0x4)
                0x2400bce8                        _ebss = .
                0x2400bce8                        __bss_end__ = _ebss

._user_heap_stack
                0x20000000     0x1000
                0x20000000                        . = ALIGN (0x8)
                [!provide]                        PROVIDE (end = .)
                0x20000000                        PROVIDE (_end = .)
                0x20000800                        . = (. + _Min_Heap_Size)
 *fill*         0x20000000      0x800 
                0x20001000                        . = (. + _Min_Stack_Size)
 *fill*         0x20000800      0x800 
                0x20001000                        . = ALIGN (0x8)

/DISCARD/
 libc.a(*)
 libm.a(*)
 libgcc.a(*)

.ARM.attributes
                0x00000000       0x2e
 *(.ARM.attributes)
 .ARM.attributes
                0x00000000       0x20 C:/stm32/STM32CubeIDE_1.19.0/STM32CubeIDE/plugins/com.st.stm32cube.ide.mcu.externaltools.gnu-tools-for-stm32.13.3.rel1.win32_1.0.0.202411081344/tools/bin/../lib/gcc/arm-none-eabi/13.3.1/thumb/v7e-m+dp/hard/crti.o
 .ARM.attributes
                0x00000020       0x32 C:/stm32/STM32CubeIDE_1.19.0/STM32CubeIDE/plugins/com.st.stm32cube.ide.mcu.externaltools.gnu-tools-for-stm32.13.3.rel1.win32_1.0.0.202411081344/tools/bin/../lib/gcc/arm-none-eabi/13.3.1/thumb/v7e-m+dp/hard/crtbegin.o
 .ARM.attributes
                0x00000052       0x32 ./Core/Src/dma.o
 .ARM.attributes
                0x00000084       0x32 ./Core/Src/freertos.o
 .ARM.attributes
                0x000000b6       0x32 ./Core/Src/gpio.o
 .ARM.attributes
                0x000000e8       0x32 ./Core/Src/main.o
 .ARM.attributes
                0x0000011a       0x32 ./Core/Src/spi.o
 .ARM.attributes
                0x0000014c       0x32 ./Core/Src/stm32h7xx_hal_msp.o
 .ARM.attributes
                0x0000017e       0x32 ./Core/Src/stm32h7xx_hal_timebase_tim.o
 .ARM.attributes
                0x000001b0       0x32 ./Core/Src/stm32h7xx_it.o
 .ARM.attributes
                0x000001e2       0x32 ./Core/Src/sysmem.o
 .ARM.attributes
                0x00000214       0x32 ./Core/Src/system_stm32h7xx.o
 .ARM.attributes
                0x00000246       0x32 ./Core/Src/tim.o
 .ARM.attributes
                0x00000278       0x32 ./Core/Src/usart.o
 .ARM.attributes
                0x000002aa       0x21 ./Core/Startup/startup_stm32h743zitx.o
 .ARM.attributes
                0x000002cb       0x32 ./Drivers/STM32H7xx_HAL_Driver/Src/stm32h7xx_hal.o
 .ARM.attributes
                0x000002fd       0x32 ./Drivers/STM32H7xx_HAL_Driver/Src/stm32h7xx_hal_cortex.o
 .ARM.attributes
                0x0000032f       0x32 ./Drivers/STM32H7xx_HAL_Driver/Src/stm32h7xx_hal_dma.o
 .ARM.attributes
                0x00000361       0x32 ./Drivers/STM32H7xx_HAL_Driver/Src/stm32h7xx_hal_gpio.o
 .ARM.attributes
                0x00000393       0x32 ./Drivers/STM32H7xx_HAL_Driver/Src/stm32h7xx_hal_pwr.o
 .ARM.attributes
                0x000003c5       0x32 ./Drivers/STM32H7xx_HAL_Driver/Src/stm32h7xx_hal_pwr_ex.o
 .ARM.attributes
                0x000003f7       0x32 ./Drivers/STM32H7xx_HAL_Driver/Src/stm32h7xx_hal_rcc.o
 .ARM.attributes
                0x00000429       0x32 ./Drivers/STM32H7xx_HAL_Driver/Src/stm32h7xx_hal_rcc_ex.o
 .ARM.attributes
                0x0000045b       0x32 ./Drivers/STM32H7xx_HAL_Driver/Src/stm32h7xx_hal_spi.o
 .ARM.attributes
                0x0000048d       0x32 ./Drivers/STM32H7xx_HAL_Driver/Src/stm32h7xx_hal_tim.o
 .ARM.attributes
                0x000004bf       0x32 ./Drivers/STM32H7xx_HAL_Driver/Src/stm32h7xx_hal_tim_ex.o
 .ARM.attributes
                0x000004f1       0x32 ./Drivers/STM32H7xx_HAL_Driver/Src/stm32h7xx_hal_uart.o
 .ARM.attributes
                0x00000523       0x32 ./Drivers/STM32H7xx_HAL_Driver/Src/stm32h7xx_hal_uart_ex.o
 .ARM.attributes
                0x00000555       0x32 ./Middlewares/Third_Party/FreeRTOS/Source/CMSIS_RTOS/cmsis_os.o
 .ARM.attributes
                0x00000587       0x32 ./Middlewares/Third_Party/FreeRTOS/Source/list.o
 .ARM.attributes
                0x000005b9       0x32 ./Middlewares/Third_Party/FreeRTOS/Source/queue.o
 .ARM.attributes
                0x000005eb       0x32 ./Middlewares/Third_Party/FreeRTOS/Source/tasks.o
 .ARM.attributes
                0x0000061d       0x32 ./Middlewares/Third_Party/FreeRTOS/Source/timers.o
 .ARM.attributes
                0x0000064f       0x32 ./Middlewares/Third_Party/FreeRTOS/Source/portable/GCC/ARM_CM4F/port.o
 .ARM.attributes
                0x00000681       0x32 ./Middlewares/Third_Party/FreeRTOS/Source/portable/MemMang/heap_4.o
 .ARM.attributes
                0x000006b3       0x32 C:/stm32/STM32CubeIDE_1.19.0/STM32CubeIDE/plugins/com.st.stm32cube.ide.mcu.externaltools.gnu-tools-for-stm32.13.3.rel1.win32_1.0.0.202411081344/tools/bin/../lib/gcc/arm-none-eabi/13.3.1/../../../../arm-none-eabi/lib/thumb/v7e-m+dp/hard\libc_nano.a(libc_a-findfp.o)
 .ARM.attributes
                0x000006e5       0x32 C:/stm32/STM32CubeIDE_1.19.0/STM32CubeIDE/plugins/com.st.stm32cube.ide.mcu.externaltools.gnu-tools-for-stm32.13.3.rel1.win32_1.0.0.202411081344/tools/bin/../lib/gcc/arm-none-eabi/13.3.1/../../../../arm-none-eabi/lib/thumb/v7e-m+dp/hard\libc_nano.a(libc_a-snprintf.o)
 .ARM.attributes
                0x00000717       0x32 C:/stm32/STM32CubeIDE_1.19.0/STM32CubeIDE/plugins/com.st.stm32cube.ide.mcu.externaltools.gnu-tools-for-stm32.13.3.rel1.win32_1.0.0.202411081344/tools/bin/../lib/gcc/arm-none-eabi/13.3.1/../../../../arm-none-eabi/lib/thumb/v7e-m+dp/hard\libc_nano.a(libc_a-memset.o)
 .ARM.attributes
                0x00000749       0x32 C:/stm32/STM32CubeIDE_1.19.0/STM32CubeIDE/plugins/com.st.stm32cube.ide.mcu.externaltools.gnu-tools-for-stm32.13.3.rel1.win32_1.0.0.202411081344/tools/bin/../lib/gcc/arm-none-eabi/13.3.1/../../../../arm-none-eabi/lib/thumb/v7e-m+dp/hard\libc_nano.a(libc_a-reent.o)
 .ARM.attributes
                0x0000077b       0x32 C:/stm32/STM32CubeIDE_1.19.0/STM32CubeIDE/plugins/com.st.stm32cube.ide.mcu.externaltools.gnu-tools-for-stm32.13.3.rel1.win32_1.0.0.202411081344/tools/bin/../lib/gcc/arm-none-eabi/13.3.1/../../../../arm-none-eabi/lib/thumb/v7e-m+dp/hard\libc_nano.a(libc_a-impure.o)
 .ARM.attributes
                0x000007ad       0x32 C:/stm32/STM32CubeIDE_1.19.0/STM32CubeIDE/plugins/com.st.stm32cube.ide.mcu.externaltools.gnu-tools-for-stm32.13.3.rel1.win32_1.0.0.202411081344/tools/bin/../lib/gcc/arm-none-eabi/13.3.1/../../../../arm-none-eabi/lib/thumb/v7e-m+dp/hard\libc_nano.a(libc_a-errno.o)
 .ARM.attributes
                0x000007df       0x32 C:/stm32/STM32CubeIDE_1.19.0/STM32CubeIDE/plugins/com.st.stm32cube.ide.mcu.externaltools.gnu-tools-for-stm32.13.3.rel1.win32_1.0.0.202411081344/tools/bin/../lib/gcc/arm-none-eabi/13.3.1/../../../../arm-none-eabi/lib/thumb/v7e-m+dp/hard\libc_nano.a(libc_a-init.o)
 .ARM.attributes
                0x00000811       0x32 C:/stm32/STM32CubeIDE_1.19.0/STM32CubeIDE/plugins/com.st.stm32cube.ide.mcu.externaltools.gnu-tools-for-stm32.13.3.rel1.win32_1.0.0.202411081344/tools/bin/../lib/gcc/arm-none-eabi/13.3.1/../../../../arm-none-eabi/lib/thumb/v7e-m+dp/hard\libc_nano.a(libc_a-lock.o)
 .ARM.attributes
                0x00000843       0x32 C:/stm32/STM32CubeIDE_1.19.0/STM32CubeIDE/plugins/com.st.stm32cube.ide.mcu.externaltools.gnu-tools-for-stm32.13.3.rel1.win32_1.0.0.202411081344/tools/bin/../lib/gcc/arm-none-eabi/13.3.1/../../../../arm-none-eabi/lib/thumb/v7e-m+dp/hard\libc_nano.a(libc_a-memcpy-stub.o)
 .ARM.attributes
                0x00000875       0x32 C:/stm32/STM32CubeIDE_1.19.0/STM32CubeIDE/plugins/com.st.stm32cube.ide.mcu.externaltools.gnu-tools-for-stm32.13.3.rel1.win32_1.0.0.202411081344/tools/bin/../lib/gcc/arm-none-eabi/13.3.1/../../../../arm-none-eabi/lib/thumb/v7e-m+dp/hard\libc_nano.a(libc_a-freer.o)
 .ARM.attributes
                0x000008a7       0x32 C:/stm32/STM32CubeIDE_1.19.0/STM32CubeIDE/plugins/com.st.stm32cube.ide.mcu.externaltools.gnu-tools-for-stm32.13.3.rel1.win32_1.0.0.202411081344/tools/bin/../lib/gcc/arm-none-eabi/13.3.1/../../../../arm-none-eabi/lib/thumb/v7e-m+dp/hard\libc_nano.a(libc_a-mallocr.o)
 .ARM.attributes
                0x000008d9       0x32 C:/stm32/STM32CubeIDE_1.19.0/STM32CubeIDE/plugins/com.st.stm32cube.ide.mcu.externaltools.gnu-tools-for-stm32.13.3.rel1.win32_1.0.0.202411081344/tools/bin/../lib/gcc/arm-none-eabi/13.3.1/../../../../arm-none-eabi/lib/thumb/v7e-m+dp/hard\libc_nano.a(libc_a-mlock.o)
 .ARM.attributes
                0x0000090b       0x32 C:/stm32/STM32CubeIDE_1.19.0/STM32CubeIDE/plugins/com.st.stm32cube.ide.mcu.externaltools.gnu-tools-for-stm32.13.3.rel1.win32_1.0.0.202411081344/tools/bin/../lib/gcc/arm-none-eabi/13.3.1/../../../../arm-none-eabi/lib/thumb/v7e-m+dp/hard\libc_nano.a(libc_a-nano-svfprintf.o)
 .ARM.attributes
                0x0000093d       0x32 C:/stm32/STM32CubeIDE_1.19.0/STM32CubeIDE/plugins/com.st.stm32cube.ide.mcu.externaltools.gnu-tools-for-stm32.13.3.rel1.win32_1.0.0.202411081344/tools/bin/../lib/gcc/arm-none-eabi/13.3.1/../../../../arm-none-eabi/lib/thumb/v7e-m+dp/hard\libc_nano.a(libc_a-nano-vfprintf_i.o)
 .ARM.attributes
                0x0000096f       0x32 C:/stm32/STM32CubeIDE_1.19.0/STM32CubeIDE/plugins/com.st.stm32cube.ide.mcu.externaltools.gnu-tools-for-stm32.13.3.rel1.win32_1.0.0.202411081344/tools/bin/../lib/gcc/arm-none-eabi/13.3.1/../../../../arm-none-eabi/lib/thumb/v7e-m+dp/hard\libc_nano.a(libc_a-memmove.o)
 .ARM.attributes
                0x000009a1       0x32 C:/stm32/STM32CubeIDE_1.19.0/STM32CubeIDE/plugins/com.st.stm32cube.ide.mcu.externaltools.gnu-tools-for-stm32.13.3.rel1.win32_1.0.0.202411081344/tools/bin/../lib/gcc/arm-none-eabi/13.3.1/../../../../arm-none-eabi/lib/thumb/v7e-m+dp/hard\libc_nano.a(libc_a-sbrkr.o)
 .ARM.attributes
                0x000009d3       0x1c C:/stm32/STM32CubeIDE_1.19.0/STM32CubeIDE/plugins/com.st.stm32cube.ide.mcu.externaltools.gnu-tools-for-stm32.13.3.rel1.win32_1.0.0.202411081344/tools/bin/../lib/gcc/arm-none-eabi/13.3.1/../../../../arm-none-eabi/lib/thumb/v7e-m+dp/hard\libc_nano.a(libc_a-memchr.o)
 .ARM.attributes
                0x000009ef       0x32 C:/stm32/STM32CubeIDE_1.19.0/STM32CubeIDE/plugins/com.st.stm32cube.ide.mcu.externaltools.gnu-tools-for-stm32.13.3.rel1.win32_1.0.0.202411081344/tools/bin/../lib/gcc/arm-none-eabi/13.3.1/../../../../arm-none-eabi/lib/thumb/v7e-m+dp/hard\libc_nano.a(libc_a-reallocr.o)
 .ARM.attributes
                0x00000a21       0x32 C:/stm32/STM32CubeIDE_1.19.0/STM32CubeIDE/plugins/com.st.stm32cube.ide.mcu.externaltools.gnu-tools-for-stm32.13.3.rel1.win32_1.0.0.202411081344/tools/bin/../lib/gcc/arm-none-eabi/13.3.1/../../../../arm-none-eabi/lib/thumb/v7e-m+dp/hard\libc_nano.a(libc_a-msizer.o)
 .ARM.attributes
                0x00000a53       0x20 C:/stm32/STM32CubeIDE_1.19.0/STM32CubeIDE/plugins/com.st.stm32cube.ide.mcu.externaltools.gnu-tools-for-stm32.13.3.rel1.win32_1.0.0.202411081344/tools/bin/../lib/gcc/arm-none-eabi/13.3.1/thumb/v7e-m+dp/hard\libgcc.a(_aeabi_uldivmod.o)
 .ARM.attributes
                0x00000a73       0x32 C:/stm32/STM32CubeIDE_1.19.0/STM32CubeIDE/plugins/com.st.stm32cube.ide.mcu.externaltools.gnu-tools-for-stm32.13.3.rel1.win32_1.0.0.202411081344/tools/bin/../lib/gcc/arm-none-eabi/13.3.1/thumb/v7e-m+dp/hard\libgcc.a(_udivmoddi4.o)
 .ARM.attributes
                0x00000aa5       0x20 C:/stm32/STM32CubeIDE_1.19.0/STM32CubeIDE/plugins/com.st.stm32cube.ide.mcu.externaltools.gnu-tools-for-stm32.13.3.rel1.win32_1.0.0.202411081344/tools/bin/../lib/gcc/arm-none-eabi/13.3.1/thumb/v7e-m+dp/hard\libgcc.a(_dvmd_tls.o)
 .ARM.attributes
                0x00000ac5       0x20 C:/stm32/STM32CubeIDE_1.19.0/STM32CubeIDE/plugins/com.st.stm32cube.ide.mcu.externaltools.gnu-tools-for-stm32.13.3.rel1.win32_1.0.0.202411081344/tools/bin/../lib/gcc/arm-none-eabi/13.3.1/thumb/v7e-m+dp/hard/crtn.o
OUTPUT(MY_PCB_3.elf elf32-littlearm)
LOAD linker stubs
LOAD C:/stm32/STM32CubeIDE_1.19.0/STM32CubeIDE/plugins/com.st.stm32cube.ide.mcu.externaltools.gnu-tools-for-stm32.13.3.rel1.win32_1.0.0.202411081344/tools/bin/../lib/gcc/arm-none-eabi/13.3.1/../../../../arm-none-eabi/lib/thumb/v7e-m+dp/hard\libc.a