Archive member included to satisfy reference by file (symbol)

C:/ST/STM32CubeIDE_1.19.0/STM32CubeIDE/plugins/com.st.stm32cube.ide.mcu.externaltools.gnu-tools-for-stm32.13.3.rel1.win32_1.0.0.202411081344/tools/bin/../lib/gcc/arm-none-eabi/13.3.1/../../../../arm-none-eabi/lib/thumb/v7e-m+dp/hard\libc_nano.a(libc_a-exit.o)
                              C:/ST/STM32CubeIDE_1.19.0/STM32CubeIDE/plugins/com.st.stm32cube.ide.mcu.externaltools.gnu-tools-for-stm32.13.3.rel1.win32_1.0.0.202411081344/tools/bin/../lib/gcc/arm-none-eabi/13.3.1/../../../../arm-none-eabi/lib/thumb/v7e-m+dp/hard/crt0.o (exit)
C:/ST/STM32CubeIDE_1.19.0/STM32CubeIDE/plugins/com.st.stm32cube.ide.mcu.externaltools.gnu-tools-for-stm32.13.3.rel1.win32_1.0.0.202411081344/tools/bin/../lib/gcc/arm-none-eabi/13.3.1/../../../../arm-none-eabi/lib/thumb/v7e-m+dp/hard\libc_nano.a(libc_a-malloc.o)
                              ./Middlewares/Third_Party/FreeRTOS/Source/portable/MemMang/heap_3.o (malloc)
C:/ST/STM32CubeIDE_1.19.0/STM32CubeIDE/plugins/com.st.stm32cube.ide.mcu.externaltools.gnu-tools-for-stm32.13.3.rel1.win32_1.0.0.202411081344/tools/bin/../lib/gcc/arm-none-eabi/13.3.1/../../../../arm-none-eabi/lib/thumb/v7e-m+dp/hard\libc_nano.a(libc_a-mallocr.o)
                              C:/ST/STM32CubeIDE_1.19.0/STM32CubeIDE/plugins/com.st.stm32cube.ide.mcu.externaltools.gnu-tools-for-stm32.13.3.rel1.win32_1.0.0.202411081344/tools/bin/../lib/gcc/arm-none-eabi/13.3.1/../../../../arm-none-eabi/lib/thumb/v7e-m+dp/hard\libc_nano.a(libc_a-malloc.o) (_malloc_r)
C:/ST/STM32CubeIDE_1.19.0/STM32CubeIDE/plugins/com.st.stm32cube.ide.mcu.externaltools.gnu-tools-for-stm32.13.3.rel1.win32_1.0.0.202411081344/tools/bin/../lib/gcc/arm-none-eabi/13.3.1/../../../../arm-none-eabi/lib/thumb/v7e-m+dp/hard\libc_nano.a(libc_a-mlock.o)
                              C:/ST/STM32CubeIDE_1.19.0/STM32CubeIDE/plugins/com.st.stm32cube.ide.mcu.externaltools.gnu-tools-for-stm32.13.3.rel1.win32_1.0.0.202411081344/tools/bin/../lib/gcc/arm-none-eabi/13.3.1/../../../../arm-none-eabi/lib/thumb/v7e-m+dp/hard\libc_nano.a(libc_a-mallocr.o) (__malloc_lock)
C:/ST/STM32CubeIDE_1.19.0/STM32CubeIDE/plugins/com.st.stm32cube.ide.mcu.externaltools.gnu-tools-for-stm32.13.3.rel1.win32_1.0.0.202411081344/tools/bin/../lib/gcc/arm-none-eabi/13.3.1/../../../../arm-none-eabi/lib/thumb/v7e-m+dp/hard\libc_nano.a(libc_a-findfp.o)
                              ./Middlewares/Third_Party/FreeRTOS/Source/tasks.o (__sf)
C:/ST/STM32CubeIDE_1.19.0/STM32CubeIDE/plugins/com.st.stm32cube.ide.mcu.externaltools.gnu-tools-for-stm32.13.3.rel1.win32_1.0.0.202411081344/tools/bin/../lib/gcc/arm-none-eabi/13.3.1/../../../../arm-none-eabi/lib/thumb/v7e-m+dp/hard\libc_nano.a(libc_a-fwalk.o)
                              C:/ST/STM32CubeIDE_1.19.0/STM32CubeIDE/plugins/com.st.stm32cube.ide.mcu.externaltools.gnu-tools-for-stm32.13.3.rel1.win32_1.0.0.202411081344/tools/bin/../lib/gcc/arm-none-eabi/13.3.1/../../../../arm-none-eabi/lib/thumb/v7e-m+dp/hard\libc_nano.a(libc_a-findfp.o) (_fwalk_sglue)
C:/ST/STM32CubeIDE_1.19.0/STM32CubeIDE/plugins/com.st.stm32cube.ide.mcu.externaltools.gnu-tools-for-stm32.13.3.rel1.win32_1.0.0.202411081344/tools/bin/../lib/gcc/arm-none-eabi/13.3.1/../../../../arm-none-eabi/lib/thumb/v7e-m+dp/hard\libc_nano.a(libc_a-snprintf.o)
                              ./Core/Src/main.o (snprintf)
C:/ST/STM32CubeIDE_1.19.0/STM32CubeIDE/plugins/com.st.stm32cube.ide.mcu.externaltools.gnu-tools-for-stm32.13.3.rel1.win32_1.0.0.202411081344/tools/bin/../lib/gcc/arm-none-eabi/13.3.1/../../../../arm-none-eabi/lib/thumb/v7e-m+dp/hard\libc_nano.a(libc_a-sprintf.o)
                              ./Middlewares/Third_Party/FreeRTOS/Source/tasks.o (sprintf)
C:/ST/STM32CubeIDE_1.19.0/STM32CubeIDE/plugins/com.st.stm32cube.ide.mcu.externaltools.gnu-tools-for-stm32.13.3.rel1.win32_1.0.0.202411081344/tools/bin/../lib/gcc/arm-none-eabi/13.3.1/../../../../arm-none-eabi/lib/thumb/v7e-m+dp/hard\libc_nano.a(libc_a-stdio.o)
                              C:/ST/STM32CubeIDE_1.19.0/STM32CubeIDE/plugins/com.st.stm32cube.ide.mcu.externaltools.gnu-tools-for-stm32.13.3.rel1.win32_1.0.0.202411081344/tools/bin/../lib/gcc/arm-none-eabi/13.3.1/../../../../arm-none-eabi/lib/thumb/v7e-m+dp/hard\libc_nano.a(libc_a-findfp.o) (__sread)
C:/ST/STM32CubeIDE_1.19.0/STM32CubeIDE/plugins/com.st.stm32cube.ide.mcu.externaltools.gnu-tools-for-stm32.13.3.rel1.win32_1.0.0.202411081344/tools/bin/../lib/gcc/arm-none-eabi/13.3.1/../../../../arm-none-eabi/lib/thumb/v7e-m+dp/hard\libc_nano.a(libc_a-memset.o)
                              C:/ST/STM32CubeIDE_1.19.0/STM32CubeIDE/plugins/com.st.stm32cube.ide.mcu.externaltools.gnu-tools-for-stm32.13.3.rel1.win32_1.0.0.202411081344/tools/bin/../lib/gcc/arm-none-eabi/13.3.1/../../../../arm-none-eabi/lib/thumb/v7e-m+dp/hard/crt0.o (memset)
[...]
Memory Configuration

Name             Origin             Length             Attributes
FLASH            0x08000000         0x00200000         xr
DTCMRAM          0x20000000         0x00020000         xrw
RAM_D1           0x24000000         0x00080000         xrw
RAM_D2           0x30000000         0x00048000         xrw
RAM_D3           0x38000000         0x00010000         xrw
ITCMRAM          0x00000000         0x00010000         xrw
*default*        0x00000000         0xffffffff

Linker script and memory map

LOAD C:/ST/STM32CubeIDE_1.19.0/STM32CubeIDE/plugins/com.st.stm32cube.ide.mcu.externaltools.gnu-tools-for-stm32.13.3.rel1.win32_1.0.0.202411081344/tools/bin/../lib/gcc/arm-none-eabi/13.3.1/thumb/v7e-m+dp/hard/crti.o
LOAD C:/ST/STM32CubeIDE_1.19.0/STM32CubeIDE/plugins/com.st.stm32cube.ide.mcu.externaltools.gnu-tools-for-stm32.13.3.rel1.win32_1.0.0.202411081344/tools/bin/../lib/gcc/arm-none-eabi/13.3.1/thumb/v7e-m+dp/hard/crtbegin.o
LOAD C:/ST/STM32CubeIDE_1.19.0/STM32CubeIDE/plugins/com.st.stm32cube.ide.mcu.externaltools.gnu-tools-for-stm32.13.3.rel1.win32_1.0.0.202411081344/tools/bin/../lib/gcc/arm-none-eabi/13.3.1/../../../../arm-none-eabi/lib/thumb/v7e-m+dp/hard/crt0.o
LOAD ./Core/Src/dma.o
LOAD ./Core/Src/freertos.o
LOAD ./Core/Src/gpio.o
LOAD ./Core/Src/main.o
LOAD ./Core/Src/spi.o
LOAD ./Core/Src/stm32h7xx_hal_msp.o
LOAD ./Core/Src/stm32h7xx_hal_timebase_tim.o
LOAD ./Core/Src/stm32h7xx_it.o
LOAD ./Core/Src/sysmem.o
LOAD ./Core/Src/system_stm32h7xx.o
LOAD ./Core/Src/tim.o
LOAD ./Core/Src/usart.o
LOAD ./Core/Src/user_syscalls.o
LOAD ./Core/Startup/startup_stm32h743zitx.o
LOAD ./Drivers/STM32H7xx_HAL_Driver/Src/stm32h7xx_hal.o
LOAD ./Drivers/STM32H7xx_HAL_Driver/Src/stm32h7xx_hal_cortex.o
LOAD ./Drivers/STM32H7xx_HAL_Driver/Src/stm32h7xx_hal_dma.o
LOAD ./Drivers/STM32H7xx_HAL_Driver/Src/stm32h7xx_hal_dma_ex.o
LOAD ./Drivers/STM32H7xx_HAL_Driver/Src/stm32h7xx_hal_exti.o
LOAD ./Drivers/STM32H7xx_HAL_Driver/Src/stm32h7xx_hal_flash.o
LOAD ./Drivers/STM32H7xx_HAL_Driver/Src/stm32h7xx_hal_flash_ex.o
LOAD ./Drivers/STM32H7xx_HAL_Driver/Src/stm32h7xx_hal_gpio.o
LOAD ./Drivers/STM32H7xx_HAL_Driver/Src/stm32h7xx_hal_hsem.o
LOAD ./Drivers/STM32H7xx_HAL_Driver/Src/stm32h7xx_hal_i2c.o
LOAD ./Drivers/STM32H7xx_HAL_Driver/Src/stm32h7xx_hal_i2c_ex.o
LOAD ./Drivers/STM32H7xx_HAL_Driver/Src/stm32h7xx_hal_mdma.o
LOAD ./Drivers/STM32H7xx_HAL_Driver/Src/stm32h7xx_hal_pwr.o
LOAD ./Drivers/STM32H7xx_HAL_Driver/Src/stm32h7xx_hal_pwr_ex.o
LOAD ./Drivers/STM32H7xx_HAL_Driver/Src/stm32h7xx_hal_rcc.o
LOAD ./Drivers/STM32H7xx_HAL_Driver/Src/stm32h7xx_hal_rcc_ex.o
LOAD ./Drivers/STM32H7xx_HAL_Driver/Src/stm32h7xx_hal_spi.o
LOAD ./Drivers/STM32H7xx_HAL_Driver/Src/stm32h7xx_hal_spi_ex.o
LOAD ./Drivers/STM32H7xx_HAL_Driver/Src/stm32h7xx_hal_tim.o
LOAD ./Drivers/STM32H7xx_HAL_Driver/Src/stm32h7xx_hal_tim_ex.o
LOAD ./Drivers/STM32H7xx_HAL_Driver/Src/stm32h7xx_hal_uart.o
LOAD ./Drivers/STM32H7xx_HAL_Driver/Src/stm32h7xx_hal_uart_ex.o
LOAD ./Middlewares/Third_Party/FreeRTOS/Source/CMSIS_RTOS/cmsis_os.o
LOAD ./Middlewares/Third_Party/FreeRTOS/Source/croutine.o
LOAD ./Middlewares/Third_Party/FreeRTOS/Source/event_groups.o
LOAD ./Middlewares/Third_Party/FreeRTOS/Source/list.o
LOAD ./Middlewares/Third_Party/FreeRTOS/Source/queue.o
LOAD ./Middlewares/Third_Party/FreeRTOS/Source/stream_buffer.o
LOAD ./Middlewares/Third_Party/FreeRTOS/Source/tasks.o
LOAD ./Middlewares/Third_Party/FreeRTOS/Source/timers.o
LOAD ./Middlewares/Third_Party/FreeRTOS/Source/portable/GCC/ARM_CM4F/port.o
LOAD ./Middlewares/Third_Party/FreeRTOS/Source/portable/MemMang/heap_3.o
START GROUP
LOAD C:/ST/STM32CubeIDE_1.19.0/STM32CubeIDE/plugins/com.st.stm32cube.ide.mcu.externaltools.gnu-tools-for-stm32.13.3.rel1.win32_1.0.0.202411081344/tools/bin/../lib/gcc/arm-none-eabi/13.3.1/../../../../arm-none-eabi/lib/thumb/v7e-m+dp/hard\libc_nano.a
LOAD C:/ST/STM32CubeIDE_1.19.0/STM32CubeIDE/plugins/com.st.stm32cube.ide.mcu.externaltools.gnu-tools-for-stm32.13.3.rel1.win32_1.0.0.202411081344/tools/bin/../lib/gcc/arm-none-eabi/13.3.1/../../../../arm-none-eabi/lib/thumb/v7e-m+dp/hard\libm.a
END GROUP
START GROUP
LOAD C:/ST/STM32CubeIDE_1.19.0/STM32CubeIDE/plugins/com.st.stm32cube.ide.mcu.externaltools.gnu-tools-for-stm32.13.3.rel1.win32_1.0.0.202411081344/tools/bin/../lib/gcc/arm-none-eabi/13.3.1/thumb/v7e-m+dp/hard\libgcc.a
LOAD C:/ST/STM32CubeIDE_1.19.0/STM32CubeIDE/plugins/com.st.stm32cube.ide.mcu.externaltools.gnu-tools-for-stm32.13.3.rel1.win32_1.0.0.202411081344/tools/bin/../lib/gcc/arm-none-eabi/13.3.1/../../../../arm-none-eabi/lib/thumb/v7e-m+dp/hard\libc_nano.a
END GROUP
START GROUP
LOAD C:/ST/STM32CubeIDE_1.19.0/STM32CubeIDE/plugins/com.st.stm32cube.ide.mcu.externaltools.gnu-tools-for-stm32.13.3.rel1.win32_1.0.0.202411081344/tools/bin/../lib/gcc/arm-none-eabi/13.3.1/thumb/v7e-m+dp/hard\libgcc.a
LOAD C:/ST/STM32CubeIDE_1.19.0/STM32CubeIDE/plugins/com.st.stm32cube.ide.mcu.externaltools.gnu-tools-for-stm32.13.3.rel1.win32_1.0.0.202411081344/tools/bin/../lib/gcc/arm-none-eabi/13.3.1/../../../../arm-none-eabi/lib/thumb/v7e-m+dp/hard\libc_nano.a
LOAD C:/ST/STM32CubeIDE_1.19.0/STM32CubeIDE/plugins/com.st.stm32cube.ide.mcu.externaltools.gnu-tools-for-stm32.13.3.rel1.win32_1.0.0.202411081344/tools/bin/../lib/gcc/arm-none-eabi/13.3.1/../../../../arm-none-eabi/lib/thumb/v7e-m+dp/hard\libnosys.a
END GROUP
START GROUP
LOAD C:/ST/STM32CubeIDE_1.19.0/STM32CubeIDE/plugins/com.st.stm32cube.ide.mcu.externaltools.gnu-tools-for-stm32.13.3.rel1.win32_1.0.0.202411081344/tools/bin/../lib/gcc/arm-none-eabi/13.3.1/thumb/v7e-m+dp/hard\libgcc.a
LOAD C:/ST/STM32CubeIDE_1.19.0/STM32CubeIDE/plugins/com.st.stm32cube.ide.mcu.externaltools.gnu-tools-for-stm32.13.3.rel1.win32_1.0.0.202411081344/tools/bin/../lib/gcc/arm-none-eabi/13.3.1/../../../../arm-none-eabi/lib/thumb/v7e-m+dp/hard\libc_nano.a
LOAD C:/ST/STM32CubeIDE_1.19.0/STM32CubeIDE/plugins/com.st.stm32cube.ide.mcu.externaltools.gnu-tools-for-stm32.13.3.rel1.win32_1.0.0.202411081344/tools/bin/../lib/gcc/arm-none-eabi/13.3.1/../../../../arm-none-eabi/lib/thumb/v7e-m+dp/hard\libnosys.a
END GROUP
LOAD C:/ST/STM32CubeIDE_1.19.0/STM32CubeIDE/plugins/com.st.stm32cube.ide.mcu.externaltools.gnu-tools-for-stm32.13.3.rel1.win32_1.0.0.202411081344/tools/bin/../lib/gcc/arm-none-eabi/13.3.1/thumb/v7e-m+dp/hard/crtend.o
LOAD C:/ST/STM32CubeIDE_1.19.0/STM32CubeIDE/plugins/com.st.stm32cube.ide.mcu.externaltools.gnu-tools-for-stm32.13.3.rel1.win32_1.0.0.202411081344/tools/bin/../lib/gcc/arm-none-eabi/13.3.1/thumb/v7e-m+dp/hard/crtn.o
                0x24080000                        _estack = (ORIGIN (RAM_D1) + LENGTH (RAM_D1))
                0x00000800                        _Min_Heap_Size = 0x800
                0x00000800                        _Min_Stack_Size = 0x800

.isr_vector     0x08000000      0x298
                0x08000000                        . = ALIGN (0x4)
 *(.isr_vector)
 .isr_vector    0x08000000      0x298 ./Core/Startup/startup_stm32h743zitx.o
                0x08000000                g_pfnVectors
                0x08000298                        . = ALIGN (0x4)

.text           0x080002a0    0x107f4
                0x080002a0                        . = ALIGN (0x4)
 *(.text)
 .text          0x080002a0       0x40 C:/ST/STM32CubeIDE_1.19.0/STM32CubeIDE/plugins/com.st.stm32cube.ide.mcu.externaltools.gnu-tools-for-stm32.13.3.rel1.win32_1.0.0.202411081344/tools/bin/../lib/gcc/arm-none-eabi/13.3.1/thumb/v7e-m+dp/hard/crtbegin.o
 .text          0x080002e0       0xa0 C:/ST/STM32CubeIDE_1.19.0/STM32CubeIDE/plugins/com.st.stm32cube.ide.mcu.externaltools.gnu-tools-for-stm32.13.3.rel1.win32_1.0.0.202411081344/tools/bin/../lib/gcc/arm-none-eabi/13.3.1/../../../../arm-none-eabi/lib/thumb/v7e-m+dp/hard\libc_nano.a(libc_a-memchr.o)
                0x080002e0                memchr
 .text          0x08000380       0x30 C:/ST/STM32CubeIDE_1.19.0/STM32CubeIDE/plugins/com.st.stm32cube.ide.mcu.externaltools.gnu-tools-for-stm32.13.3.rel1.win32_1.0.0.202411081344/tools/bin/../lib/gcc/arm-none-eabi/13.3.1/thumb/v7e-m+dp/hard\libgcc.a(_aeabi_uldivmod.o)
                0x08000380                __aeabi_uldivmod
 .text          0x080003b0      0x2f8 C:/ST/STM32CubeIDE_1.19.0/STM32CubeIDE/plugins/com.st.stm32cube.ide.mcu.externaltools.gnu-tools-for-stm32.13.3.rel1.win32_1.0.0.202411081344/tools/bin/../lib/gcc/arm-none-eabi/13.3.1/thumb/v7e-m+dp/hard\libgcc.a(_udivmoddi4.o)
                0x080003b0                __udivmoddi4
 .text          0x080006a8        0x4 C:/ST/STM32CubeIDE_1.19.0/STM32CubeIDE/plugins/com.st.stm32cube.ide.mcu.externaltools.gnu-tools-for-stm32.13.3.rel1.win32_1.0.0.202411081344/tools/bin/../lib/gcc/arm-none-eabi/13.3.1/thumb/v7e-m+dp/hard\libgcc.a(_dvmd_tls.o)
                0x080006a8                __aeabi_idiv0
                0x080006a8                __aeabi_ldiv0
 *(.text*)
 .text.MX_DMA_Init
                0x080006ac       0x50 ./Core/Src/dma.o
                0x080006ac                MX_DMA_Init
 .text.configureTimerForRunTimeStats
                0x080006fc        0xe ./Core/Src/freertos.o
                0x080006fc                configureTimerForRunTimeStats
 .text.getRunTimeCounterValue
                0x0800070a       0x10 ./Core/Src/freertos.o
                0x0800070a                getRunTimeCounterValue
 .text.vApplicationIdleHook
                0x0800071a        0xe ./Core/Src/freertos.o
                0x0800071a                vApplicationIdleHook
 .text.vApplicationTickHook
                0x08000728        0xe ./Core/Src/freertos.o
                0x08000728                vApplicationTickHook
 .text.vApplicationMallocFailedHook
                0x08000736        0xe ./Core/Src/freertos.o
                0x08000736                vApplicationMallocFailedHook
 .text.vApplicationDaemonTaskStartupHook
                0x08000744        0xe ./Core/Src/freertos.o
                0x08000744                vApplicationDaemonTaskStartupHook
 *fill*         0x08000752        0x2 
 .text.vApplicationGetIdleTaskMemory
                0x08000754       0x34 ./Core/Src/freertos.o
                0x08000754                vApplicationGetIdleTaskMemory
 .text.vApplicationGetTimerTaskMemory
                0x08000788       0x34 ./Core/Src/freertos.o
                0x08000788                vApplicationGetTimerTaskMemory
 .text.MX_FREERTOS_Init
                0x080007bc       0x38 ./Core/Src/freertos.o
                0x080007bc                MX_FREERTOS_Init
 .text.StartDefaultTask
                0x080007f4       0x10 ./Core/Src/freertos.o
                0x080007f4                StartDefaultTask
 .text.HAL_GPIO_EXTI_Callback
                0x08000804       0x9c ./Core/Src/gpio.o
                0x08000804                HAL_GPIO_EXTI_Callback
 .text.MX_GPIO_Init
                0x080008a0      0x1ec ./Core/Src/gpio.o
                0x080008a0                MX_GPIO_Init
 .text.med3_local
                0x08000a8c       0x5a ./Core/Src/main.o
 .text.ema_step
                0x08000ae6       0x36 ./Core/Src/main.o
 .text.ema_step_i32
                0x08000b1c       0x80 ./Core/Src/main.o
 .text.clamp_dynamic
                0x08000b9c       0x5a ./Core/Src/main.o
 .text.three_axis_jump
                0x08000bf6       0x78 ./Core/Src/main.o
 .text.median5_push_get
                0x08000c6e      0x116 ./Core/Src/main.o
 .text.post_med3_push
                0x08000d84      0x184 ./Core/Src/main.o
 .text.slew_limit
                0x08000f08       0x5c ./Core/Src/main.o
 .text.iabs32   0x08000f64       0x1c ./Core/Src/main.o
 .text.spike_filter_apply_v
                0x08000f80      0xc78 ./Core/Src/main.o
 .text.HAL_UART_TxCpltCallback
                0x08001bf8       0x64 ./Core/Src/main.o
                0x08001bf8                HAL_UART_TxCpltCallback
 .text.imu_config_setting
                0x08001c5c      0x824 ./Core/Src/main.o
                0x08001c5c                imu_config_setting
 .text.Read_imu1
                0x08002480      0x210 ./Core/Src/main.o
                0x08002480                Read_imu1
 .text.vTaskLogger
                0x08002690      0x2f4 ./Core/Src/main.o
                0x08002690                vTaskLogger
 .text.Read_imu2
                0x08002984      0x210 ./Core/Src/main.o
                0x08002984                Read_imu2
 .text.Read_imu3
                0x08002b94      0x130 ./Core/Src/main.o
                0x08002b94                Read_imu3
 .text.main     0x08002cc4      0x21c ./Core/Src/main.o
                0x08002cc4                main
 .text.SystemClock_Config
                0x08002ee0       0xfc ./Core/Src/main.o
                0x08002ee0                SystemClock_Config
 .text.MPU_Config
                0x08002fdc       0x58 ./Core/Src/main.o
 .text.HAL_TIM_PeriodElapsedCallback
                0x08003034       0x24 ./Core/Src/main.o
                0x08003034                HAL_TIM_PeriodElapsedCallback
 .text.Error_Handler
                0x08003058        0xe ./Core/Src/main.o
                0x08003058                Error_Handler
 *fill*         0x08003066        0x2 
 .text.MX_SPI1_Init
                0x08003068       0xac ./Core/Src/spi.o
                0x08003068                MX_SPI1_Init
 .text.MX_SPI2_Init
                0x08003114       0xac ./Core/Src/spi.o
                0x08003114                MX_SPI2_Init
 .text.MX_SPI3_Init
                0x080031c0       0xac ./Core/Src/spi.o
                0x080031c0                MX_SPI3_Init
 .text.MX_SPI4_Init
                0x0800326c       0xac ./Core/Src/spi.o
                0x0800326c                MX_SPI4_Init
 .text.HAL_SPI_MspInit
                0x08003318      0x3ac ./Core/Src/spi.o
                0x08003318                HAL_SPI_MspInit
 .text.HAL_MspInit
                0x080036c4       0x4c ./Core/Src/stm32h7xx_hal_msp.o
                0x080036c4                HAL_MspInit
 .text.HAL_InitTick
                0x08003710       0xc4 ./Core/Src/stm32h7xx_hal_timebase_tim.o
                0x08003710                HAL_InitTick
 .text.NMI_Handler
                0x080037d4        0x8 ./Core/Src/stm32h7xx_it.o
                0x080037d4                NMI_Handler
 .text.HardFault_Handler
                0x080037dc        0x8 ./Core/Src/stm32h7xx_it.o
                0x080037dc                HardFault_Handler
 .text.MemManage_Handler
                0x080037e4        0x8 ./Core/Src/stm32h7xx_it.o
                0x080037e4                MemManage_Handler
 .text.BusFault_Handler
                0x080037ec        0x8 ./Core/Src/stm32h7xx_it.o
                0x080037ec                BusFault_Handler
 .text.UsageFault_Handler
                0x080037f4        0x8 ./Core/Src/stm32h7xx_it.o
                0x080037f4                UsageFault_Handler
 .text.DebugMon_Handler
                0x080037fc        0xe ./Core/Src/stm32h7xx_it.o
                0x080037fc                DebugMon_Handler
 .text.PVD_AVD_IRQHandler
                0x0800380a        0xc ./Core/Src/stm32h7xx_it.o
                0x0800380a                PVD_AVD_IRQHandler
 *fill*         0x08003816        0x2 
 .text.DMA1_Stream0_IRQHandler
                0x08003818       0x14 ./Core/Src/stm32h7xx_it.o
                0x08003818                DMA1_Stream0_IRQHandler
 .text.TIM1_UP_IRQHandler
                0x0800382c       0x14 ./Core/Src/stm32h7xx_it.o
                0x0800382c                TIM1_UP_IRQHandler
 .text.EXTI15_10_IRQHandler
                0x08003840       0x10 ./Core/Src/stm32h7xx_it.o
                0x08003840                EXTI15_10_IRQHandler
 .text.UART5_IRQHandler
                0x08003850       0x14 ./Core/Src/stm32h7xx_it.o
                0x08003850                UART5_IRQHandler
 .text.TIM6_DAC_IRQHandler
                0x08003864       0x14 ./Core/Src/stm32h7xx_it.o
                0x08003864                TIM6_DAC_IRQHandler
 .text.DMAMUX1_OVR_IRQHandler
                0x08003878       0x14 ./Core/Src/stm32h7xx_it.o
                0x08003878                DMAMUX1_OVR_IRQHandler
 .text._sbrk    0x0800388c       0x6c ./Core/Src/sysmem.o
                0x0800388c                _sbrk
 .text.SystemInit
                0x080038f8      0x140 ./Core/Src/system_stm32h7xx.o
                0x080038f8                SystemInit
 .text.ExitRun0Mode
                0x08003a38       0x30 ./Core/Src/system_stm32h7xx.o
                0x08003a38                ExitRun0Mode
 .text.MX_TIM6_Init
                0x08003a68       0x6c ./Core/Src/tim.o
                0x08003a68                MX_TIM6_Init
 .text.HAL_TIM_Base_MspInit
                0x08003ad4       0x50 ./Core/Src/tim.o
                0x08003ad4                HAL_TIM_Base_MspInit
 .text.MX_UART5_Init
                0x08003b24       0x9c ./Core/Src/usart.o
                0x08003b24                MX_UART5_Init
 .text.HAL_UART_MspInit
                0x08003bc0      0x188 ./Core/Src/usart.o
                0x08003bc0                HAL_UART_MspInit
 .text._times   0x08003d48       0x18 ./Core/Src/user_syscalls.o
                0x08003d48                _times
 .text.Reset_Handler
                0x08003d60       0x54 ./Core/Startup/startup_stm32h743zitx.o
                0x08003d60                Reset_Handler
 .text.Default_Handler
                0x08003db4        0x2 ./Core/Startup/startup_stm32h743zitx.o
                0x08003db4                RTC_Alarm_IRQHandler
                0x08003db4                EXTI2_IRQHandler
                0x08003db4                TIM8_CC_IRQHandler
                0x08003db4                HRTIM1_Master_IRQHandler
                0x08003db4                UART8_IRQHandler
                0x08003db4                SPI4_IRQHandler
                0x08003db4                TIM1_CC_IRQHandler
                0x08003db4                BDMA_Channel6_IRQHandler
                0x08003db4                DMA2_Stream5_IRQHandler
                0x08003db4                HRTIM1_FLT_IRQHandler
                0x08003db4                JPEG_IRQHandler
                0x08003db4                DMA1_Stream5_IRQHandler
                0x08003db4                BDMA_Channel1_IRQHandler
                0x08003db4                HRTIM1_TIMD_IRQHandler
                0x08003db4                TAMP_STAMP_IRQHandler
                0x08003db4                EXTI3_IRQHandler
                0x08003db4                LPTIM4_IRQHandler
                0x08003db4                TIM8_TRG_COM_TIM14_IRQHandler
                0x08003db4                LPTIM2_IRQHandler
                0x08003db4                DFSDM1_FLT1_IRQHandler
                0x08003db4                DMAMUX2_OVR_IRQHandler
                0x08003db4                TIM8_UP_TIM13_IRQHandler
                0x08003db4                I2C3_ER_IRQHandler
                0x08003db4                DFSDM1_FLT2_IRQHandler
                0x08003db4                MDMA_IRQHandler
                0x08003db4                LPTIM3_IRQHandler
                0x08003db4                HSEM1_IRQHandler
                0x08003db4                EXTI0_IRQHandler
                0x08003db4                I2C2_EV_IRQHandler
                0x08003db4                DMA1_Stream2_IRQHandler
                0x08003db4                FPU_IRQHandler
                0x08003db4                OTG_HS_WKUP_IRQHandler
                0x08003db4                FDCAN1_IT1_IRQHandler
                0x08003db4                LTDC_ER_IRQHandler
                0x08003db4                DMA2_Stream2_IRQHandler
                0x08003db4                HRTIM1_TIME_IRQHandler
                0x08003db4                SPI1_IRQHandler
                0x08003db4                DCMI_IRQHandler
                0x08003db4                HRTIM1_TIMC_IRQHandler
                0x08003db4                DMA2_Stream3_IRQHandler
                0x08003db4                SAI2_IRQHandler
                0x08003db4                DFSDM1_FLT3_IRQHandler
                0x08003db4                USART6_IRQHandler
                0x08003db4                TIM17_IRQHandler
                0x08003db4                USART3_IRQHandler
                0x08003db4                BDMA_Channel7_IRQHandler
                0x08003db4                LPTIM5_IRQHandler
                0x08003db4                ADC3_IRQHandler
                0x08003db4                DMA2_Stream0_IRQHandler
                0x08003db4                TIM4_IRQHandler
                0x08003db4                BDMA_Channel2_IRQHandler
                0x08003db4                QUADSPI_IRQHandler
                0x08003db4                I2C1_EV_IRQHandler
                0x08003db4                DMA1_Stream6_IRQHandler
                0x08003db4                DMA1_Stream1_IRQHandler
                0x08003db4                TIM16_IRQHandler
                0x08003db4                UART4_IRQHandler
                0x08003db4                BDMA_Channel5_IRQHandler
                0x08003db4                TIM3_IRQHandler
                0x08003db4                RCC_IRQHandler
                0x08003db4                TIM8_BRK_TIM12_IRQHandler
                0x08003db4                TIM1_TRG_COM_IRQHandler
                0x08003db4                Default_Handler
                0x08003db4                ECC_IRQHandler
                0x08003db4                CEC_IRQHandler
                0x08003db4                BDMA_Channel0_IRQHandler
                0x08003db4                ADC_IRQHandler
                0x08003db4                DMA1_Stream7_IRQHandler
                0x08003db4                HRTIM1_TIMA_IRQHandler
                0x08003db4                SPI5_IRQHandler
                0x08003db4                TIM7_IRQHandler
                0x08003db4                SDMMC1_IRQHandler
                0x08003db4                TIM5_IRQHandler
                0x08003db4                DMA2_Stream7_IRQHandler
                0x08003db4                TIM15_IRQHandler
                0x08003db4                I2C3_EV_IRQHandler
                0x08003db4                EXTI9_5_IRQHandler
                0x08003db4                RTC_WKUP_IRQHandler
                0x08003db4                LTDC_IRQHandler
                0x08003db4                SAI3_IRQHandler
                0x08003db4                ETH_WKUP_IRQHandler
                0x08003db4                SPDIF_RX_IRQHandler
                0x08003db4                SPI2_IRQHandler
                0x08003db4                OTG_HS_EP1_IN_IRQHandler
                0x08003db4                CRS_IRQHandler
                0x08003db4                EXTI4_IRQHandler
                0x08003db4                RNG_IRQHandler
                0x08003db4                HRTIM1_TIMB_IRQHandler
                0x08003db4                FDCAN2_IT1_IRQHandler
                0x08003db4                ETH_IRQHandler
                0x08003db4                BDMA_Channel4_IRQHandler
                0x08003db4                OTG_HS_EP1_OUT_IRQHandler
                0x08003db4                WWDG_IRQHandler
                0x08003db4                SPI6_IRQHandler
                0x08003db4                MDIOS_IRQHandler
                0x08003db4                I2C4_EV_IRQHandler
                0x08003db4                FDCAN2_IT0_IRQHandler
                0x08003db4                LPUART1_IRQHandler
                0x08003db4                FDCAN1_IT0_IRQHandler
                0x08003db4                TIM2_IRQHandler
                0x08003db4                OTG_FS_WKUP_IRQHandler
                0x08003db4                OTG_HS_IRQHandler
                0x08003db4                DMA2D_IRQHandler
                0x08003db4                TIM1_BRK_IRQHandler
                0x08003db4                EXTI1_IRQHandler
                0x08003db4                SDMMC2_IRQHandler
                0x08003db4                OTG_FS_EP1_OUT_IRQHandler
                0x08003db4                BDMA_Channel3_IRQHandler
                0x08003db4                UART7_IRQHandler
                0x08003db4                MDIOS_WKUP_IRQHandler
                0x08003db4                USART2_IRQHandler
                0x08003db4                DFSDM1_FLT0_IRQHandler
                0x08003db4                SAI4_IRQHandler
                0x08003db4                I2C2_ER_IRQHandler
                0x08003db4                DMA2_Stream1_IRQHandler
                0x08003db4                FLASH_IRQHandler
                0x08003db4                DMA2_Stream4_IRQHandler
                0x08003db4                USART1_IRQHandler
                0x08003db4                OTG_FS_IRQHandler
                0x08003db4                SPI3_IRQHandler
                0x08003db4                WAKEUP_PIN_IRQHandler
                0x08003db4                DMA1_Stream4_IRQHandler
                0x08003db4                OTG_FS_EP1_IN_IRQHandler
                0x08003db4                I2C1_ER_IRQHandler
                0x08003db4                FMC_IRQHandler
                0x08003db4                FDCAN_CAL_IRQHandler
                0x08003db4                SWPMI1_IRQHandler
                0x08003db4                COMP1_IRQHandler
                0x08003db4                LPTIM1_IRQHandler
                0x08003db4                I2C4_ER_IRQHandler
                0x08003db4                DMA2_Stream6_IRQHandler
                0x08003db4                SAI1_IRQHandler
                0x08003db4                DMA1_Stream3_IRQHandler
 *fill*         0x08003db6        0x2 
 .text.HAL_Init
                0x08003db8       0x78 ./Drivers/STM32H7xx_HAL_Driver/Src/stm32h7xx_hal.o
                0x08003db8                HAL_Init
 .text.HAL_IncTick
                0x08003e30       0x28 ./Drivers/STM32H7xx_HAL_Driver/Src/stm32h7xx_hal.o
                0x08003e30                HAL_IncTick
 .text.HAL_GetTick
                0x08003e58       0x18 ./Drivers/STM32H7xx_HAL_Driver/Src/stm32h7xx_hal.o
                0x08003e58                HAL_GetTick
 .text.HAL_GetREVID
                0x08003e70       0x18 ./Drivers/STM32H7xx_HAL_Driver/Src/stm32h7xx_hal.o
                0x08003e70                HAL_GetREVID
 .text.__NVIC_SetPriorityGrouping
                0x08003e88       0x48 ./Drivers/STM32H7xx_HAL_Driver/Src/stm32h7xx_hal_cortex.o
 .text.__NVIC_GetPriorityGrouping
                0x08003ed0       0x1c ./Drivers/STM32H7xx_HAL_Driver/Src/stm32h7xx_hal_cortex.o
 .text.__NVIC_EnableIRQ
                0x08003eec       0x3c ./Drivers/STM32H7xx_HAL_Driver/Src/stm32h7xx_hal_cortex.o
 .text.__NVIC_SetPriority
                0x08003f28       0x54 ./Drivers/STM32H7xx_HAL_Driver/Src/stm32h7xx_hal_cortex.o
 .text.NVIC_EncodePriority
                0x08003f7c       0x66 ./Drivers/STM32H7xx_HAL_Driver/Src/stm32h7xx_hal_cortex.o
 .text.HAL_NVIC_SetPriorityGrouping
                0x08003fe2       0x16 ./Drivers/STM32H7xx_HAL_Driver/Src/stm32h7xx_hal_cortex.o
                0x08003fe2                HAL_NVIC_SetPriorityGrouping
 .text.HAL_NVIC_SetPriority
                0x08003ff8       0x34 ./Drivers/STM32H7xx_HAL_Driver/Src/stm32h7xx_hal_cortex.o
                0x08003ff8                HAL_NVIC_SetPriority
 .text.HAL_NVIC_EnableIRQ
                0x0800402c       0x1c ./Drivers/STM32H7xx_HAL_Driver/Src/stm32h7xx_hal_cortex.o
                0x0800402c                HAL_NVIC_EnableIRQ
 .text.HAL_MPU_Disable
                0x08004048       0x30 ./Drivers/STM32H7xx_HAL_Driver/Src/stm32h7xx_hal_cortex.o
                0x08004048                HAL_MPU_Disable
 .text.HAL_MPU_Enable
                0x08004078       0x40 ./Drivers/STM32H7xx_HAL_Driver/Src/stm32h7xx_hal_cortex.o
                0x08004078                HAL_MPU_Enable
 .text.HAL_MPU_ConfigRegion
                0x080040b8       0x80 ./Drivers/STM32H7xx_HAL_Driver/Src/stm32h7xx_hal_cortex.o
                0x080040b8                HAL_MPU_ConfigRegion
 .text.HAL_DMA_Init
                0x08004138      0x6b8 ./Drivers/STM32H7xx_HAL_Driver/Src/stm32h7xx_hal_dma.o
                0x08004138                HAL_DMA_Init
 .text.HAL_DMA_Start_IT
                0x080047f0      0x4d4 ./Drivers/STM32H7xx_HAL_Driver/Src/stm32h7xx_hal_dma.o
                0x080047f0                HAL_DMA_Start_IT
 .text.HAL_DMA_Abort
                0x08004cc4      0x63c ./Drivers/STM32H7xx_HAL_Driver/Src/stm32h7xx_hal_dma.o
                0x08004cc4                HAL_DMA_Abort
 .text.HAL_DMA_Abort_IT
                0x08005300      0x48c ./Drivers/STM32H7xx_HAL_Driver/Src/stm32h7xx_hal_dma.o
                0x08005300                HAL_DMA_Abort_IT
 .text.HAL_DMA_IRQHandler
                0x0800578c      0xe54 ./Drivers/STM32H7xx_HAL_Driver/Src/stm32h7xx_hal_dma.o
                0x0800578c                HAL_DMA_IRQHandler
 .text.DMA_SetConfig
                0x080065e0      0x358 ./Drivers/STM32H7xx_HAL_Driver/Src/stm32h7xx_hal_dma.o
 .text.DMA_CalcBaseAndBitshift
                0x08006938      0x164 ./Drivers/STM32H7xx_HAL_Driver/Src/stm32h7xx_hal_dma.o
 .text.DMA_CheckFifoParam
                0x08006a9c       0xf8 ./Drivers/STM32H7xx_HAL_Driver/Src/stm32h7xx_hal_dma.o
 .text.DMA_CalcDMAMUXChannelBaseAndMask
                0x08006b94      0x134 ./Drivers/STM32H7xx_HAL_Driver/Src/stm32h7xx_hal_dma.o
 .text.DMA_CalcDMAMUXRequestGenBaseAndMask
                0x08006cc8       0xe8 ./Drivers/STM32H7xx_HAL_Driver/Src/stm32h7xx_hal_dma.o
 .text.HAL_DMAEx_ConfigMuxSync
                0x08006db0      0x18c ./Drivers/STM32H7xx_HAL_Driver/Src/stm32h7xx_hal_dma_ex.o
                0x08006db0                HAL_DMAEx_ConfigMuxSync
 .text.HAL_DMAEx_MUX_IRQHandler
                0x08006f3c       0xa4 ./Drivers/STM32H7xx_HAL_Driver/Src/stm32h7xx_hal_dma_ex.o
                0x08006f3c                HAL_DMAEx_MUX_IRQHandler
 .text.HAL_GPIO_Init
                0x08006fe0      0x360 ./Drivers/STM32H7xx_HAL_Driver/Src/stm32h7xx_hal_gpio.o
                0x08006fe0                HAL_GPIO_Init
 .text.HAL_GPIO_WritePin
                0x08007340       0x32 ./Drivers/STM32H7xx_HAL_Driver/Src/stm32h7xx_hal_gpio.o
                0x08007340                HAL_GPIO_WritePin
 .text.HAL_GPIO_EXTI_IRQHandler
                0x08007372       0x34 ./Drivers/STM32H7xx_HAL_Driver/Src/stm32h7xx_hal_gpio.o
                0x08007372                HAL_GPIO_EXTI_IRQHandler
 .text.HAL_PWR_PVDCallback
                0x080073a6        0xe ./Drivers/STM32H7xx_HAL_Driver/Src/stm32h7xx_hal_pwr.o
                0x080073a6                HAL_PWR_PVDCallback
 .text.HAL_PWREx_ConfigSupply
                0x080073b4       0x74 ./Drivers/STM32H7xx_HAL_Driver/Src/stm32h7xx_hal_pwr_ex.o
                0x080073b4                HAL_PWREx_ConfigSupply
 .text.HAL_PWREx_PVD_AVD_IRQHandler
                0x08007428       0x94 ./Drivers/STM32H7xx_HAL_Driver/Src/stm32h7xx_hal_pwr_ex.o
                0x08007428                HAL_PWREx_PVD_AVD_IRQHandler
 .text.HAL_PWREx_AVDCallback
                0x080074bc        0xe ./Drivers/STM32H7xx_HAL_Driver/Src/stm32h7xx_hal_pwr_ex.o
                0x080074bc                HAL_PWREx_AVDCallback
 *fill*         0x080074ca        0x2 
 .text.HAL_RCC_OscConfig
                0x080074cc      0x8b4 ./Drivers/STM32H7xx_HAL_Driver/Src/stm32h7xx_hal_rcc.o
                0x080074cc                HAL_RCC_OscConfig
 .text.HAL_RCC_ClockConfig
                0x08007d80      0x36c ./Drivers/STM32H7xx_HAL_Driver/Src/stm32h7xx_hal_rcc.o
                0x08007d80                HAL_RCC_ClockConfig
 .text.HAL_RCC_GetSysClockFreq
                0x080080ec      0x2f4 ./Drivers/STM32H7xx_HAL_Driver/Src/stm32h7xx_hal_rcc.o
                0x080080ec                HAL_RCC_GetSysClockFreq
 .text.HAL_RCC_GetHCLKFreq
                0x080083e0       0x60 ./Drivers/STM32H7xx_HAL_Driver/Src/stm32h7xx_hal_rcc.o
                0x080083e0                HAL_RCC_GetHCLKFreq
 .text.HAL_RCC_GetPCLK1Freq
                0x08008440       0x2c ./Drivers/STM32H7xx_HAL_Driver/Src/stm32h7xx_hal_rcc.o
                0x08008440                HAL_RCC_GetPCLK1Freq
 .text.HAL_RCC_GetPCLK2Freq
                0x0800846c       0x2c ./Drivers/STM32H7xx_HAL_Driver/Src/stm32h7xx_hal_rcc.o
                0x0800846c                HAL_RCC_GetPCLK2Freq
 .text.HAL_RCC_GetClockConfig
                0x08008498       0x84 ./Drivers/STM32H7xx_HAL_Driver/Src/stm32h7xx_hal_rcc.o
                0x08008498                HAL_RCC_GetClockConfig
 .text.HAL_RCCEx_PeriphCLKConfig
                0x0800851c     0x1414 ./Drivers/STM32H7xx_HAL_Driver/Src/stm32h7xx_hal_rcc_ex.o
                0x0800851c                HAL_RCCEx_PeriphCLKConfig
 .text.HAL_RCCEx_GetD3PCLK1Freq
                0x08009930       0x2c ./Drivers/STM32H7xx_HAL_Driver/Src/stm32h7xx_hal_rcc_ex.o
                0x08009930                HAL_RCCEx_GetD3PCLK1Freq
 .text.HAL_RCCEx_GetPLL2ClockFreq
                0x0800995c      0x2a8 ./Drivers/STM32H7xx_HAL_Driver/Src/stm32h7xx_hal_rcc_ex.o
                0x0800995c                HAL_RCCEx_GetPLL2ClockFreq
 .text.HAL_RCCEx_GetPLL3ClockFreq
                0x08009c04      0x2a8 ./Drivers/STM32H7xx_HAL_Driver/Src/stm32h7xx_hal_rcc_ex.o
                0x08009c04                HAL_RCCEx_GetPLL3ClockFreq
 .text.RCCEx_PLL2_Config
                0x08009eac      0x164 ./Drivers/STM32H7xx_HAL_Driver/Src/stm32h7xx_hal_rcc_ex.o
 .text.RCCEx_PLL3_Config
                0x0800a010      0x164 ./Drivers/STM32H7xx_HAL_Driver/Src/stm32h7xx_hal_rcc_ex.o
 .text.HAL_SPI_Init
                0x0800a174      0x248 ./Drivers/STM32H7xx_HAL_Driver/Src/stm32h7xx_hal_spi.o
                0x0800a174                HAL_SPI_Init
 .text.HAL_SPI_Transmit
                0x0800a3bc      0x3dc ./Drivers/STM32H7xx_HAL_Driver/Src/stm32h7xx_hal_spi.o
                0x0800a3bc                HAL_SPI_Transmit
 .text.HAL_SPI_Receive
                0x0800a798      0x4e4 ./Drivers/STM32H7xx_HAL_Driver/Src/stm32h7xx_hal_spi.o
                0x0800a798                HAL_SPI_Receive
 .text.SPI_CloseTransfer
                0x0800ac7c      0x140 ./Drivers/STM32H7xx_HAL_Driver/Src/stm32h7xx_hal_spi.o
 .text.SPI_WaitOnFlagUntilTimeout
                0x0800adbc       0x5c ./Drivers/STM32H7xx_HAL_Driver/Src/stm32h7xx_hal_spi.o
 .text.SPI_GetPacketSize
                0x0800ae18       0x36 ./Drivers/STM32H7xx_HAL_Driver/Src/stm32h7xx_hal_spi.o
 .text.HAL_TIM_Base_Init
                0x0800ae4e       0xae ./Drivers/STM32H7xx_HAL_Driver/Src/stm32h7xx_hal_tim.o
                0x0800ae4e                HAL_TIM_Base_Init
 .text.HAL_TIM_Base_Start_IT
                0x0800aefc       0xf0 ./Drivers/STM32H7xx_HAL_Driver/Src/stm32h7xx_hal_tim.o
                0x0800aefc                HAL_TIM_Base_Start_IT
 .text.HAL_TIM_IRQHandler
                0x0800afec      0x20e ./Drivers/STM32H7xx_HAL_Driver/Src/stm32h7xx_hal_tim.o
                0x0800afec                HAL_TIM_IRQHandler
 .text.HAL_TIM_OC_DelayElapsedCallback
                0x0800b1fa       0x14 ./Drivers/STM32H7xx_HAL_Driver/Src/stm32h7xx_hal_tim.o
                0x0800b1fa                HAL_TIM_OC_DelayElapsedCallback
 .text.HAL_TIM_IC_CaptureCallback
                0x0800b20e       0x14 ./Drivers/STM32H7xx_HAL_Driver/Src/stm32h7xx_hal_tim.o
                0x0800b20e                HAL_TIM_IC_CaptureCallback
 .text.HAL_TIM_PWM_PulseFinishedCallback
                0x0800b222       0x14 ./Drivers/STM32H7xx_HAL_Driver/Src/stm32h7xx_hal_tim.o
                0x0800b222                HAL_TIM_PWM_PulseFinishedCallback
 .text.HAL_TIM_TriggerCallback
                0x0800b236       0x14 ./Drivers/STM32H7xx_HAL_Driver/Src/stm32h7xx_hal_tim.o
                0x0800b236                HAL_TIM_TriggerCallback
 *fill*         0x0800b24a        0x2 
 .text.TIM_Base_SetConfig
                0x0800b24c      0x140 ./Drivers/STM32H7xx_HAL_Driver/Src/stm32h7xx_hal_tim.o
                0x0800b24c                TIM_Base_SetConfig
 .text.HAL_TIMEx_MasterConfigSynchronization
                0x0800b38c      0x11c ./Drivers/STM32H7xx_HAL_Driver/Src/stm32h7xx_hal_tim_ex.o
                0x0800b38c                HAL_TIMEx_MasterConfigSynchronization
 .text.HAL_TIMEx_CommutCallback
                0x0800b4a8       0x14 ./Drivers/STM32H7xx_HAL_Driver/Src/stm32h7xx_hal_tim_ex.o
                0x0800b4a8                HAL_TIMEx_CommutCallback
 .text.HAL_TIMEx_BreakCallback
                0x0800b4bc       0x14 ./Drivers/STM32H7xx_HAL_Driver/Src/stm32h7xx_hal_tim_ex.o
                0x0800b4bc                HAL_TIMEx_BreakCallback
 .text.HAL_TIMEx_Break2Callback
                0x0800b4d0       0x14 ./Drivers/STM32H7xx_HAL_Driver/Src/stm32h7xx_hal_tim_ex.o
                0x0800b4d0                HAL_TIMEx_Break2Callback
 .text.HAL_HalfDuplex_Init
                0x0800b4e4       0xb0 ./Drivers/STM32H7xx_HAL_Driver/Src/stm32h7xx_hal_uart.o
                0x0800b4e4                HAL_HalfDuplex_Init
 .text.HAL_UART_Transmit_DMA
                0x0800b594      0x100 ./Drivers/STM32H7xx_HAL_Driver/Src/stm32h7xx_hal_uart.o
                0x0800b594                HAL_UART_Transmit_DMA
 .text.HAL_UART_IRQHandler
                0x0800b694      0x7ac ./Drivers/STM32H7xx_HAL_Driver/Src/stm32h7xx_hal_uart.o
                0x0800b694                HAL_UART_IRQHandler
 .text.HAL_UART_TxHalfCpltCallback
                0x0800be40       0x14 ./Drivers/STM32H7xx_HAL_Driver/Src/stm32h7xx_hal_uart.o
                0x0800be40                HAL_UART_TxHalfCpltCallback
 .text.HAL_UART_ErrorCallback
                0x0800be54       0x14 ./Drivers/STM32H7xx_HAL_Driver/Src/stm32h7xx_hal_uart.o
                0x0800be54                HAL_UART_ErrorCallback
 .text.HAL_UARTEx_RxEventCallback
                0x0800be68       0x18 ./Drivers/STM32H7xx_HAL_Driver/Src/stm32h7xx_hal_uart.o
                0x0800be68                HAL_UARTEx_RxEventCallback
 .text.UART_SetConfig
                0x0800be80      0xad0 ./Drivers/STM32H7xx_HAL_Driver/Src/stm32h7xx_hal_uart.o
                0x0800be80                UART_SetConfig
 .text.UART_AdvFeatureConfig
                0x0800c950      0x144 ./Drivers/STM32H7xx_HAL_Driver/Src/stm32h7xx_hal_uart.o
                0x0800c950                UART_AdvFeatureConfig
 .text.UART_CheckIdleState
                0x0800ca94      0x154 ./Drivers/STM32H7xx_HAL_Driver/Src/stm32h7xx_hal_uart.o
                0x0800ca94                UART_CheckIdleState
 .text.UART_WaitOnFlagUntilTimeout
                0x0800cbe8       0xda ./Drivers/STM32H7xx_HAL_Driver/Src/stm32h7xx_hal_uart.o
                0x0800cbe8                UART_WaitOnFlagUntilTimeout
 .text.UART_EndTxTransfer
                0x0800ccc2       0x82 ./Drivers/STM32H7xx_HAL_Driver/Src/stm32h7xx_hal_uart.o
 .text.UART_EndRxTransfer
                0x0800cd44       0xcc ./Drivers/STM32H7xx_HAL_Driver/Src/stm32h7xx_hal_uart.o
 .text.UART_DMATransmitCplt
                0x0800ce10       0x96 ./Drivers/STM32H7xx_HAL_Driver/Src/stm32h7xx_hal_uart.o
 .text.UART_DMATxHalfCplt
                0x0800cea6       0x1c ./Drivers/STM32H7xx_HAL_Driver/Src/stm32h7xx_hal_uart.o
 .text.UART_DMAError
                0x0800cec2       0x80 ./Drivers/STM32H7xx_HAL_Driver/Src/stm32h7xx_hal_uart.o
 .text.UART_DMAAbortOnError
                0x0800cf42       0x24 ./Drivers/STM32H7xx_HAL_Driver/Src/stm32h7xx_hal_uart.o
 .text.UART_EndTransmit_IT
                0x0800cf66       0x56 ./Drivers/STM32H7xx_HAL_Driver/Src/stm32h7xx_hal_uart.o
 .text.HAL_UARTEx_WakeupCallback
                0x0800cfbc       0x14 ./Drivers/STM32H7xx_HAL_Driver/Src/stm32h7xx_hal_uart_ex.o
                0x0800cfbc                HAL_UARTEx_WakeupCallback
 .text.HAL_UARTEx_RxFifoFullCallback
                0x0800cfd0       0x14 ./Drivers/STM32H7xx_HAL_Driver/Src/stm32h7xx_hal_uart_ex.o
                0x0800cfd0                HAL_UARTEx_RxFifoFullCallback
 .text.HAL_UARTEx_TxFifoEmptyCallback
                0x0800cfe4       0x14 ./Drivers/STM32H7xx_HAL_Driver/Src/stm32h7xx_hal_uart_ex.o
                0x0800cfe4                HAL_UARTEx_TxFifoEmptyCallback
 .text.HAL_UARTEx_DisableFifoMode
                0x0800cff8       0x72 ./Drivers/STM32H7xx_HAL_Driver/Src/stm32h7xx_hal_uart_ex.o
                0x0800cff8                HAL_UARTEx_DisableFifoMode
 .text.HAL_UARTEx_SetTxFifoThreshold
                0x0800d06a       0x7c ./Drivers/STM32H7xx_HAL_Driver/Src/stm32h7xx_hal_uart_ex.o
                0x0800d06a                HAL_UARTEx_SetTxFifoThreshold
 .text.HAL_UARTEx_SetRxFifoThreshold
                0x0800d0e6       0x7c ./Drivers/STM32H7xx_HAL_Driver/Src/stm32h7xx_hal_uart_ex.o
                0x0800d0e6                HAL_UARTEx_SetRxFifoThreshold
 *fill*         0x0800d162        0x2 
 .text.UARTEx_SetNbDataToProcess
                0x0800d164       0x9c ./Drivers/STM32H7xx_HAL_Driver/Src/stm32h7xx_hal_uart_ex.o
 .text.makeFreeRtosPriority
                0x0800d200       0x30 ./Middlewares/Third_Party/FreeRTOS/Source/CMSIS_RTOS/cmsis_os.o
 .text.osKernelStart
                0x0800d230        0xe ./Middlewares/Third_Party/FreeRTOS/Source/CMSIS_RTOS/cmsis_os.o
                0x0800d230                osKernelStart
 .text.osThreadCreate
                0x0800d23e       0x98 ./Middlewares/Third_Party/FreeRTOS/Source/CMSIS_RTOS/cmsis_os.o
                0x0800d23e                osThreadCreate
 .text.osDelay  0x0800d2d6       0x28 ./Middlewares/Third_Party/FreeRTOS/Source/CMSIS_RTOS/cmsis_os.o
                0x0800d2d6                osDelay
 .text.vListInitialise
                0x0800d2fe       0x40 ./Middlewares/Third_Party/FreeRTOS/Source/list.o
                0x0800d2fe                vListInitialise
 .text.vListInitialiseItem
                0x0800d33e       0x1a ./Middlewares/Third_Party/FreeRTOS/Source/list.o
                0x0800d33e                vListInitialiseItem
 .text.vListInsertEnd
                0x0800d358       0x48 ./Middlewares/Third_Party/FreeRTOS/Source/list.o
                0x0800d358                vListInsertEnd
 .text.vListInsert
                0x0800d3a0       0x72 ./Middlewares/Third_Party/FreeRTOS/Source/list.o
                0x0800d3a0                vListInsert
 .text.uxListRemove
                0x0800d412       0x54 ./Middlewares/Third_Party/FreeRTOS/Source/list.o
                0x0800d412                uxListRemove
 *fill*         0x0800d466        0x2 
 .text.xQueueGenericReset
                0x0800d468       0xd4 ./Middlewares/Third_Party/FreeRTOS/Source/queue.o
                0x0800d468                xQueueGenericReset
 .text.xQueueGenericCreateStatic
                0x0800d53c       0xfa ./Middlewares/Third_Party/FreeRTOS/Source/queue.o
                0x0800d53c                xQueueGenericCreateStatic
 .text.xQueueGenericCreate
                0x0800d636       0x76 ./Middlewares/Third_Party/FreeRTOS/Source/queue.o
                0x0800d636                xQueueGenericCreate
 .text.prvInitialiseNewQueue
                0x0800d6ac       0x46 ./Middlewares/Third_Party/FreeRTOS/Source/queue.o
 .text.prvInitialiseMutex
                0x0800d6f2       0x34 ./Middlewares/Third_Party/FreeRTOS/Source/queue.o
 .text.xQueueCreateMutex
                0x0800d726       0x30 ./Middlewares/Third_Party/FreeRTOS/Source/queue.o
                0x0800d726                xQueueCreateMutex
 .text.xQueueCreateCountingSemaphore
                0x0800d756       0x6a ./Middlewares/Third_Party/FreeRTOS/Source/queue.o
                0x0800d756                xQueueCreateCountingSemaphore
 .text.xQueueGenericSend
                0x0800d7c0      0x204 ./Middlewares/Third_Party/FreeRTOS/Source/queue.o
                0x0800d7c0                xQueueGenericSend
 .text.xQueueGenericSendFromISR
                0x0800d9c4      0x13c ./Middlewares/Third_Party/FreeRTOS/Source/queue.o
                0x0800d9c4                xQueueGenericSendFromISR
 .text.xQueueGiveFromISR
                0x0800db00      0x120 ./Middlewares/Third_Party/FreeRTOS/Source/queue.o
                0x0800db00                xQueueGiveFromISR
 .text.xQueueReceive
                0x0800dc20      0x1c4 ./Middlewares/Third_Party/FreeRTOS/Source/queue.o
                0x0800dc20                xQueueReceive
 .text.xQueueSemaphoreTake
                0x0800dde4      0x220 ./Middlewares/Third_Party/FreeRTOS/Source/queue.o
                0x0800dde4                xQueueSemaphoreTake
 .text.prvGetDisinheritPriorityAfterTimeout
                0x0800e004       0x30 ./Middlewares/Third_Party/FreeRTOS/Source/queue.o
 .text.prvCopyDataToQueue
                0x0800e034       0xd4 ./Middlewares/Third_Party/FreeRTOS/Source/queue.o
 .text.prvCopyDataFromQueue
                0x0800e108       0x4c ./Middlewares/Third_Party/FreeRTOS/Source/queue.o
 .text.prvUnlockQueue
                0x0800e154       0xa4 ./Middlewares/Third_Party/FreeRTOS/Source/queue.o
 .text.prvIsQueueEmpty
                0x0800e1f8       0x2c ./Middlewares/Third_Party/FreeRTOS/Source/queue.o
 .text.prvIsQueueFull
                0x0800e224       0x30 ./Middlewares/Third_Party/FreeRTOS/Source/queue.o
 .text.vQueueAddToRegistry
                0x0800e254       0x54 ./Middlewares/Third_Party/FreeRTOS/Source/queue.o
                0x0800e254                vQueueAddToRegistry
 .text.vQueueWaitForMessageRestricted
                0x0800e2a8       0x68 ./Middlewares/Third_Party/FreeRTOS/Source/queue.o
                0x0800e2a8                vQueueWaitForMessageRestricted
 .text.xTaskCreateStatic
                0x0800e310       0xc0 ./Middlewares/Third_Party/FreeRTOS/Source/tasks.o
                0x0800e310                xTaskCreateStatic
 .text.xTaskCreate
                0x0800e3d0       0x8a ./Middlewares/Third_Party/FreeRTOS/Source/tasks.o
                0x0800e3d0                xTaskCreate
 *fill*         0x0800e45a        0x2 
 .text.prvInitialiseNewTask
                0x0800e45c      0x168 ./Middlewares/Third_Party/FreeRTOS/Source/tasks.o
 .text.prvAddNewTaskToReadyList
                0x0800e5c4       0xdc ./Middlewares/Third_Party/FreeRTOS/Source/tasks.o
 .text.vTaskDelay
                0x0800e6a0       0x6c ./Middlewares/Third_Party/FreeRTOS/Source/tasks.o
                0x0800e6a0                vTaskDelay
 .text.vTaskStartScheduler
                0x0800e70c       0xe4 ./Middlewares/Third_Party/FreeRTOS/Source/tasks.o
                0x0800e70c                vTaskStartScheduler
 .text.vTaskSuspendAll
                0x0800e7f0       0x1c ./Middlewares/Third_Party/FreeRTOS/Source/tasks.o
                0x0800e7f0                vTaskSuspendAll
 .text.xTaskResumeAll
                0x0800e80c      0x13c ./Middlewares/Third_Party/FreeRTOS/Source/tasks.o
                0x0800e80c                xTaskResumeAll
 .text.xTaskGetTickCount
                0x0800e948       0x20 ./Middlewares/Third_Party/FreeRTOS/Source/tasks.o
                0x0800e948                xTaskGetTickCount
 .text.xTaskIncrementTick
                0x0800e968      0x184 ./Middlewares/Third_Party/FreeRTOS/Source/tasks.o
                0x0800e968                xTaskIncrementTick
 .text.vTaskSwitchContext
                0x0800eaec      0x118 ./Middlewares/Third_Party/FreeRTOS/Source/tasks.o
                0x0800eaec                vTaskSwitchContext
 .text.vTaskPlaceOnEventList
                0x0800ec04       0x4c ./Middlewares/Third_Party/FreeRTOS/Source/tasks.o
                0x0800ec04                vTaskPlaceOnEventList
 .text.vTaskPlaceOnEventListRestricted
                0x0800ec50       0x58 ./Middlewares/Third_Party/FreeRTOS/Source/tasks.o
                0x0800ec50                vTaskPlaceOnEventListRestricted
 .text.xTaskRemoveFromEventList
                0x0800eca8       0xc8 ./Middlewares/Third_Party/FreeRTOS/Source/tasks.o
                0x0800eca8                xTaskRemoveFromEventList
 .text.vTaskInternalSetTimeOutState
                0x0800ed70       0x2c ./Middlewares/Third_Party/FreeRTOS/Source/tasks.o
                0x0800ed70                vTaskInternalSetTimeOutState
 .text.xTaskCheckForTimeOut
                0x0800ed9c       0xe8 ./Middlewares/Third_Party/FreeRTOS/Source/tasks.o
                0x0800ed9c                xTaskCheckForTimeOut
 .text.vTaskMissedYield
                0x0800ee84       0x18 ./Middlewares/Third_Party/FreeRTOS/Source/tasks.o
                0x0800ee84                vTaskMissedYield
 .text.prvIdleTask
                0x0800ee9c       0x34 ./Middlewares/Third_Party/FreeRTOS/Source/tasks.o
 .text.prvInitialiseTaskLists
                0x0800eed0       0x80 ./Middlewares/Third_Party/FreeRTOS/Source/tasks.o
 .text.prvCheckTasksWaitingTermination
                0x0800ef50       0x5c ./Middlewares/Third_Party/FreeRTOS/Source/tasks.o
 .text.prvDeleteTCB
                0x0800efac       0x6a ./Middlewares/Third_Party/FreeRTOS/Source/tasks.o
 *fill*         0x0800f016        0x2 
 .text.prvResetNextTaskUnblockTime
                0x0800f018       0x40 ./Middlewares/Third_Party/FreeRTOS/Source/tasks.o
 .text.xTaskGetSchedulerState
                0x0800f058       0x3c ./Middlewares/Third_Party/FreeRTOS/Source/tasks.o
                0x0800f058                xTaskGetSchedulerState
 .text.xTaskPriorityInherit
                0x0800f094       0xec ./Middlewares/Third_Party/FreeRTOS/Source/tasks.o
                0x0800f094                xTaskPriorityInherit
 .text.xTaskPriorityDisinherit
                0x0800f180      0x110 ./Middlewares/Third_Party/FreeRTOS/Source/tasks.o
                0x0800f180                xTaskPriorityDisinherit
 .text.vTaskPriorityDisinheritAfterTimeout
                0x0800f290      0x120 ./Middlewares/Third_Party/FreeRTOS/Source/tasks.o
                0x0800f290                vTaskPriorityDisinheritAfterTimeout
 .text.pvTaskIncrementMutexHeldCount
                0x0800f3b0       0x28 ./Middlewares/Third_Party/FreeRTOS/Source/tasks.o
                0x0800f3b0                pvTaskIncrementMutexHeldCount
 .text.prvAddCurrentTaskToDelayedList
                0x0800f3d8       0xd4 ./Middlewares/Third_Party/FreeRTOS/Source/tasks.o
 .text.xTimerCreateTimerTask
                0x0800f4ac       0x94 ./Middlewares/Third_Party/FreeRTOS/Source/timers.o
                0x0800f4ac                xTimerCreateTimerTask
 .text.xTimerGenericCommand
                0x0800f540       0x9c ./Middlewares/Third_Party/FreeRTOS/Source/timers.o
                0x0800f540                xTimerGenericCommand
 .text.prvProcessExpiredTimer
                0x0800f5dc       0x9c ./Middlewares/Third_Party/FreeRTOS/Source/timers.o
 .text.prvTimerTask
                0x0800f678       0x2a ./Middlewares/Third_Party/FreeRTOS/Source/timers.o
 *fill*         0x0800f6a2        0x2 
 .text.prvProcessTimerOrBlockTask
                0x0800f6a4       0x9c ./Middlewares/Third_Party/FreeRTOS/Source/timers.o
 .text.prvGetNextExpireTime
                0x0800f740       0x48 ./Middlewares/Third_Party/FreeRTOS/Source/timers.o
 .text.prvSampleTimeNow
                0x0800f788       0x40 ./Middlewares/Third_Party/FreeRTOS/Source/timers.o
 .text.prvInsertTimerInActiveList
                0x0800f7c8       0x84 ./Middlewares/Third_Party/FreeRTOS/Source/timers.o
 .text.prvProcessReceivedCommands
                0x0800f84c      0x194 ./Middlewares/Third_Party/FreeRTOS/Source/timers.o
 .text.prvSwitchTimerLists
                0x0800f9e0       0xcc ./Middlewares/Third_Party/FreeRTOS/Source/timers.o
 .text.prvCheckForValidListAndQueue
                0x0800faac       0x80 ./Middlewares/Third_Party/FreeRTOS/Source/timers.o
 .text.pxPortInitialiseStack
                0x0800fb2c       0x68 ./Middlewares/Third_Party/FreeRTOS/Source/portable/GCC/ARM_CM4F/port.o
                0x0800fb2c                pxPortInitialiseStack
 .text.prvTaskExitError
                0x0800fb94       0x5c ./Middlewares/Third_Party/FreeRTOS/Source/portable/GCC/ARM_CM4F/port.o
 .text.SVC_Handler
                0x0800fbf0       0x28 ./Middlewares/Third_Party/FreeRTOS/Source/portable/GCC/ARM_CM4F/port.o
                0x0800fbf0                SVC_Handler
 .text.prvPortStartFirstTask
                0x0800fc18       0x28 ./Middlewares/Third_Party/FreeRTOS/Source/portable/GCC/ARM_CM4F/port.o
 .text.xPortStartScheduler
                0x0800fc40      0x148 ./Middlewares/Third_Party/FreeRTOS/Source/portable/GCC/ARM_CM4F/port.o
                0x0800fc40                xPortStartScheduler
 .text.vPortEnterCritical
                0x0800fd88       0x64 ./Middlewares/Third_Party/FreeRTOS/Source/portable/GCC/ARM_CM4F/port.o
                0x0800fd88                vPortEnterCritical
 .text.vPortExitCritical
                0x0800fdec       0x54 ./Middlewares/Third_Party/FreeRTOS/Source/portable/GCC/ARM_CM4F/port.o
                0x0800fdec                vPortExitCritical
 .text.PendSV_Handler
                0x0800fe40       0x68 ./Middlewares/Third_Party/FreeRTOS/Source/portable/GCC/ARM_CM4F/port.o
                0x0800fe40                PendSV_Handler
 .text.SysTick_Handler
                0x0800fea8       0x44 ./Middlewares/Third_Party/FreeRTOS/Source/portable/GCC/ARM_CM4F/port.o
                0x0800fea8                SysTick_Handler
 .text.vPortSetupTimerInterrupt
                0x0800feec       0x48 ./Middlewares/Third_Party/FreeRTOS/Source/portable/GCC/ARM_CM4F/port.o
                0x0800feec                vPortSetupTimerInterrupt
 .text.vPortEnableVFP
                0x0800ff34       0x14 ./Middlewares/Third_Party/FreeRTOS/Source/portable/GCC/ARM_CM4F/port.o
 .text.vPortValidateInterruptPriority
                0x0800ff48       0x84 ./Middlewares/Third_Party/FreeRTOS/Source/portable/GCC/ARM_CM4F/port.o
                0x0800ff48                vPortValidateInterruptPriority
 .text.pvPortMalloc
                0x0800ffcc       0x2e ./Middlewares/Third_Party/FreeRTOS/Source/portable/MemMang/heap_3.o
                0x0800ffcc                pvPortMalloc
 .text.vPortFree
                0x0800fffa       0x24 ./Middlewares/Third_Party/FreeRTOS/Source/portable/MemMang/heap_3.o
                0x0800fffa                vPortFree
 *fill*         0x0801001e        0x2 
 .text.malloc   0x08010020       0x10 C:/ST/STM32CubeIDE_1.19.0/STM32CubeIDE/plugins/com.st.stm32cube.ide.mcu.externaltools.gnu-tools-for-stm32.13.3.rel1.win32_1.0.0.202411081344/tools/bin/../lib/gcc/arm-none-eabi/13.3.1/../../../../arm-none-eabi/lib/thumb/v7e-m+dp/hard\libc_nano.a(libc_a-malloc.o)
                0x08010020                malloc
 .text.free     0x08010030       0x10 C:/ST/STM32CubeIDE_1.19.0/STM32CubeIDE/plugins/com.st.stm32cube.ide.mcu.externaltools.gnu-tools-for-stm32.13.3.rel1.win32_1.0.0.202411081344/tools/bin/../lib/gcc/arm-none-eabi/13.3.1/../../../../arm-none-eabi/lib/thumb/v7e-m+dp/hard\libc_nano.a(libc_a-malloc.o)
                0x08010030                free
 .text.sbrk_aligned
                0x08010040       0x44 C:/ST/STM32CubeIDE_1.19.0/STM32CubeIDE/plugins/com.st.stm32cube.ide.mcu.externaltools.gnu-tools-for-stm32.13.3.rel1.win32_1.0.0.202411081344/tools/bin/../lib/gcc/arm-none-eabi/13.3.1/../../../../arm-none-eabi/lib/thumb/v7e-m+dp/hard\libc_nano.a(libc_a-mallocr.o)
 .text._malloc_r
                0x08010084      0x100 C:/ST/STM32CubeIDE_1.19.0/STM32CubeIDE/plugins/com.st.stm32cube.ide.mcu.externaltools.gnu-tools-for-stm32.13.3.rel1.win32_1.0.0.202411081344/tools/bin/../lib/gcc/arm-none-eabi/13.3.1/../../../../arm-none-eabi/lib/thumb/v7e-m+dp/hard\libc_nano.a(libc_a-mallocr.o)
                0x08010084                _malloc_r
 .text.__malloc_lock
                0x08010184        0xc C:/ST/STM32CubeIDE_1.19.0/STM32CubeIDE/plugins/com.st.stm32cube.ide.mcu.externaltools.gnu-tools-for-stm32.13.3.rel1.win32_1.0.0.202411081344/tools/bin/../lib/gcc/arm-none-eabi/13.3.1/../../../../arm-none-eabi/lib/thumb/v7e-m+dp/hard\libc_nano.a(libc_a-mlock.o)
                0x08010184                __malloc_lock
 .text.__malloc_unlock
                0x08010190        0xc C:/ST/STM32CubeIDE_1.19.0/STM32CubeIDE/plugins/com.st.stm32cube.ide.mcu.externaltools.gnu-tools-for-stm32.13.3.rel1.win32_1.0.0.202411081344/tools/bin/../lib/gcc/arm-none-eabi/13.3.1/../../../../arm-none-eabi/lib/thumb/v7e-m+dp/hard\libc_nano.a(libc_a-mlock.o)
                0x08010190                __malloc_unlock
 .text.snprintf
                0x0801019c       0x6c C:/ST/STM32CubeIDE_1.19.0/STM32CubeIDE/plugins/com.st.stm32cube.ide.mcu.externaltools.gnu-tools-for-stm32.13.3.rel1.win32_1.0.0.202411081344/tools/bin/../lib/gcc/arm-none-eabi/13.3.1/../../../../arm-none-eabi/lib/thumb/v7e-m+dp/hard\libc_nano.a(libc_a-snprintf.o)
                0x0801019c                sniprintf
                0x0801019c                snprintf
 .text.memset   0x08010208       0x10 C:/ST/STM32CubeIDE_1.19.0/STM32CubeIDE/plugins/com.st.stm32cube.ide.mcu.externaltools.gnu-tools-for-stm32.13.3.rel1.win32_1.0.0.202411081344/tools/bin/../lib/gcc/arm-none-eabi/13.3.1/../../../../arm-none-eabi/lib/thumb/v7e-m+dp/hard\libc_nano.a(libc_a-memset.o)
                0x08010208                memset
 .text._reclaim_reent
                0x08010218       0xbc C:/ST/STM32CubeIDE_1.19.0/STM32CubeIDE/plugins/com.st.stm32cube.ide.mcu.externaltools.gnu-tools-for-stm32.13.3.rel1.win32_1.0.0.202411081344/tools/bin/../lib/gcc/arm-none-eabi/13.3.1/../../../../arm-none-eabi/lib/thumb/v7e-m+dp/hard\libc_nano.a(libc_a-reent.o)
                0x08010218                _reclaim_reent
 .text._sbrk_r  0x080102d4       0x20 C:/ST/STM32CubeIDE_1.19.0/STM32CubeIDE/plugins/com.st.stm32cube.ide.mcu.externaltools.gnu-tools-for-stm32.13.3.rel1.win32_1.0.0.202411081344/tools/bin/../lib/gcc/arm-none-eabi/13.3.1/../../../../arm-none-eabi/lib/thumb/v7e-m+dp/hard\libc_nano.a(libc_a-sbrkr.o)
                0x080102d4                _sbrk_r
 .text.__errno  0x080102f4        0xc C:/ST/STM32CubeIDE_1.19.0/STM32CubeIDE/plugins/com.st.stm32cube.ide.mcu.externaltools.gnu-tools-for-stm32.13.3.rel1.win32_1.0.0.202411081344/tools/bin/../lib/gcc/arm-none-eabi/13.3.1/../../../../arm-none-eabi/lib/thumb/v7e-m+dp/hard\libc_nano.a(libc_a-errno.o)
                0x080102f4                __errno
 .text.__libc_init_array
                0x08010300       0x48 C:/ST/STM32CubeIDE_1.19.0/STM32CubeIDE/plugins/com.st.stm32cube.ide.mcu.externaltools.gnu-tools-for-stm32.13.3.rel1.win32_1.0.0.202411081344/tools/bin/../lib/gcc/arm-none-eabi/13.3.1/../../../../arm-none-eabi/lib/thumb/v7e-m+dp/hard\libc_nano.a(libc_a-init.o)
                0x08010300                __libc_init_array
 .text.__retarget_lock_acquire_recursive
                0x08010348        0x2 C:/ST/STM32CubeIDE_1.19.0/STM32CubeIDE/plugins/com.st.stm32cube.ide.mcu.externaltools.gnu-tools-for-stm32.13.3.rel1.win32_1.0.0.202411081344/tools/bin/../lib/gcc/arm-none-eabi/13.3.1/../../../../arm-none-eabi/lib/thumb/v7e-m+dp/hard\libc_nano.a(libc_a-lock.o)
                0x08010348                __retarget_lock_acquire_recursive
 .text.__retarget_lock_release_recursive
                0x0801034a        0x2 C:/ST/STM32CubeIDE_1.19.0/STM32CubeIDE/plugins/com.st.stm32cube.ide.mcu.externaltools.gnu-tools-for-stm32.13.3.rel1.win32_1.0.0.202411081344/tools/bin/../lib/gcc/arm-none-eabi/13.3.1/../../../../arm-none-eabi/lib/thumb/v7e-m+dp/hard\libc_nano.a(libc_a-lock.o)
                0x0801034a                __retarget_lock_release_recursive
 .text.times    0x0801034c       0x10 C:/ST/STM32CubeIDE_1.19.0/STM32CubeIDE/plugins/com.st.stm32cube.ide.mcu.externaltools.gnu-tools-for-stm32.13.3.rel1.win32_1.0.0.202411081344/tools/bin/../lib/gcc/arm-none-eabi/13.3.1/../../../../arm-none-eabi/lib/thumb/v7e-m+dp/hard\libc_nano.a(libc_a-systimes.o)
                0x0801034c                times
 .text.memcpy   0x0801035c       0x1c C:/ST/STM32CubeIDE_1.19.0/STM32CubeIDE/plugins/com.st.stm32cube.ide.mcu.externaltools.gnu-tools-for-stm32.13.3.rel1.win32_1.0.0.202411081344/tools/bin/../lib/gcc/arm-none-eabi/13.3.1/../../../../arm-none-eabi/lib/thumb/v7e-m+dp/hard\libc_nano.a(libc_a-memcpy-stub.o)
                0x0801035c                memcpy
 .text._free_r  0x08010378       0x94 C:/ST/STM32CubeIDE_1.19.0/STM32CubeIDE/plugins/com.st.stm32cube.ide.mcu.externaltools.gnu-tools-for-stm32.13.3.rel1.win32_1.0.0.202411081344/tools/bin/../lib/gcc/arm-none-eabi/13.3.1/../../../../arm-none-eabi/lib/thumb/v7e-m+dp/hard\libc_nano.a(libc_a-freer.o)
                0x08010378                _free_r
 .text.__ssputs_r
                0x0801040c       0xb6 C:/ST/STM32CubeIDE_1.19.0/STM32CubeIDE/plugins/com.st.stm32cube.ide.mcu.externaltools.gnu-tools-for-stm32.13.3.rel1.win32_1.0.0.202411081344/tools/bin/../lib/gcc/arm-none-eabi/13.3.1/../../../../arm-none-eabi/lib/thumb/v7e-m+dp/hard\libc_nano.a(libc_a-nano-svfprintf.o)
                0x0801040c                __ssputs_r
 *fill*         0x080104c2        0x2 
 .text._svfprintf_r
                0x080104c4      0x1f8 C:/ST/STM32CubeIDE_1.19.0/STM32CubeIDE/plugins/com.st.stm32cube.ide.mcu.externaltools.gnu-tools-for-stm32.13.3.rel1.win32_1.0.0.202411081344/tools/bin/../lib/gcc/arm-none-eabi/13.3.1/../../../../arm-none-eabi/lib/thumb/v7e-m+dp/hard\libc_nano.a(libc_a-nano-svfprintf.o)
                0x080104c4                _svfiprintf_r
                0x080104c4                _svfprintf_r
 .text._printf_common
                0x080106bc       0xda C:/ST/STM32CubeIDE_1.19.0/STM32CubeIDE/plugins/com.st.stm32cube.ide.mcu.externaltools.gnu-tools-for-stm32.13.3.rel1.win32_1.0.0.202411081344/tools/bin/../lib/gcc/arm-none-eabi/13.3.1/../../../../arm-none-eabi/lib/thumb/v7e-m+dp/hard\libc_nano.a(libc_a-nano-vfprintf_i.o)
                0x080106bc                _printf_common
 *fill*         0x08010796        0x2 
 .text._printf_i
                0x08010798      0x23c C:/ST/STM32CubeIDE_1.19.0/STM32CubeIDE/plugins/com.st.stm32cube.ide.mcu.externaltools.gnu-tools-for-stm32.13.3.rel1.win32_1.0.0.202411081344/tools/bin/../lib/gcc/arm-none-eabi/13.3.1/../../../../arm-none-eabi/lib/thumb/v7e-m+dp/hard\libc_nano.a(libc_a-nano-vfprintf_i.o)
                0x08010798                _printf_i
 .text.memmove  0x080109d4       0x34 C:/ST/STM32CubeIDE_1.19.0/STM32CubeIDE/plugins/com.st.stm32cube.ide.mcu.externaltools.gnu-tools-for-stm32.13.3.rel1.win32_1.0.0.202411081344/tools/bin/../lib/gcc/arm-none-eabi/13.3.1/../../../../arm-none-eabi/lib/thumb/v7e-m+dp/hard\libc_nano.a(libc_a-memmove.o)
                0x080109d4                memmove
 .text._times_r
                0x08010a08        0x6 C:/ST/STM32CubeIDE_1.19.0/STM32CubeIDE/plugins/com.st.stm32cube.ide.mcu.externaltools.gnu-tools-for-stm32.13.3.rel1.win32_1.0.0.202411081344/tools/bin/../lib/gcc/arm-none-eabi/13.3.1/../../../../arm-none-eabi/lib/thumb/v7e-m+dp/hard\libc_nano.a(libc_a-timesr.o)
                0x08010a08                _times_r
 .text._realloc_r
                0x08010a0e       0x5c C:/ST/STM32CubeIDE_1.19.0/STM32CubeIDE/plugins/com.st.stm32cube.ide.mcu.externaltools.gnu-tools-for-stm32.13.3.rel1.win32_1.0.0.202411081344/tools/bin/../lib/gcc/arm-none-eabi/13.3.1/../../../../arm-none-eabi/lib/thumb/v7e-m+dp/hard\libc_nano.a(libc_a-reallocr.o)
                0x08010a0e                _realloc_r
 .text._malloc_usable_size_r
                0x08010a6a       0x10 C:/ST/STM32CubeIDE_1.19.0/STM32CubeIDE/plugins/com.st.stm32cube.ide.mcu.externaltools.gnu-tools-for-stm32.13.3.rel1.win32_1.0.0.202411081344/tools/bin/../lib/gcc/arm-none-eabi/13.3.1/../../../../arm-none-eabi/lib/thumb/v7e-m+dp/hard\libc_nano.a(libc_a-msizer.o)
                0x08010a6a                _malloc_usable_size_r
 *(.glue_7)
 .glue_7        0x08010a7a        0x0 linker stubs
 *(.glue_7t)
 .glue_7t       0x08010a7a        0x0 linker stubs
 *(.eh_frame)
 *fill*         0x08010a7a        0x2 
 .eh_frame      0x08010a7c        0x0 C:/ST/STM32CubeIDE_1.19.0/STM32CubeIDE/plugins/com.st.stm32cube.ide.mcu.externaltools.gnu-tools-for-stm32.13.3.rel1.win32_1.0.0.202411081344/tools/bin/../lib/gcc/arm-none-eabi/13.3.1/thumb/v7e-m+dp/hard/crtbegin.o
 *(.init)
 .init          0x08010a7c        0x4 C:/ST/STM32CubeIDE_1.19.0/STM32CubeIDE/plugins/com.st.stm32cube.ide.mcu.externaltools.gnu-tools-for-stm32.13.3.rel1.win32_1.0.0.202411081344/tools/bin/../lib/gcc/arm-none-eabi/13.3.1/thumb/v7e-m+dp/hard/crti.o
                0x08010a7c                _init
 .init          0x08010a80        0x8 C:/ST/STM32CubeIDE_1.19.0/STM32CubeIDE/plugins/com.st.stm32cube.ide.mcu.externaltools.gnu-tools-for-stm32.13.3.rel1.win32_1.0.0.202411081344/tools/bin/../lib/gcc/arm-none-eabi/13.3.1/thumb/v7e-m+dp/hard/crtn.o
 *(.fini)
 .fini          0x08010a88        0x4 C:/ST/STM32CubeIDE_1.19.0/STM32CubeIDE/plugins/com.st.stm32cube.ide.mcu.externaltools.gnu-tools-for-stm32.13.3.rel1.win32_1.0.0.202411081344/tools/bin/../lib/gcc/arm-none-eabi/13.3.1/thumb/v7e-m+dp/hard/crti.o
                0x08010a88                _fini
 .fini          0x08010a8c        0x8 C:/ST/STM32CubeIDE_1.19.0/STM32CubeIDE/plugins/com.st.stm32cube.ide.mcu.externaltools.gnu-tools-for-stm32.13.3.rel1.win32_1.0.0.202411081344/tools/bin/../lib/gcc/arm-none-eabi/13.3.1/thumb/v7e-m+dp/hard/crtn.o
                0x08010a94                        . = ALIGN (0x4)
                0x08010a94                        _etext = .

.vfp11_veneer   0x08010a94        0x0
 .vfp11_veneer  0x08010a94        0x0 linker stubs

.v4_bx          0x08010a94        0x0
 .v4_bx         0x08010a94        0x0 linker stubs

.iplt           0x08010a94        0x0
 .iplt          0x08010a94        0x0 C:/ST/STM32CubeIDE_1.19.0/STM32CubeIDE/plugins/com.st.stm32cube.ide.mcu.externaltools.gnu-tools-for-stm32.13.3.rel1.win32_1.0.0.202411081344/tools/bin/../lib/gcc/arm-none-eabi/13.3.1/thumb/v7e-m+dp/hard/crtbegin.o

.rodata         0x08010a94      0x1f4
                0x08010a94                        . = ALIGN (0x4)
 *(.rodata)
 .rodata        0x08010a94       0x28 ./Core/Src/freertos.o
 .rodata        0x08010abc       0xce ./Core/Src/main.o
 *fill*         0x08010b8a        0x2 
 .rodata        0x08010b8c       0x30 ./Middlewares/Third_Party/FreeRTOS/Source/tasks.o
 .rodata        0x08010bbc        0xd ./Middlewares/Third_Party/FreeRTOS/Source/timers.o
 *(.rodata*)
 *fill*         0x08010bc9        0x3 
 .rodata.DMAX_A
                0x08010bcc       0x24 ./Core/Src/main.o
 .rodata.DMAX_G
                0x08010bf0       0x24 ./Core/Src/main.o
 .rodata.D1CorePrescTable
                0x08010c14       0x10 ./Core/Src/system_stm32h7xx.o
                0x08010c14                D1CorePrescTable
 .rodata.flagBitshiftOffset.0
                0x08010c24        0x8 ./Drivers/STM32H7xx_HAL_Driver/Src/stm32h7xx_hal_dma.o
 .rodata.UARTPrescTable
                0x08010c2c       0x18 ./Drivers/STM32H7xx_HAL_Driver/Src/stm32h7xx_hal_uart.o
                0x08010c2c                UARTPrescTable
 .rodata.numerator.1
                0x08010c44        0x8 ./Drivers/STM32H7xx_HAL_Driver/Src/stm32h7xx_hal_uart_ex.o
 .rodata.denominator.0
                0x08010c4c        0x8 ./Drivers/STM32H7xx_HAL_Driver/Src/stm32h7xx_hal_uart_ex.o
 .rodata._svfprintf_r.str1.1
                0x08010c54       0x33 C:/ST/STM32CubeIDE_1.19.0/STM32CubeIDE/plugins/com.st.stm32cube.ide.mcu.externaltools.gnu-tools-for-stm32.13.3.rel1.win32_1.0.0.202411081344/tools/bin/../lib/gcc/arm-none-eabi/13.3.1/../../../../arm-none-eabi/lib/thumb/v7e-m+dp/hard\libc_nano.a(libc_a-nano-svfprintf.o)
                                 0x11 (size before relaxing)
 .rodata._printf_i.str1.1
                0x08010c87       0x22 C:/ST/STM32CubeIDE_1.19.0/STM32CubeIDE/plugins/com.st.stm32cube.ide.mcu.externaltools.gnu-tools-for-stm32.13.3.rel1.win32_1.0.0.202411081344/tools/bin/../lib/gcc/arm-none-eabi/13.3.1/../../../../arm-none-eabi/lib/thumb/v7e-m+dp/hard\libc_nano.a(libc_a-nano-vfprintf_i.o)
                0x08010cac                        . = ALIGN (0x4)
 *fill*         0x08010c87        0x1 

.ARM.extab
 *(.ARM.extab* .gnu.linkonce.armextab.*)

.ARM            0x08010c88        0x8
                0x08010c88                        __exidx_start = .
 *(.ARM.exidx*)
 .ARM.exidx     0x08010c88        0x8 C:/ST/STM32CubeIDE_1.19.0/STM32CubeIDE/plugins/com.st.stm32cube.ide.mcu.externaltools.gnu-tools-for-stm32.13.3.rel1.win32_1.0.0.202411081344/tools/bin/../lib/gcc/arm-none-eabi/13.3.1/../../../../arm-none-eabi/lib/thumb/v7e-m+dp/hard\libc_nano.a(libc_a-memchr.o)
 .ARM.exidx     0x08010c90        0x0 C:/ST/STM32CubeIDE_1.19.0/STM32CubeIDE/plugins/com.st.stm32cube.ide.mcu.externaltools.gnu-tools-for-stm32.13.3.rel1.win32_1.0.0.202411081344/tools/bin/../lib/gcc/arm-none-eabi/13.3.1/thumb/v7e-m+dp/hard\libgcc.a(_udivmoddi4.o)
                                  0x8 (size before relaxing)
                0x08010c90                        __exidx_end = .

.preinit_array  0x08010c90        0x0
                0x08010c90                        PROVIDE (__preinit_array_start = .)
 *(.preinit_array*)
                0x08010c90                        PROVIDE (__preinit_array_end = .)

.init_array     0x08010c90        0x4
                0x08010c90                        PROVIDE (__init_array_start = .)
 *(SORT_BY_NAME(.init_array.*))
 *(.init_array*)
 .init_array    0x08010c90        0x4 C:/ST/STM32CubeIDE_1.19.0/STM32CubeIDE/plugins/com.st.stm32cube.ide.mcu.externaltools.gnu-tools-for-stm32.13.3.rel1.win32_1.0.0.202411081344/tools/bin/../lib/gcc/arm-none-eabi/13.3.1/thumb/v7e-m+dp/hard/crtbegin.o
                0x08010c94                        PROVIDE (__init_array_end = .)

.fini_array     0x08010c94        0x4
                [!provide]                        PROVIDE (__fini_array_start = .)
 *(SORT_BY_NAME(.fini_array.*))
 *(.fini_array*)
 .fini_array    0x08010c94        0x4 C:/ST/STM32CubeIDE_1.19.0/STM32CubeIDE/plugins/com.st.stm32cube.ide.mcu.externaltools.gnu-tools-for-stm32.13.3.rel1.win32_1.0.0.202411081344/tools/bin/../lib/gcc/arm-none-eabi/13.3.1/thumb/v7e-m+dp/hard/crtbegin.o
                [!provide]                        PROVIDE (__fini_array_end = .)
                0x08010c98                        _sidata = LOADADDR (.data)

.rel.dyn        0x08010c98        0x0
 .rel.iplt      0x08010c98        0x0 C:/ST/STM32CubeIDE_1.19.0/STM32CubeIDE/plugins/com.st.stm32cube.ide.mcu.externaltools.gnu-tools-for-stm32.13.3.rel1.win32_1.0.0.202411081344/tools/bin/../lib/gcc/arm-none-eabi/13.3.1/thumb/v7e-m+dp/hard/crtbegin.o

.data           0x24000000       0x68 load address 0x08010c98
                0x24000000                        . = ALIGN (0x4)
                0x24000000                        _sdata = .
 *(.data)
 *(.data*)
 .data.label    0x24000000        0x1 ./Core/Src/main.o
                0x24000000                label
 *fill*         0x24000001        0x3 
 .data.SystemCoreClock
                0x24000004        0x4 ./Core/Src/system_stm32h7xx.o
                0x24000004                SystemCoreClock
 .data.SystemD2Clock
                0x24000008        0x4 ./Core/Src/system_stm32h7xx.o
                0x24000008                SystemD2Clock
 .data.uwTickPrio
                0x2400000c        0x4 ./Drivers/STM32H7xx_HAL_Driver/Src/stm32h7xx_hal.o
                0x2400000c                uwTickPrio
 .data.uwTickFreq
                0x24000010        0x1 ./Drivers/STM32H7xx_HAL_Driver/Src/stm32h7xx_hal.o
                0x24000010                uwTickFreq
 *fill*         0x24000011        0x3 
 .data.uxCriticalNesting
                0x24000014        0x4 ./Middlewares/Third_Party/FreeRTOS/Source/portable/GCC/ARM_CM4F/port.o
 .data._impure_ptr
                0x24000018        0x4 C:/ST/STM32CubeIDE_1.19.0/STM32CubeIDE/plugins/com.st.stm32cube.ide.mcu.externaltools.gnu-tools-for-stm32.13.3.rel1.win32_1.0.0.202411081344/tools/bin/../lib/gcc/arm-none-eabi/13.3.1/../../../../arm-none-eabi/lib/thumb/v7e-m+dp/hard\libc_nano.a(libc_a-impure.o)
                0x24000018                _impure_ptr
 .data._impure_data
                0x2400001c       0x4c C:/ST/STM32CubeIDE_1.19.0/STM32CubeIDE/plugins/com.st.stm32cube.ide.mcu.externaltools.gnu-tools-for-stm32.13.3.rel1.win32_1.0.0.202411081344/tools/bin/../lib/gcc/arm-none-eabi/13.3.1/../../../../arm-none-eabi/lib/thumb/v7e-m+dp/hard\libc_nano.a(libc_a-impure.o)
                0x2400001c                _impure_data
 *(.RamFunc)
 *(.RamFunc*)
                0x24000068                        . = ALIGN (0x4)
                0x24000068                        _edata = .

.igot.plt       0x24000068        0x0 load address 0x08010d00
 .igot.plt      0x24000068        0x0 C:/ST/STM32CubeIDE_1.19.0/STM32CubeIDE/plugins/com.st.stm32cube.ide.mcu.externaltools.gnu-tools-for-stm32.13.3.rel1.win32_1.0.0.202411081344/tools/bin/../lib/gcc/arm-none-eabi/13.3.1/thumb/v7e-m+dp/hard/crtbegin.o
                0x24000068                        . = ALIGN (0x4)

.bss            0x24000068     0x1bc4 load address 0x08010d00
                0x24000068                        _sbss = .
                0x24000068                        __bss_start__ = _sbss
 *(.bss)
 .bss           0x24000068       0x1c C:/ST/STM32CubeIDE_1.19.0/STM32CubeIDE/plugins/com.st.stm32cube.ide.mcu.externaltools.gnu-tools-for-stm32.13.3.rel1.win32_1.0.0.202411081344/tools/bin/../lib/gcc/arm-none-eabi/13.3.1/thumb/v7e-m+dp/hard/crtbegin.o
 *(.bss*)
 .bss.defaultTaskHandle
                0x24000084        0x4 ./Core/Src/freertos.o
                0x24000084                defaultTaskHandle
 .bss.xIdleTaskTCBBuffer
                0x24000088       0xb8 ./Core/Src/freertos.o
 .bss.xIdleStack
                0x24000140      0x200 ./Core/Src/freertos.o
 .bss.xTimerTaskTCBBuffer
                0x24000340       0xb8 ./Core/Src/freertos.o
 .bss.xTimerStack
                0x240003f8      0x400 ./Core/Src/freertos.o
 .bss.lastTick.0
                0x240007f8        0x4 ./Core/Src/gpio.o
 .bss.sensingEnabled
                0x240007fc        0x1 ./Core/Src/main.o
                0x240007fc                sensingEnabled
 .bss.action    0x240007fd        0x1 ./Core/Src/main.o
                0x240007fd                action
 *fill*         0x240007fe        0x2 
 .bss.uartMtx   0x24000800        0x4 ./Core/Src/main.o
                0x24000800                uartMtx
 .bss.uartTxDoneSem
                0x24000804        0x4 ./Core/Src/main.o
                0x24000804                uartTxDoneSem
 .bss.uartBuf   0x24000808      0x800 ./Core/Src/main.o
 .bss.activeBuf
                0x24001008        0x1 ./Core/Src/main.o
 .bss.uartDmaBusy
                0x24001009        0x1 ./Core/Src/main.o
 *fill*         0x2400100a        0x2 
 .bss.imuFrame  0x2400100c       0x64 ./Core/Src/main.o
                0x2400100c                imuFrame
 .bss.dataReadySem
                0x24001070        0x4 ./Core/Src/main.o
                0x24001070                dataReadySem
 .bss.emaA      0x24001074       0x24 ./Core/Src/main.o
 .bss.emaG      0x24001098       0x24 ./Core/Src/main.o
 .bss.emaInitA  0x240010bc       0x12 ./Core/Src/main.o
 *fill*         0x240010ce        0x2 
 .bss.emaInitG  0x240010d0       0x12 ./Core/Src/main.o
 *fill*         0x240010e2        0x2 
 .bss.dEmaA     0x240010e4       0x48 ./Core/Src/main.o
 .bss.dEmaG     0x2400112c       0x48 ./Core/Src/main.o
 .bss.accRing   0x24001174       0xd8 ./Core/Src/main.o
 .bss.gyrRing   0x2400124c       0xd8 ./Core/Src/main.o
 .bss.accPrevOut
                0x24001324       0x24 ./Core/Src/main.o
 .bss.gyrPrevOut
                0x24001348       0x24 ./Core/Src/main.o
 .bss.accOutInit
                0x2400136c       0x12 ./Core/Src/main.o
 *fill*         0x2400137e        0x2 
 .bss.gyrOutInit
                0x24001380       0x12 ./Core/Src/main.o
 *fill*         0x24001392        0x2 
 .bss.postBufA  0x24001394       0x6c ./Core/Src/main.o
 .bss.postBufG  0x24001400       0x6c ./Core/Src/main.o
 .bss.postIdxA  0x2400146c       0x12 ./Core/Src/main.o
 *fill*         0x2400147e        0x2 
 .bss.postIdxG  0x24001480       0x12 ./Core/Src/main.o
 .bss.uart4_dma_done
                0x24001492        0x1 ./Core/Src/main.o
                0x24001492                uart4_dma_done
 *fill*         0x24001493        0x1 
 .bss.hspi1     0x24001494       0x88 ./Core/Src/spi.o
                0x24001494                hspi1
 .bss.hspi2     0x2400151c       0x88 ./Core/Src/spi.o
                0x2400151c                hspi2
 .bss.hspi3     0x240015a4       0x88 ./Core/Src/spi.o
                0x240015a4                hspi3
 .bss.hspi4     0x2400162c       0x88 ./Core/Src/spi.o
                0x2400162c                hspi4
 .bss.htim1     0x240016b4       0x4c ./Core/Src/stm32h7xx_hal_timebase_tim.o
                0x240016b4                htim1
 .bss.__sbrk_heap_end
                0x24001700        0x4 ./Core/Src/sysmem.o
 .bss.htim6     0x24001704       0x4c ./Core/Src/tim.o
                0x24001704                htim6
 .bss.huart5    0x24001750       0x94 ./Core/Src/usart.o
                0x24001750                huart5
 .bss.hdma_uart5_tx
                0x240017e4       0x78 ./Core/Src/usart.o
                0x240017e4                hdma_uart5_tx
 .bss.uwTick    0x2400185c        0x4 ./Drivers/STM32H7xx_HAL_Driver/Src/stm32h7xx_hal.o
                0x2400185c                uwTick
 .bss.xQueueRegistry
                0x24001860       0x40 ./Middlewares/Third_Party/FreeRTOS/Source/queue.o
                0x24001860                xQueueRegistry
 .bss.pxCurrentTCB
                0x240018a0        0x4 ./Middlewares/Third_Party/FreeRTOS/Source/tasks.o
                0x240018a0                pxCurrentTCB
 .bss.pxReadyTasksLists
                0x240018a4       0x8c ./Middlewares/Third_Party/FreeRTOS/Source/tasks.o
 .bss.xDelayedTaskList1
                0x24001930       0x14 ./Middlewares/Third_Party/FreeRTOS/Source/tasks.o
 .bss.xDelayedTaskList2
                0x24001944       0x14 ./Middlewares/Third_Party/FreeRTOS/Source/tasks.o
 .bss.pxDelayedTaskList
                0x24001958        0x4 ./Middlewares/Third_Party/FreeRTOS/Source/tasks.o
 .bss.pxOverflowDelayedTaskList
                0x2400195c        0x4 ./Middlewares/Third_Party/FreeRTOS/Source/tasks.o
 .bss.xPendingReadyList
                0x24001960       0x14 ./Middlewares/Third_Party/FreeRTOS/Source/tasks.o
 .bss.xTasksWaitingTermination
                0x24001974       0x14 ./Middlewares/Third_Party/FreeRTOS/Source/tasks.o
 .bss.uxDeletedTasksWaitingCleanUp
                0x24001988        0x4 ./Middlewares/Third_Party/FreeRTOS/Source/tasks.o
 .bss.xSuspendedTaskList
                0x2400198c       0x14 ./Middlewares/Third_Party/FreeRTOS/Source/tasks.o
 .bss.FreeRTOS_errno
                0x240019a0        0x4 ./Middlewares/Third_Party/FreeRTOS/Source/tasks.o
                0x240019a0                FreeRTOS_errno
 .bss.uxCurrentNumberOfTasks
                0x240019a4        0x4 ./Middlewares/Third_Party/FreeRTOS/Source/tasks.o
 .bss.xTickCount
                0x240019a8        0x4 ./Middlewares/Third_Party/FreeRTOS/Source/tasks.o
 .bss.uxTopReadyPriority
                0x240019ac        0x4 ./Middlewares/Third_Party/FreeRTOS/Source/tasks.o
 .bss.xSchedulerRunning
                0x240019b0        0x4 ./Middlewares/Third_Party/FreeRTOS/Source/tasks.o
 .bss.xPendedTicks
                0x240019b4        0x4 ./Middlewares/Third_Party/FreeRTOS/Source/tasks.o
 .bss.xYieldPending
                0x240019b8        0x4 ./Middlewares/Third_Party/FreeRTOS/Source/tasks.o
 .bss.xNumOfOverflows
                0x240019bc        0x4 ./Middlewares/Third_Party/FreeRTOS/Source/tasks.o
 .bss.uxTaskNumber
                0x240019c0        0x4 ./Middlewares/Third_Party/FreeRTOS/Source/tasks.o
 .bss.xNextTaskUnblockTime
                0x240019c4        0x4 ./Middlewares/Third_Party/FreeRTOS/Source/tasks.o
 .bss.xIdleTaskHandle
                0x240019c8        0x4 ./Middlewares/Third_Party/FreeRTOS/Source/tasks.o
 .bss.uxSchedulerSuspended
                0x240019cc        0x4 ./Middlewares/Third_Party/FreeRTOS/Source/tasks.o
 .bss.ulTaskSwitchedInTime
                0x240019d0        0x4 ./Middlewares/Third_Party/FreeRTOS/Source/tasks.o
 .bss.ulTotalRunTime
                0x240019d4        0x4 ./Middlewares/Third_Party/FreeRTOS/Source/tasks.o
 .bss.xActiveTimerList1
                0x240019d8       0x14 ./Middlewares/Third_Party/FreeRTOS/Source/timers.o
 .bss.xActiveTimerList2
                0x240019ec       0x14 ./Middlewares/Third_Party/FreeRTOS/Source/timers.o
 .bss.pxCurrentTimerList
                0x24001a00        0x4 ./Middlewares/Third_Party/FreeRTOS/Source/timers.o
 .bss.pxOverflowTimerList
                0x24001a04        0x4 ./Middlewares/Third_Party/FreeRTOS/Source/timers.o
 .bss.xTimerQueue
                0x24001a08        0x4 ./Middlewares/Third_Party/FreeRTOS/Source/timers.o
 .bss.xTimerTaskHandle
                0x24001a0c        0x4 ./Middlewares/Third_Party/FreeRTOS/Source/timers.o
 .bss.xLastTime.2
                0x24001a10        0x4 ./Middlewares/Third_Party/FreeRTOS/Source/timers.o
 .bss.ucStaticTimerQueueStorage.1
                0x24001a14       0x78 ./Middlewares/Third_Party/FreeRTOS/Source/timers.o
 .bss.xStaticTimerQueue.0
                0x24001a8c       0x50 ./Middlewares/Third_Party/FreeRTOS/Source/timers.o
 .bss.ucMaxSysCallPriority
                0x24001adc        0x1 ./Middlewares/Third_Party/FreeRTOS/Source/portable/GCC/ARM_CM4F/port.o
 *fill*         0x24001add        0x3 
 .bss.ulMaxPRIGROUPValue
                0x24001ae0        0x4 ./Middlewares/Third_Party/FreeRTOS/Source/portable/GCC/ARM_CM4F/port.o
 .bss.__malloc_sbrk_start
                0x24001ae4        0x4 C:/ST/STM32CubeIDE_1.19.0/STM32CubeIDE/plugins/com.st.stm32cube.ide.mcu.externaltools.gnu-tools-for-stm32.13.3.rel1.win32_1.0.0.202411081344/tools/bin/../lib/gcc/arm-none-eabi/13.3.1/../../../../arm-none-eabi/lib/thumb/v7e-m+dp/hard\libc_nano.a(libc_a-mallocr.o)
                0x24001ae4                __malloc_sbrk_start
 .bss.__malloc_free_list
                0x24001ae8        0x4 C:/ST/STM32CubeIDE_1.19.0/STM32CubeIDE/plugins/com.st.stm32cube.ide.mcu.externaltools.gnu-tools-for-stm32.13.3.rel1.win32_1.0.0.202411081344/tools/bin/../lib/gcc/arm-none-eabi/13.3.1/../../../../arm-none-eabi/lib/thumb/v7e-m+dp/hard\libc_nano.a(libc_a-mallocr.o)
                0x24001ae8                __malloc_free_list
 .bss.__sf      0x24001aec      0x138 C:/ST/STM32CubeIDE_1.19.0/STM32CubeIDE/plugins/com.st.stm32cube.ide.mcu.externaltools.gnu-tools-for-stm32.13.3.rel1.win32_1.0.0.202411081344/tools/bin/../lib/gcc/arm-none-eabi/13.3.1/../../../../arm-none-eabi/lib/thumb/v7e-m+dp/hard\libc_nano.a(libc_a-findfp.o)
                0x24001aec                __sf
 .bss.errno     0x24001c24        0x4 C:/ST/STM32CubeIDE_1.19.0/STM32CubeIDE/plugins/com.st.stm32cube.ide.mcu.externaltools.gnu-tools-for-stm32.13.3.rel1.win32_1.0.0.202411081344/tools/bin/../lib/gcc/arm-none-eabi/13.3.1/../../../../arm-none-eabi/lib/thumb/v7e-m+dp/hard\libc_nano.a(libc_a-reent.o)
                0x24001c24                errno
 .bss.__lock___malloc_recursive_mutex
                0x24001c28        0x1 C:/ST/STM32CubeIDE_1.19.0/STM32CubeIDE/plugins/com.st.stm32cube.ide.mcu.externaltools.gnu-tools-for-stm32.13.3.rel1.win32_1.0.0.202411081344/tools/bin/../lib/gcc/arm-none-eabi/13.3.1/../../../../arm-none-eabi/lib/thumb/v7e-m+dp/hard\libc_nano.a(libc_a-lock.o)
                0x24001c28                __lock___malloc_recursive_mutex
 *(COMMON)
                0x24001c2c                        . = ALIGN (0x4)
 *fill*         0x24001c29        0x3 
                0x24001c2c                        _ebss = .
                0x24001c2c                        __bss_end__ = _ebss

._user_heap_stack
                0x20000000     0x1000
                0x20000000                        . = ALIGN (0x8)
                [!provide]                        PROVIDE (end = .)
                0x20000000                        PROVIDE (_end = .)
                0x20000800                        . = (. + _Min_Heap_Size)
 *fill*         0x20000000      0x800 
                0x20001000                        . = (. + _Min_Stack_Size)
 *fill*         0x20000800      0x800 
                0x20001000                        . = ALIGN (0x8)

/DISCARD/
 libc.a(*)
 libm.a(*)
 libgcc.a(*)

.ARM.attributes
                0x00000000       0x2e
 *(.ARM.attributes)
 .ARM.attributes
                0x00000000       0x20 C:/ST/STM32CubeIDE_1.19.0/STM32CubeIDE/plugins/com.st.stm32cube.ide.mcu.externaltools.gnu-tools-for-stm32.13.3.rel1.win32_1.0.0.202411081344/tools/bin/../lib/gcc/arm-none-eabi/13.3.1/thumb/v7e-m+dp/hard/crti.o
 .ARM.attributes
                0x00000020       0x32 C:/ST/STM32CubeIDE_1.19.0/STM32CubeIDE/plugins/com.st.stm32cube.ide.mcu.externaltools.gnu-tools-for-stm32.13.3.rel1.win32_1.0.0.202411081344/tools/bin/../lib/gcc/arm-none-eabi/13.3.1/thumb/v7e-m+dp/hard/crtbegin.o
 .ARM.attributes
                0x00000052       0x32 ./Core/Src/dma.o
 .ARM.attributes
                0x00000084       0x32 ./Core/Src/freertos.o
 .ARM.attributes
                0x000000b6       0x32 ./Core/Src/gpio.o
 .ARM.attributes
                0x000000e8       0x32 ./Core/Src/main.o
 .ARM.attributes
                0x0000011a       0x32 ./Core/Src/spi.o
 .ARM.attributes
                0x0000014c       0x32 ./Core/Src/stm32h7xx_hal_msp.o
 .ARM.attributes
                0x0000017e       0x32 ./Core/Src/stm32h7xx_hal_timebase_tim.o
 .ARM.attributes
                0x000001b0       0x32 ./Core/Src/stm32h7xx_it.o
 .ARM.attributes
                0x000001e2       0x32 ./Core/Src/sysmem.o
 .ARM.attributes
                0x00000214       0x32 ./Core/Src/system_stm32h7xx.o
 .ARM.attributes
                0x00000246       0x32 ./Core/Src/tim.o
 .ARM.attributes
                0x00000278       0x32 ./Core/Src/usart.o
 .ARM.attributes
                0x000002aa       0x32 ./Core/Src/user_syscalls.o
 .ARM.attributes
                0x000002dc       0x21 ./Core/Startup/startup_stm32h743zitx.o
 .ARM.attributes
                0x000002fd       0x32 ./Drivers/STM32H7xx_HAL_Driver/Src/stm32h7xx_hal.o
 .ARM.attributes
                0x0000032f       0x32 ./Drivers/STM32H7xx_HAL_Driver/Src/stm32h7xx_hal_cortex.o
 .ARM.attributes
                0x00000361       0x32 ./Drivers/STM32H7xx_HAL_Driver/Src/stm32h7xx_hal_dma.o
 .ARM.attributes
                0x00000393       0x32 ./Drivers/STM32H7xx_HAL_Driver/Src/stm32h7xx_hal_dma_ex.o
 .ARM.attributes
                0x000003c5       0x32 ./Drivers/STM32H7xx_HAL_Driver/Src/stm32h7xx_hal_gpio.o
 .ARM.attributes
                0x000003f7       0x32 ./Drivers/STM32H7xx_HAL_Driver/Src/stm32h7xx_hal_pwr.o
 .ARM.attributes
                0x00000429       0x32 ./Drivers/STM32H7xx_HAL_Driver/Src/stm32h7xx_hal_pwr_ex.o
 .ARM.attributes
                0x0000045b       0x32 ./Drivers/STM32H7xx_HAL_Driver/Src/stm32h7xx_hal_rcc.o
 .ARM.attributes
                0x0000048d       0x32 ./Drivers/STM32H7xx_HAL_Driver/Src/stm32h7xx_hal_rcc_ex.o
 .ARM.attributes
                0x000004bf       0x32 ./Drivers/STM32H7xx_HAL_Driver/Src/stm32h7xx_hal_spi.o
 .ARM.attributes
                0x000004f1       0x32 ./Drivers/STM32H7xx_HAL_Driver/Src/stm32h7xx_hal_tim.o
 .ARM.attributes
                0x00000523       0x32 ./Drivers/STM32H7xx_HAL_Driver/Src/stm32h7xx_hal_tim_ex.o
 .ARM.attributes
                0x00000555       0x32 ./Drivers/STM32H7xx_HAL_Driver/Src/stm32h7xx_hal_uart.o
 .ARM.attributes
                0x00000587       0x32 ./Drivers/STM32H7xx_HAL_Driver/Src/stm32h7xx_hal_uart_ex.o
 .ARM.attributes
                0x000005b9       0x32 ./Middlewares/Third_Party/FreeRTOS/Source/CMSIS_RTOS/cmsis_os.o
 .ARM.attributes
                0x000005eb       0x32 ./Middlewares/Third_Party/FreeRTOS/Source/list.o
 .ARM.attributes
                0x0000061d       0x32 ./Middlewares/Third_Party/FreeRTOS/Source/queue.o
 .ARM.attributes
                0x0000064f       0x32 ./Middlewares/Third_Party/FreeRTOS/Source/tasks.o
 .ARM.attributes
                0x00000681       0x32 ./Middlewares/Third_Party/FreeRTOS/Source/timers.o
 .ARM.attributes
                0x000006b3       0x32 ./Middlewares/Third_Party/FreeRTOS/Source/portable/GCC/ARM_CM4F/port.o
 .ARM.attributes
                0x000006e5       0x32 ./Middlewares/Third_Party/FreeRTOS/Source/portable/MemMang/heap_3.o
 .ARM.attributes
                0x00000717       0x32 C:/ST/STM32CubeIDE_1.19.0/STM32CubeIDE/plugins/com.st.stm32cube.ide.mcu.externaltools.gnu-tools-for-stm32.13.3.rel1.win32_1.0.0.202411081344/tools/bin/../lib/gcc/arm-none-eabi/13.3.1/../../../../arm-none-eabi/lib/thumb/v7e-m+dp/hard\libc_nano.a(libc_a-malloc.o)
 .ARM.attributes
                0x00000749       0x32 C:/ST/STM32CubeIDE_1.19.0/STM32CubeIDE/plugins/com.st.stm32cube.ide.mcu.externaltools.gnu-tools-for-stm32.13.3.rel1.win32_1.0.0.202411081344/tools/bin/../lib/gcc/arm-none-eabi/13.3.1/../../../../arm-none-eabi/lib/thumb/v7e-m+dp/hard\libc_nano.a(libc_a-mallocr.o)
 .ARM.attributes
                0x0000077b       0x32 C:/ST/STM32CubeIDE_1.19.0/STM32CubeIDE/plugins/com.st.stm32cube.ide.mcu.externaltools.gnu-tools-for-stm32.13.3.rel1.win32_1.0.0.202411081344/tools/bin/../lib/gcc/arm-none-eabi/13.3.1/../../../../arm-none-eabi/lib/thumb/v7e-m+dp/hard\libc_nano.a(libc_a-mlock.o)
 .ARM.attributes
                0x000007ad       0x32 C:/ST/STM32CubeIDE_1.19.0/STM32CubeIDE/plugins/com.st.stm32cube.ide.mcu.externaltools.gnu-tools-for-stm32.13.3.rel1.win32_1.0.0.202411081344/tools/bin/../lib/gcc/arm-none-eabi/13.3.1/../../../../arm-none-eabi/lib/thumb/v7e-m+dp/hard\libc_nano.a(libc_a-findfp.o)
 .ARM.attributes
                0x000007df       0x32 C:/ST/STM32CubeIDE_1.19.0/STM32CubeIDE/plugins/com.st.stm32cube.ide.mcu.externaltools.gnu-tools-for-stm32.13.3.rel1.win32_1.0.0.202411081344/tools/bin/../lib/gcc/arm-none-eabi/13.3.1/../../../../arm-none-eabi/lib/thumb/v7e-m+dp/hard\libc_nano.a(libc_a-snprintf.o)
 .ARM.attributes
                0x00000811       0x32 C:/ST/STM32CubeIDE_1.19.0/STM32CubeIDE/plugins/com.st.stm32cube.ide.mcu.externaltools.gnu-tools-for-stm32.13.3.rel1.win32_1.0.0.202411081344/tools/bin/../lib/gcc/arm-none-eabi/13.3.1/../../../../arm-none-eabi/lib/thumb/v7e-m+dp/hard\libc_nano.a(libc_a-memset.o)
 .ARM.attributes
                0x00000843       0x32 C:/ST/STM32CubeIDE_1.19.0/STM32CubeIDE/plugins/com.st.stm32cube.ide.mcu.externaltools.gnu-tools-for-stm32.13.3.rel1.win32_1.0.0.202411081344/tools/bin/../lib/gcc/arm-none-eabi/13.3.1/../../../../arm-none-eabi/lib/thumb/v7e-m+dp/hard\libc_nano.a(libc_a-reent.o)
 .ARM.attributes
                0x00000875       0x32 C:/ST/STM32CubeIDE_1.19.0/STM32CubeIDE/plugins/com.st.stm32cube.ide.mcu.externaltools.gnu-tools-for-stm32.13.3.rel1.win32_1.0.0.202411081344/tools/bin/../lib/gcc/arm-none-eabi/13.3.1/../../../../arm-none-eabi/lib/thumb/v7e-m+dp/hard\libc_nano.a(libc_a-impure.o)
 .ARM.attributes
                0x000008a7       0x32 C:/ST/STM32CubeIDE_1.19.0/STM32CubeIDE/plugins/com.st.stm32cube.ide.mcu.externaltools.gnu-tools-for-stm32.13.3.rel1.win32_1.0.0.202411081344/tools/bin/../lib/gcc/arm-none-eabi/13.3.1/../../../../arm-none-eabi/lib/thumb/v7e-m+dp/hard\libc_nano.a(libc_a-sbrkr.o)
 .ARM.attributes
                0x000008d9       0x32 C:/ST/STM32CubeIDE_1.19.0/STM32CubeIDE/plugins/com.st.stm32cube.ide.mcu.externaltools.gnu-tools-for-stm32.13.3.rel1.win32_1.0.0.202411081344/tools/bin/../lib/gcc/arm-none-eabi/13.3.1/../../../../arm-none-eabi/lib/thumb/v7e-m+dp/hard\libc_nano.a(libc_a-errno.o)
 .ARM.attributes
                0x0000090b       0x32 C:/ST/STM32CubeIDE_1.19.0/STM32CubeIDE/plugins/com.st.stm32cube.ide.mcu.externaltools.gnu-tools-for-stm32.13.3.rel1.win32_1.0.0.202411081344/tools/bin/../lib/gcc/arm-none-eabi/13.3.1/../../../../arm-none-eabi/lib/thumb/v7e-m+dp/hard\libc_nano.a(libc_a-init.o)
 .ARM.attributes
                0x0000093d       0x32 C:/ST/STM32CubeIDE_1.19.0/STM32CubeIDE/plugins/com.st.stm32cube.ide.mcu.externaltools.gnu-tools-for-stm32.13.3.rel1.win32_1.0.0.202411081344/tools/bin/../lib/gcc/arm-none-eabi/13.3.1/../../../../arm-none-eabi/lib/thumb/v7e-m+dp/hard\libc_nano.a(libc_a-lock.o)
 .ARM.attributes
                0x0000096f       0x32 C:/ST/STM32CubeIDE_1.19.0/STM32CubeIDE/plugins/com.st.stm32cube.ide.mcu.externaltools.gnu-tools-for-stm32.13.3.rel1.win32_1.0.0.202411081344/tools/bin/../lib/gcc/arm-none-eabi/13.3.1/../../../../arm-none-eabi/lib/thumb/v7e-m+dp/hard\libc_nano.a(libc_a-systimes.o)
 .ARM.attributes
                0x000009a1       0x32 C:/ST/STM32CubeIDE_1.19.0/STM32CubeIDE/plugins/com.st.stm32cube.ide.mcu.externaltools.gnu-tools-for-stm32.13.3.rel1.win32_1.0.0.202411081344/tools/bin/../lib/gcc/arm-none-eabi/13.3.1/../../../../arm-none-eabi/lib/thumb/v7e-m+dp/hard\libc_nano.a(libc_a-memcpy-stub.o)
 .ARM.attributes
                0x000009d3       0x32 C:/ST/STM32CubeIDE_1.19.0/STM32CubeIDE/plugins/com.st.stm32cube.ide.mcu.externaltools.gnu-tools-for-stm32.13.3.rel1.win32_1.0.0.202411081344/tools/bin/../lib/gcc/arm-none-eabi/13.3.1/../../../../arm-none-eabi/lib/thumb/v7e-m+dp/hard\libc_nano.a(libc_a-freer.o)
 .ARM.attributes
                0x00000a05       0x32 C:/ST/STM32CubeIDE_1.19.0/STM32CubeIDE/plugins/com.st.stm32cube.ide.mcu.externaltools.gnu-tools-for-stm32.13.3.rel1.win32_1.0.0.202411081344/tools/bin/../lib/gcc/arm-none-eabi/13.3.1/../../../../arm-none-eabi/lib/thumb/v7e-m+dp/hard\libc_nano.a(libc_a-nano-svfprintf.o)
 .ARM.attributes
                0x00000a37       0x32 C:/ST/STM32CubeIDE_1.19.0/STM32CubeIDE/plugins/com.st.stm32cube.ide.mcu.externaltools.gnu-tools-for-stm32.13.3.rel1.win32_1.0.0.202411081344/tools/bin/../lib/gcc/arm-none-eabi/13.3.1/../../../../arm-none-eabi/lib/thumb/v7e-m+dp/hard\libc_nano.a(libc_a-nano-vfprintf_i.o)
 .ARM.attributes
                0x00000a69       0x32 C:/ST/STM32CubeIDE_1.19.0/STM32CubeIDE/plugins/com.st.stm32cube.ide.mcu.externaltools.gnu-tools-for-stm32.13.3.rel1.win32_1.0.0.202411081344/tools/bin/../lib/gcc/arm-none-eabi/13.3.1/../../../../arm-none-eabi/lib/thumb/v7e-m+dp/hard\libc_nano.a(libc_a-memmove.o)
 .ARM.attributes
                0x00000a9b       0x32 C:/ST/STM32CubeIDE_1.19.0/STM32CubeIDE/plugins/com.st.stm32cube.ide.mcu.externaltools.gnu-tools-for-stm32.13.3.rel1.win32_1.0.0.202411081344/tools/bin/../lib/gcc/arm-none-eabi/13.3.1/../../../../arm-none-eabi/lib/thumb/v7e-m+dp/hard\libc_nano.a(libc_a-timesr.o)
 .ARM.attributes
                0x00000acd       0x1c C:/ST/STM32CubeIDE_1.19.0/STM32CubeIDE/plugins/com.st.stm32cube.ide.mcu.externaltools.gnu-tools-for-stm32.13.3.rel1.win32_1.0.0.202411081344/tools/bin/../lib/gcc/arm-none-eabi/13.3.1/../../../../arm-none-eabi/lib/thumb/v7e-m+dp/hard\libc_nano.a(libc_a-memchr.o)
 .ARM.attributes
                0x00000ae9       0x32 C:/ST/STM32CubeIDE_1.19.0/STM32CubeIDE/plugins/com.st.stm32cube.ide.mcu.externaltools.gnu-tools-for-stm32.13.3.rel1.win32_1.0.0.202411081344/tools/bin/../lib/gcc/arm-none-eabi/13.3.1/../../../../arm-none-eabi/lib/thumb/v7e-m+dp/hard\libc_nano.a(libc_a-reallocr.o)
 .ARM.attributes