../Core/Src/main.c:116:23:med3_local	3
../Core/Src/main.c:127:23:ema_step	2
../Core/Src/main.c:132:23:ema_step_i32	2
../Core/Src/main.c:137:23:clamp_dynamic	4
../Core/Src/main.c:147:23:three_axis_jump	4
../Core/Src/main.c:168:23:median5_push_get	7
../Core/Src/main.c:185:23:post_med3_push	2
../Core/Src/main.c:197:23:slew_limit	3
../Core/Src/main.c:205:23:iabs32	1
../Core/Src/main.c:208:20:spike_filter_apply_v	27
../Core/Src/main.c:322:6:HAL_UART_TxCpltCallback	3
../Core/Src/main.c:399:6:imu_config_setting	1
../Core/Src/main.c:614:6:Read_imu1	2
../Core/Src/main.c:670:6:vTaskLogger	2
../Core/Src/main.c:726:6:Read_imu2	2
../Core/Src/main.c:782:6:Read_imu3	2
../Core/Src/main.c:836:5:main	8
../Core/Src/main.c:934:6:SystemClock_Config	4
../Core/Src/main.c:996:6:UART4_DMA_TestStart	2
../Core/Src/main.c:1013:6:MPU_Config	1
../Core/Src/main.c:1048:6:HAL_TIM_PeriodElapsedCallback	2
../Core/Src/main.c:1066:6:Error_Handler	1
