../Core/Src/main.c:119:23:med3_local	24	static
../Core/Src/main.c:130:23:ema_step	16	static
../Core/Src/main.c:135:23:ema_step_i32	56	static
../Core/Src/main.c:140:23:clamp_dynamic	24	static
../Core/Src/main.c:150:23:three_axis_jump	16	static
../Core/Src/main.c:171:23:median5_push_get	32	static
../Core/Src/main.c:188:23:post_med3_push	32	static
../Core/Src/main.c:200:23:slew_limit	24	static
../Core/Src/main.c:208:23:iabs32	16	static
../Core/Src/main.c:211:20:spike_filter_apply_v	88	static
../Core/Src/main.c:325:6:HAL_UART_TxCpltCallback	24	static,ignoring_inline_asm
../Core/Src/main.c:402:6:imu_config_setting	48	static
../Core/Src/main.c:617:6:Read_imu1	56	static
../Core/Src/main.c:673:6:vTaskLogger	312	static
../Core/Src/main.c:729:6:Read_imu2	56	static
../Core/Src/main.c:785:6:Read_imu3	56	static
../Core/Src/main.c:839:5:main	40	static,ignoring_inline_asm
../Core/Src/main.c:938:6:SystemClock_Config	120	static
../Core/Src/main.c:1000:6:UART4_DMA_TestStart	8	static
../Core/Src/main.c:1017:6:MPU_Config	24	static
../Core/Src/main.c:1052:6:HAL_TIM_PeriodElapsedCallback	16	static
../Core/Src/main.c:1070:6:Error_Handler	4	static
