../Core/Src/main.c:116:23:med3_local	24	static
../Core/Src/main.c:127:23:ema_step	16	static
../Core/Src/main.c:132:23:ema_step_i32	56	static
../Core/Src/main.c:137:23:clamp_dynamic	24	static
../Core/Src/main.c:147:23:three_axis_jump	16	static
../Core/Src/main.c:168:23:median5_push_get	32	static
../Core/Src/main.c:185:23:post_med3_push	32	static
../Core/Src/main.c:197:23:slew_limit	24	static
../Core/Src/main.c:205:23:iabs32	16	static
../Core/Src/main.c:208:20:spike_filter_apply_v	88	static
../Core/Src/main.c:322:6:HAL_UART_TxCpltCallback	24	static,ignoring_inline_asm
../Core/Src/main.c:399:6:imu_config_setting	48	static
../Core/Src/main.c:614:6:Read_imu1	56	static
../Core/Src/main.c:670:6:vTaskLogger	312	static
../Core/Src/main.c:726:6:Read_imu2	56	static
../Core/Src/main.c:782:6:Read_imu3	56	static
../Core/Src/main.c:836:5:main	40	static,ignoring_inline_asm
../Core/Src/main.c:934:6:SystemClock_Config	120	static
../Core/Src/main.c:996:6:UART4_DMA_TestStart	8	static
../Core/Src/main.c:1013:6:MPU_Config	24	static
../Core/Src/main.c:1048:6:HAL_TIM_PeriodElapsedCallback	16	static
../Core/Src/main.c:1066:6:Error_Handler	4	static
