../Core/Src/main.c:119:23:med3_local	3
../Core/Src/main.c:130:23:ema_step	2
../Core/Src/main.c:135:23:ema_step_i32	2
../Core/Src/main.c:140:23:clamp_dynamic	4
../Core/Src/main.c:150:23:three_axis_jump	4
../Core/Src/main.c:171:23:median5_push_get	7
../Core/Src/main.c:188:23:post_med3_push	2
../Core/Src/main.c:200:23:slew_limit	3
../Core/Src/main.c:208:23:iabs32	1
../Core/Src/main.c:211:20:spike_filter_apply_v	27
../Core/Src/main.c:325:6:HAL_UART_TxCpltCallback	3
../Core/Src/main.c:402:6:imu_config_setting	1
../Core/Src/main.c:617:6:Read_imu1	2
../Core/Src/main.c:673:6:vTaskLogger	2
../Core/Src/main.c:729:6:Read_imu2	2
../Core/Src/main.c:785:6:Read_imu3	2
../Core/Src/main.c:839:5:main	8
../Core/Src/main.c:938:6:SystemClock_Config	4
../Core/Src/main.c:1000:6:UART4_DMA_TestStart	2
../Core/Src/main.c:1017:6:MPU_Config	1
../Core/Src/main.c:1052:6:HAL_TIM_PeriodElapsedCallback	2
../Core/Src/main.c:1070:6:Error_Handler	1
