../Core/Src/syscalls.c:18:5:_write	32	static
../Core/Src/syscalls.c:41:6:initialise_monitor_handles	4	static
../Core/Src/syscalls.c:46:5:_getpid	4	static
../Core/Src/syscalls.c:51:5:_kill	16	static
../Core/Src/syscalls.c:59:6:_exit	16	static
../Core/Src/syscalls.c:67:5:_read	32	static
../Core/Src/syscalls.c:80:5:_close	16	static
../Core/Src/syscalls.c:86:5:_fstat	16	static
../Core/Src/syscalls.c:93:5:_isatty	16	static
../Core/Src/syscalls.c:99:5:_lseek	24	static
../Core/Src/syscalls.c:107:5:_open	12	static
../Core/Src/syscalls.c:115:5:_wait	16	static
../Core/Src/syscalls.c:122:5:_unlink	16	static
../Core/Src/syscalls.c:129:5:_stat	16	static
../Core/Src/syscalls.c:136:5:_link	16	static
../Core/Src/syscalls.c:144:5:_fork	8	static
../Core/Src/syscalls.c:150:5:_execve	24	static
