../Core/Src/main.c:228:20:dcache_clean	40	static,ignoring_inline_asm
../Core/Src/main.c:260:6:HAL_UART_ErrorCallback	24	static,ignoring_inline_asm
../Core/Src/main.c:269:13:uart1_dma_blocking	16	static
../Core/Src/main.c:301:13:dump_ai_input_csv	1096	static
../Core/Src/main.c:339:13:diag_prenorm_range	88	static
../Core/Src/main.c:358:13:diag_zbias_top5	208	static
../Core/Src/main.c:408:13:diag_imu_activity	112	static
../Core/Src/main.c:433:13:debug_tensor_fp32	72	static
../Core/Src/main.c:486:23:med3_local	24	static
../Core/Src/main.c:533:23:ema_step	16	static
../Core/Src/main.c:538:23:ema_step_i32	56	static
../Core/Src/main.c:543:23:clamp_dynamic	24	static
../Core/Src/main.c:553:23:three_axis_jump	16	static
../Core/Src/main.c:574:23:median5_push_get	32	static
../Core/Src/main.c:591:23:post_med3_push	32	static
../Core/Src/main.c:603:23:slew_limit	24	static
../Core/Src/main.c:611:23:iabs32	16	static
../Core/Src/main.c:614:20:spike_filter_apply_v	88	static
../Core/Src/main.c:750:13:print_ch_stats	80	static
../Core/Src/main.c:765:13:imu_features_reset_states	16	static
../Core/Src/main.c:774:13:compute_features_for_frame	88	static
../Core/Src/main.c:842:6:HAL_UART_TxCpltCallback	24	static,ignoring_inline_asm
../Core/Src/main.c:852:6:AI_Create	16	static
../Core/Src/main.c:864:6:AI_Init	72	static
../Core/Src/main.c:887:6:AI_Run	32	static
../Core/Src/main.c:905:6:store_current_imu_frame	24	static
../Core/Src/main.c:923:6:imu_config_setting	48	static
../Core/Src/main.c:1215:6:Read_imu1	72	static
../Core/Src/main.c:1289:6:Read_imu2	72	static
../Core/Src/main.c:1366:6:Read_imu3	72	static
../Core/Src/main.c:1414:6:imu_store	40	static
../Core/Src/main.c:1468:6:IMU_MODEL	112	static
../Core/Src/main.c:1574:6:vApplicationMallocFailedHook	16	static,ignoring_inline_asm
../Core/Src/main.c:1581:6:vApplicationStackOverflowHook	24	static,ignoring_inline_asm
../Core/Src/main.c:1593:5:main	56	static,ignoring_inline_asm
../Core/Src/main.c:1749:6:SystemClock_Config	120	static
../Core/Src/main.c:1815:6:HAL_TIM_PeriodElapsedCallback	16	static
../Core/Src/main.c:1839:6:Error_Handler	4	static,ignoring_inline_asm
