../Core/Src/main.c:225:20:dcache_clean	3
../Core/Src/main.c:232:6:HAL_UART_ErrorCallback	3
../Core/Src/main.c:242:6:HAL_UART_TxCpltCallback	3
../Core/Src/main.c:253:13:uart1_dma_blocking	4
../Core/Src/main.c:277:23:ema_step	2
../Core/Src/main.c:281:23:ema_step_i32	2
../Core/Src/main.c:285:23:clamp_dynamic	4
../Core/Src/main.c:294:23:three_axis_jump	4
../Core/Src/main.c:301:23:med3_local	3
../Core/Src/main.c:318:23:median5_push_get	7
../Core/Src/main.c:335:23:post_med3_push	2
../Core/Src/main.c:347:23:slew_limit	3
../Core/Src/main.c:355:23:iabs32	1
../Core/Src/main.c:357:20:spike_filter_apply_v	27
../Core/Src/main.c:454:6:imu_config_setting	1
../Core/Src/main.c:744:6:Read_imu1	2
../Core/Src/main.c:812:6:Read_imu2	2
../Core/Src/main.c:880:6:Read_imu3	2
../Core/Src/main.c:923:6:imu_store	14
../Core/Src/main.c:1011:6:vApplicationMallocFailedHook	1
../Core/Src/main.c:1018:6:vApplicationStackOverflowHook	2
../Core/Src/main.c:1028:6:HAL_GPIO_EXTI_Callback	6
../Core/Src/main.c:1074:5:main	17
../Core/Src/main.c:1196:6:SystemClock_Config	4
../Core/Src/main.c:1245:6:HAL_TIM_PeriodElapsedCallback	3
../Core/Src/main.c:1263:6:Error_Handler	1
