../Core/Src/main.c:125:13:diag_prenorm_range	104	static
../Core/Src/main.c:144:13:diag_zbias_top5	168	static
../Core/Src/main.c:178:13:diag_imu_activity	120	static
../Core/Src/main.c:203:13:debug_tensor_fp32	72	static
../Core/Src/main.c:256:23:med3_local	24	static
../Core/Src/main.c:303:23:ema_step	16	static
../Core/Src/main.c:308:23:ema_step_i32	56	static
../Core/Src/main.c:313:23:clamp_dynamic	24	static
../Core/Src/main.c:323:23:three_axis_jump	16	static
../Core/Src/main.c:344:23:median5_push_get	32	static
../Core/Src/main.c:361:23:post_med3_push	32	static
../Core/Src/main.c:373:23:slew_limit	24	static
../Core/Src/main.c:381:23:iabs32	16	static
../Core/Src/main.c:384:20:spike_filter_apply_v	88	static
../Core/Src/main.c:494:13:linear_resample_LC	64	static
../Core/Src/main.c:520:13:print_ch_stats	80	static
../Core/Src/main.c:531:20:dcache_clean	40	static,ignoring_inline_asm
../Core/Src/main.c:545:6:HAL_UART_TxCpltCallback	16	static
../Core/Src/main.c:562:6:AI_Create	16	static
../Core/Src/main.c:574:6:AI_Init	72	static
../Core/Src/main.c:597:6:AI_Run	32	static
../Core/Src/main.c:642:6:store_current_imu_frame	24	static
../Core/Src/main.c:656:6:imu_config_setting	48	static
../Core/Src/main.c:870:6:Read_imu1	56	static
../Core/Src/main.c:927:6:Read_imu2	56	static
../Core/Src/main.c:982:6:Read_imu3	56	static
../Core/Src/main.c:1020:6:imu_store	96	static
../Core/Src/main.c:1071:6:IMU_MODEL	80	static
../Core/Src/main.c:1143:6:vApplicationMallocFailedHook	16	static,ignoring_inline_asm
../Core/Src/main.c:1150:6:vApplicationStackOverflowHook	24	static,ignoring_inline_asm
../Core/Src/main.c:1162:5:main	56	static,ignoring_inline_asm
../Core/Src/main.c:1314:6:SystemClock_Config	120	static
../Core/Src/main.c:1384:6:HAL_TIM_PeriodElapsedCallback	16	static
../Core/Src/main.c:1408:6:Error_Handler	4	static,ignoring_inline_asm
