../Core/Src/main.c:135:6:AI_Create	3
../Core/Src/main.c:147:6:AI_Init	3
../Core/Src/main.c:172:6:AI_Run	2
../Core/Src/main.c:188:6:HAL_UART_TxCpltCallback	2
../Core/Src/main.c:235:6:store_current_imu_frame	3
../Core/Src/main.c:249:6:imu_config_setting	2
../Core/Src/main.c:305:6:Read_imu1	2
../Core/Src/main.c:357:6:Read_imu2	2
../Core/Src/main.c:408:6:Read_imu3	2
../Core/Src/main.c:448:6:imu_store	10
../Core/Src/main.c:491:6:IMU_MODEL	12
../Core/Src/main.c:559:5:main	16
../Core/Src/main.c:697:6:SystemClock_Config	4
../Core/Src/main.c:767:6:HAL_TIM_PeriodElapsedCallback	3
../Core/Src/main.c:791:6:Error_Handler	1
