../Core/Src/main.c:280:23:iabs32	1
../Core/Src/main.c:324:20:dcache_clean	3
../Core/Src/main.c:356:6:HAL_UART_ErrorCallback	3
../Core/Src/main.c:365:13:uart1_dma_blocking	4
../Core/Src/main.c:393:13:dump_ai_input_csv	12
../Core/Src/main.c:431:13:diag_prenorm_range	6
../Core/Src/main.c:450:13:diag_zbias_top5	12
../Core/Src/main.c:500:13:diag_imu_activity	7
../Core/Src/main.c:525:13:debug_tensor_fp32	2
../Core/Src/main.c:539:23:med3_local	3
../Core/Src/main.c:578:23:ema_step	2
../Core/Src/main.c:583:23:ema_step_i32	2
../Core/Src/main.c:588:23:clamp_dynamic	4
../Core/Src/main.c:598:23:three_axis_jump	4
../Core/Src/main.c:619:23:median5_push_get	7
../Core/Src/main.c:636:23:post_med3_push	2
../Core/Src/main.c:648:23:slew_limit	3
../Core/Src/main.c:657:20:spike_filter_apply_v	27
../Core/Src/main.c:793:13:print_ch_stats	4
../Core/Src/main.c:805:13:quat_normalize_c	2
../Core/Src/main.c:813:13:quat_mul_c	1
../Core/Src/main.c:824:13:euler_to_quat_c	1
../Core/Src/main.c:841:13:imu_features_reset_states	2
../Core/Src/main.c:856:13:compute_features_for_frame	8
../Core/Src/main.c:1008:6:HAL_UART_TxCpltCallback	3
../Core/Src/main.c:1018:6:AI_Create	3
../Core/Src/main.c:1030:6:AI_Init	3
../Core/Src/main.c:1053:6:AI_Run	2
../Core/Src/main.c:1069:6:store_current_imu_frame	3
../Core/Src/main.c:1109:6:imu_config_setting	1
../Core/Src/main.c:1365:6:Read_imu1	2
../Core/Src/main.c:1422:6:Read_imu2	2
../Core/Src/main.c:1478:6:Read_imu3	2
../Core/Src/main.c:1526:6:imu_store	11
../Core/Src/main.c:1584:6:IMU_MODEL	10
../Core/Src/main.c:1704:6:vApplicationMallocFailedHook	1
../Core/Src/main.c:1711:6:vApplicationStackOverflowHook	2
../Core/Src/main.c:1724:5:main	13
../Core/Src/main.c:1833:6:SystemClock_Config	4
../Core/Src/main.c:1897:6:MPU_Config	1
../Core/Src/main.c:1932:6:HAL_TIM_PeriodElapsedCallback	2
../Core/Src/main.c:1950:6:Error_Handler	1
